[0.118s] Invoking command in '/home/mo/yahboom_ws/build/yahboom_rosmaster_description': CMAKE_PREFIX_PATH=${CMAKE_PREFIX_PATH}:/opt/ros/humble /usr/bin/cmake --build /home/mo/yahboom_ws/build/yahboom_rosmaster_description -- -j4 -l4
[1.185s] Invoked command in '/home/mo/yahboom_ws/build/yahboom_rosmaster_description' returned '0': CMAKE_PREFIX_PATH=${CMAKE_PREFIX_PATH}:/opt/ros/humble /usr/bin/cmake --build /home/mo/yahboom_ws/build/yahboom_rosmaster_description -- -j4 -l4
[1.197s] Invoking command in '/home/mo/yahboom_ws/build/yahboom_rosmaster_description': CMAKE_PREFIX_PATH=${CMAKE_PREFIX_PATH}:/opt/ros/humble /usr/bin/cmake --install /home/mo/yahboom_ws/build/yahboom_rosmaster_description
[1.208s] -- Install configuration: ""
[1.209s] -- Up-to-date: /home/mo/yahboom_ws/install/yahboom_rosmaster_description/share/yahboom_rosmaster_description/config
[1.209s] -- Up-to-date: /home/mo/yahboom_ws/install/yahboom_rosmaster_description/share/yahboom_rosmaster_description/config/rosmaster_x3_2
[1.209s] -- Installing: /home/mo/yahboom_ws/install/yahboom_rosmaster_description/share/yahboom_rosmaster_description/config/rosmaster_x3_2/ros2_controllers.yaml
[1.230s] -- Up-to-date: /home/mo/yahboom_ws/install/yahboom_rosmaster_description/share/yahboom_rosmaster_description/config/rosmaster_x3_2/rosmaster_x3
[1.231s] -- Up-to-date: /home/mo/yahboom_ws/install/yahboom_rosmaster_description/share/yahboom_rosmaster_description/config/rosmaster_x3_2/rosmaster_x3/ros2_controllers.yaml
[1.231s] -- Up-to-date: /home/mo/yahboom_ws/install/yahboom_rosmaster_description/share/yahboom_rosmaster_description/config/rosmaster_x3_2/rosmaster_x3/my_ros2_controllers.yaml
[1.232s] -- Up-to-date: /home/mo/yahboom_ws/install/yahboom_rosmaster_description/share/yahboom_rosmaster_description/config/rosmaster_x3_2/rosmaster_x3/ros2_controllers_template.yaml
[1.232s] -- Installing: /home/mo/yahboom_ws/install/yahboom_rosmaster_description/share/yahboom_rosmaster_description/config/rosmaster_x3_2/my_ros2_controllers.yaml
[1.232s] -- Up-to-date: /home/mo/yahboom_ws/install/yahboom_rosmaster_description/share/yahboom_rosmaster_description/config/rosmaster_x3_2/ros2_controllers_template.yaml
[1.232s] -- Up-to-date: /home/mo/yahboom_ws/install/yahboom_rosmaster_description/share/yahboom_rosmaster_description/config/rosmaster_x3_3
[1.232s] -- Installing: /home/mo/yahboom_ws/install/yahboom_rosmaster_description/share/yahboom_rosmaster_description/config/rosmaster_x3_3/ros2_controllers.yaml
[1.252s] -- Up-to-date: /home/mo/yahboom_ws/install/yahboom_rosmaster_description/share/yahboom_rosmaster_description/config/rosmaster_x3_3/rosmaster_x3
[1.252s] -- Up-to-date: /home/mo/yahboom_ws/install/yahboom_rosmaster_description/share/yahboom_rosmaster_description/config/rosmaster_x3_3/rosmaster_x3/ros2_controllers.yaml
[1.252s] -- Up-to-date: /home/mo/yahboom_ws/install/yahboom_rosmaster_description/share/yahboom_rosmaster_description/config/rosmaster_x3_3/rosmaster_x3/my_ros2_controllers.yaml
[1.253s] -- Up-to-date: /home/mo/yahboom_ws/install/yahboom_rosmaster_description/share/yahboom_rosmaster_description/config/rosmaster_x3_3/rosmaster_x3/ros2_controllers_template.yaml
[1.253s] -- Installing: /home/mo/yahboom_ws/install/yahboom_rosmaster_description/share/yahboom_rosmaster_description/config/rosmaster_x3_3/my_ros2_controllers.yaml
[1.253s] -- Up-to-date: /home/mo/yahboom_ws/install/yahboom_rosmaster_description/share/yahboom_rosmaster_description/config/rosmaster_x3_3/ros2_controllers_template.yaml
[1.253s] -- Up-to-date: /home/mo/yahboom_ws/install/yahboom_rosmaster_description/share/yahboom_rosmaster_description/config/rosmaster_x3_1
[1.253s] -- Installing: /home/mo/yahboom_ws/install/yahboom_rosmaster_description/share/yahboom_rosmaster_description/config/rosmaster_x3_1/ros2_controllers.yaml
[1.259s] -- Up-to-date: /home/mo/yahboom_ws/install/yahboom_rosmaster_description/share/yahboom_rosmaster_description/config/rosmaster_x3_1/rosmaster_x3
[1.259s] -- Up-to-date: /home/mo/yahboom_ws/install/yahboom_rosmaster_description/share/yahboom_rosmaster_description/config/rosmaster_x3_1/rosmaster_x3/ros2_controllers.yaml
[1.259s] -- Up-to-date: /home/mo/yahboom_ws/install/yahboom_rosmaster_description/share/yahboom_rosmaster_description/config/rosmaster_x3_1/rosmaster_x3/my_ros2_controllers.yaml
[1.259s] -- Up-to-date: /home/mo/yahboom_ws/install/yahboom_rosmaster_description/share/yahboom_rosmaster_description/config/rosmaster_x3_1/rosmaster_x3/ros2_controllers_template.yaml
[1.260s] -- Installing: /home/mo/yahboom_ws/install/yahboom_rosmaster_description/share/yahboom_rosmaster_description/config/rosmaster_x3_1/my_ros2_controllers.yaml
[1.261s] -- Up-to-date: /home/mo/yahboom_ws/install/yahboom_rosmaster_description/share/yahboom_rosmaster_description/config/rosmaster_x3_1/ros2_controllers_template.yaml
[1.261s] -- Up-to-date: /home/mo/yahboom_ws/install/yahboom_rosmaster_description/share/yahboom_rosmaster_description/config/rosmaster_x3
[1.261s] -- Installing: /home/mo/yahboom_ws/install/yahboom_rosmaster_description/share/yahboom_rosmaster_description/config/rosmaster_x3/ros2_controllers.yaml
[1.276s] -- Installing: /home/mo/yahboom_ws/install/yahboom_rosmaster_description/share/yahboom_rosmaster_description/config/rosmaster_x3/my_ros2_controllers.yaml
[1.276s] -- Up-to-date: /home/mo/yahboom_ws/install/yahboom_rosmaster_description/share/yahboom_rosmaster_description/config/rosmaster_x3/ros2_controllers_template.yaml
[1.276s] -- Up-to-date: /home/mo/yahboom_ws/install/yahboom_rosmaster_description/share/yahboom_rosmaster_description/launch
[1.277s] -- Up-to-date: /home/mo/yahboom_ws/install/yahboom_rosmaster_description/share/yahboom_rosmaster_description/launch/robot_state_publisher.launch.py
[1.277s] -- Up-to-date: /home/mo/yahboom_ws/install/yahboom_rosmaster_description/share/yahboom_rosmaster_description/launch/__pycache__
[1.277s] -- Up-to-date: /home/mo/yahboom_ws/install/yahboom_rosmaster_description/share/yahboom_rosmaster_description/meshes
[1.277s] -- Up-to-date: /home/mo/yahboom_ws/install/yahboom_rosmaster_description/share/yahboom_rosmaster_description/meshes/rplidar
[1.277s] -- Up-to-date: /home/mo/yahboom_ws/install/yahboom_rosmaster_description/share/yahboom_rosmaster_description/meshes/rplidar/rplidar_s2.stl
[1.277s] -- Up-to-date: /home/mo/yahboom_ws/install/yahboom_rosmaster_description/share/yahboom_rosmaster_description/meshes/rosmaster_x3
[1.277s] -- Up-to-date: /home/mo/yahboom_ws/install/yahboom_rosmaster_description/share/yahboom_rosmaster_description/meshes/rosmaster_x3/visual
[1.277s] -- Up-to-date: /home/mo/yahboom_ws/install/yahboom_rosmaster_description/share/yahboom_rosmaster_description/meshes/rosmaster_x3/visual/back_left_wheel_X3.STL
[1.277s] -- Up-to-date: /home/mo/yahboom_ws/install/yahboom_rosmaster_description/share/yahboom_rosmaster_description/meshes/rosmaster_x3/visual/camera_link.STL
[1.278s] -- Up-to-date: /home/mo/yahboom_ws/install/yahboom_rosmaster_description/share/yahboom_rosmaster_description/meshes/rosmaster_x3/visual/base_link_X3.STL
[1.278s] -- Up-to-date: /home/mo/yahboom_ws/install/yahboom_rosmaster_description/share/yahboom_rosmaster_description/meshes/rosmaster_x3/visual/front_left_wheel_X3.STL
[1.278s] -- Up-to-date: /home/mo/yahboom_ws/install/yahboom_rosmaster_description/share/yahboom_rosmaster_description/meshes/rosmaster_x3/visual/back_right_wheel_X3.STL
[1.278s] -- Up-to-date: /home/mo/yahboom_ws/install/yahboom_rosmaster_description/share/yahboom_rosmaster_description/meshes/rosmaster_x3/visual/front_right_wheel_X3.STL
[1.278s] -- Up-to-date: /home/mo/yahboom_ws/install/yahboom_rosmaster_description/share/yahboom_rosmaster_description/meshes/rosmaster_x3/visual/laser_link.STL
[1.279s] -- Up-to-date: /home/mo/yahboom_ws/install/yahboom_rosmaster_description/share/yahboom_rosmaster_description/meshes/intel_realsense
[1.280s] -- Up-to-date: /home/mo/yahboom_ws/install/yahboom_rosmaster_description/share/yahboom_rosmaster_description/meshes/intel_realsense/visual
[1.280s] -- Up-to-date: /home/mo/yahboom_ws/install/yahboom_rosmaster_description/share/yahboom_rosmaster_description/meshes/intel_realsense/visual/d435.stl
[1.280s] -- Up-to-date: /home/mo/yahboom_ws/install/yahboom_rosmaster_description/share/yahboom_rosmaster_description/urdf
[1.281s] -- Up-to-date: /home/mo/yahboom_ws/install/yahboom_rosmaster_description/share/yahboom_rosmaster_description/urdf/robots
[1.281s] -- Up-to-date: /home/mo/yahboom_ws/install/yahboom_rosmaster_description/share/yahboom_rosmaster_description/urdf/robots/rosmaster_x3.urdf.xacro
[1.281s] -- Up-to-date: /home/mo/yahboom_ws/install/yahboom_rosmaster_description/share/yahboom_rosmaster_description/urdf/sensors
[1.281s] -- Up-to-date: /home/mo/yahboom_ws/install/yahboom_rosmaster_description/share/yahboom_rosmaster_description/urdf/sensors/imu.urdf.xacro
[1.281s] -- Up-to-date: /home/mo/yahboom_ws/install/yahboom_rosmaster_description/share/yahboom_rosmaster_description/urdf/sensors/lidar.urdf.xacro
[1.281s] -- Up-to-date: /home/mo/yahboom_ws/install/yahboom_rosmaster_description/share/yahboom_rosmaster_description/urdf/sensors/rgbd_camera.urdf.xacro
[1.281s] -- Up-to-date: /home/mo/yahboom_ws/install/yahboom_rosmaster_description/share/yahboom_rosmaster_description/urdf/control
[1.281s] -- Up-to-date: /home/mo/yahboom_ws/install/yahboom_rosmaster_description/share/yahboom_rosmaster_description/urdf/control/gazebo_sim_ros2_control.urdf.xacro
[1.281s] -- Up-to-date: /home/mo/yahboom_ws/install/yahboom_rosmaster_description/share/yahboom_rosmaster_description/urdf/control/rosmaster_x3_ros2_control.urdf.xacro
[1.281s] -- Up-to-date: /home/mo/yahboom_ws/install/yahboom_rosmaster_description/share/yahboom_rosmaster_description/urdf/control/velocity_control_plugin.urdf.xacro
[1.281s] -- Up-to-date: /home/mo/yahboom_ws/install/yahboom_rosmaster_description/share/yahboom_rosmaster_description/urdf/mech
[1.281s] -- Up-to-date: /home/mo/yahboom_ws/install/yahboom_rosmaster_description/share/yahboom_rosmaster_description/urdf/mech/rosmaster_x3_base.urdf.xacro
[1.282s] -- Up-to-date: /home/mo/yahboom_ws/install/yahboom_rosmaster_description/share/yahboom_rosmaster_description/urdf/mech/mecanum_wheel.urdf.xacro
[1.282s] -- Up-to-date: /home/mo/yahboom_ws/install/yahboom_rosmaster_description/share/yahboom_rosmaster_description/rviz
[1.282s] -- Up-to-date: /home/mo/yahboom_ws/install/yahboom_rosmaster_description/share/yahboom_rosmaster_description/rviz/yahboom_rosmaster_description.rviz
[1.282s] -- Up-to-date: /home/mo/yahboom_ws/install/yahboom_rosmaster_description/share/ament_index/resource_index/package_run_dependencies/yahboom_rosmaster_description
[1.282s] -- Up-to-date: /home/mo/yahboom_ws/install/yahboom_rosmaster_description/share/ament_index/resource_index/parent_prefix_path/yahboom_rosmaster_description
[1.282s] -- Up-to-date: /home/mo/yahboom_ws/install/yahboom_rosmaster_description/share/yahboom_rosmaster_description/environment/ament_prefix_path.sh
[1.283s] -- Up-to-date: /home/mo/yahboom_ws/install/yahboom_rosmaster_description/share/yahboom_rosmaster_description/environment/ament_prefix_path.dsv
[1.284s] -- Up-to-date: /home/mo/yahboom_ws/install/yahboom_rosmaster_description/share/yahboom_rosmaster_description/environment/path.sh
[1.284s] -- Up-to-date: /home/mo/yahboom_ws/install/yahboom_rosmaster_description/share/yahboom_rosmaster_description/environment/path.dsv
[1.284s] -- Up-to-date: /home/mo/yahboom_ws/install/yahboom_rosmaster_description/share/yahboom_rosmaster_description/local_setup.bash
[1.284s] -- Up-to-date: /home/mo/yahboom_ws/install/yahboom_rosmaster_description/share/yahboom_rosmaster_description/local_setup.sh
[1.285s] -- Up-to-date: /home/mo/yahboom_ws/install/yahboom_rosmaster_description/share/yahboom_rosmaster_description/local_setup.zsh
[1.285s] -- Up-to-date: /home/mo/yahboom_ws/install/yahboom_rosmaster_description/share/yahboom_rosmaster_description/local_setup.dsv
[1.285s] -- Installing: /home/mo/yahboom_ws/install/yahboom_rosmaster_description/share/yahboom_rosmaster_description/package.dsv
[1.285s] -- Up-to-date: /home/mo/yahboom_ws/install/yahboom_rosmaster_description/share/ament_index/resource_index/packages/yahboom_rosmaster_description
[1.285s] -- Up-to-date: /home/mo/yahboom_ws/install/yahboom_rosmaster_description/share/yahboom_rosmaster_description/cmake/yahboom_rosmaster_descriptionConfig.cmake
[1.287s] -- Up-to-date: /home/mo/yahboom_ws/install/yahboom_rosmaster_description/share/yahboom_rosmaster_description/cmake/yahboom_rosmaster_descriptionConfig-version.cmake
[1.287s] -- Up-to-date: /home/mo/yahboom_ws/install/yahboom_rosmaster_description/share/yahboom_rosmaster_description/package.xml
[1.288s] Invoked command in '/home/mo/yahboom_ws/build/yahboom_rosmaster_description' returned '0': CMAKE_PREFIX_PATH=${CMAKE_PREFIX_PATH}:/opt/ros/humble /usr/bin/cmake --install /home/mo/yahboom_ws/build/yahboom_rosmaster_description
