[0.040s] Invoking command in '/home/mo/yahboom_ws/build/yahboom_rosmaster_bringup': CMAKE_PREFIX_PATH=${CMAKE_PREFIX_PATH}:/opt/ros/humble /usr/bin/cmake --build /home/mo/yahboom_ws/build/yahboom_rosmaster_bringup -- -j4 -l4
[0.145s] Invoked command in '/home/mo/yahboom_ws/build/yahboom_rosmaster_bringup' returned '0': CMAKE_PREFIX_PATH=${CMAKE_PREFIX_PATH}:/opt/ros/humble /usr/bin/cmake --build /home/mo/yahboom_ws/build/yahboom_rosmaster_bringup -- -j4 -l4
[0.197s] Invoking command in '/home/mo/yahboom_ws/build/yahboom_rosmaster_bringup': CMAKE_PREFIX_PATH=${CMAKE_PREFIX_PATH}:/opt/ros/humble /usr/bin/cmake --install /home/mo/yahboom_ws/build/yahboom_rosmaster_bringup
[0.228s] -- Install configuration: ""
[0.228s] -- Up-to-date: /home/mo/yahboom_ws/install/yahboom_rosmaster_bringup/share/yahboom_rosmaster_bringup/launch
[0.229s] -- Up-to-date: /home/mo/yahboom_ws/install/yahboom_rosmaster_bringup/share/yahboom_rosmaster_bringup/launch/rosmaster_x3_navigation.launch.py
[0.229s] -- Up-to-date: /home/mo/yahboom_ws/install/yahboom_rosmaster_bringup/share/yahboom_rosmaster_bringup/launch/__pycache__
[0.230s] -- Up-to-date: /home/mo/yahboom_ws/install/yahboom_rosmaster_bringup/share/yahboom_rosmaster_bringup/launch/load_ros2_controllers.launch.py
[0.230s] -- Up-to-date: /home/mo/yahboom_ws/install/yahboom_rosmaster_bringup/share/yahboom_rosmaster_bringup/scripts
[0.231s] -- Installing: /home/mo/yahboom_ws/install/yahboom_rosmaster_bringup/share/yahboom_rosmaster_bringup/scripts/rosmaster_x3_navigation.sh
[0.232s] -- Up-to-date: /home/mo/yahboom_ws/install/yahboom_rosmaster_bringup/share/yahboom_rosmaster_bringup/scripts/rosmaster_x3_gazebo.sh
[0.233s] -- Up-to-date: /home/mo/yahboom_ws/install/yahboom_rosmaster_bringup/share/ament_index/resource_index/package_run_dependencies/yahboom_rosmaster_bringup
[0.234s] -- Up-to-date: /home/mo/yahboom_ws/install/yahboom_rosmaster_bringup/share/ament_index/resource_index/parent_prefix_path/yahboom_rosmaster_bringup
[0.235s] -- Up-to-date: /home/mo/yahboom_ws/install/yahboom_rosmaster_bringup/share/yahboom_rosmaster_bringup/environment/ament_prefix_path.sh
[0.235s] -- Up-to-date: /home/mo/yahboom_ws/install/yahboom_rosmaster_bringup/share/yahboom_rosmaster_bringup/environment/ament_prefix_path.dsv
[0.235s] -- Up-to-date: /home/mo/yahboom_ws/install/yahboom_rosmaster_bringup/share/yahboom_rosmaster_bringup/environment/path.sh
[0.235s] -- Up-to-date: /home/mo/yahboom_ws/install/yahboom_rosmaster_bringup/share/yahboom_rosmaster_bringup/environment/path.dsv
[0.236s] -- Up-to-date: /home/mo/yahboom_ws/install/yahboom_rosmaster_bringup/share/yahboom_rosmaster_bringup/local_setup.bash
[0.236s] -- Up-to-date: /home/mo/yahboom_ws/install/yahboom_rosmaster_bringup/share/yahboom_rosmaster_bringup/local_setup.sh
[0.236s] -- Up-to-date: /home/mo/yahboom_ws/install/yahboom_rosmaster_bringup/share/yahboom_rosmaster_bringup/local_setup.zsh
[0.236s] -- Up-to-date: /home/mo/yahboom_ws/install/yahboom_rosmaster_bringup/share/yahboom_rosmaster_bringup/local_setup.dsv
[0.236s] -- Installing: /home/mo/yahboom_ws/install/yahboom_rosmaster_bringup/share/yahboom_rosmaster_bringup/package.dsv
[0.240s] -- Up-to-date: /home/mo/yahboom_ws/install/yahboom_rosmaster_bringup/share/ament_index/resource_index/packages/yahboom_rosmaster_bringup
[0.243s] -- Up-to-date: /home/mo/yahboom_ws/install/yahboom_rosmaster_bringup/share/yahboom_rosmaster_bringup/cmake/yahboom_rosmaster_bringupConfig.cmake
[0.244s] -- Up-to-date: /home/mo/yahboom_ws/install/yahboom_rosmaster_bringup/share/yahboom_rosmaster_bringup/cmake/yahboom_rosmaster_bringupConfig-version.cmake
[0.250s] -- Up-to-date: /home/mo/yahboom_ws/install/yahboom_rosmaster_bringup/share/yahboom_rosmaster_bringup/package.xml
[0.269s] Invoked command in '/home/mo/yahboom_ws/build/yahboom_rosmaster_bringup' returned '0': CMAKE_PREFIX_PATH=${CMAKE_PREFIX_PATH}:/opt/ros/humble /usr/bin/cmake --install /home/mo/yahboom_ws/build/yahboom_rosmaster_bringup
