[0.096s] Invoking command in '/home/mo/yahboom_ws/build/yahboom_rosmaster_navigation': CMAKE_PREFIX_PATH=${CMAKE_PREFIX_PATH}:/opt/ros/humble /usr/bin/cmake --build /home/mo/yahboom_ws/build/yahboom_rosmaster_navigation -- -j4 -l4
[0.829s] [100%] Built target cmd_vel_relay
[0.928s] [100%] Built target ament_cmake_python_copy_yahboom_rosmaster_navigation
[1.261s] running egg_info
[1.262s] writing yahboom_rosmaster_navigation.egg-info/PKG-INFO
[1.262s] writing dependency_links to yahboom_rosmaster_navigation.egg-info/dependency_links.txt
[1.262s] writing top-level names to yahboom_rosmaster_navigation.egg-info/top_level.txt
[1.264s] reading manifest file 'yahboom_rosmaster_navigation.egg-info/SOURCES.txt'
[1.298s] writing manifest file 'yahboom_rosmaster_navigation.egg-info/SOURCES.txt'
[1.330s] [100%] Built target ament_cmake_python_build_yahboom_rosmaster_navigation_egg
[1.343s] Invoked command in '/home/mo/yahboom_ws/build/yahboom_rosmaster_navigation' returned '0': CMAKE_PREFIX_PATH=${CMAKE_PREFIX_PATH}:/opt/ros/humble /usr/bin/cmake --build /home/mo/yahboom_ws/build/yahboom_rosmaster_navigation -- -j4 -l4
[1.424s] Invoking command in '/home/mo/yahboom_ws/build/yahboom_rosmaster_navigation': CMAKE_PREFIX_PATH=${CMAKE_PREFIX_PATH}:/opt/ros/humble /usr/bin/cmake --install /home/mo/yahboom_ws/build/yahboom_rosmaster_navigation
[1.440s] -- Install configuration: ""
[1.440s] -- Up-to-date: /home/mo/yahboom_ws/install/yahboom_rosmaster_navigation/lib/yahboom_rosmaster_navigation/cmd_vel_relay
[1.441s] -- Up-to-date: /home/mo/yahboom_ws/install/yahboom_rosmaster_navigation/share/yahboom_rosmaster_navigation/config
[1.441s] -- Up-to-date: /home/mo/yahboom_ws/install/yahboom_rosmaster_navigation/share/yahboom_rosmaster_navigation/config/rosmaster_x3_nav2_default_params.yaml
[1.441s] -- Up-to-date: /home/mo/yahboom_ws/install/yahboom_rosmaster_navigation/share/yahboom_rosmaster_navigation/config/dock_database.yaml
[1.441s] -- Up-to-date: /home/mo/yahboom_ws/install/yahboom_rosmaster_navigation/share/yahboom_rosmaster_navigation/config/rosmaster_x3_nav2_regulated_pure_pursuit_controller.yaml
[1.442s] -- Up-to-date: /home/mo/yahboom_ws/install/yahboom_rosmaster_navigation/share/yahboom_rosmaster_navigation/maps
[1.442s] -- Up-to-date: /home/mo/yahboom_ws/install/yahboom_rosmaster_navigation/share/yahboom_rosmaster_navigation/maps/cafe_world_map.yaml
[1.442s] -- Up-to-date: /home/mo/yahboom_ws/install/yahboom_rosmaster_navigation/share/yahboom_rosmaster_navigation/maps/current_live_map.png
[1.442s] -- Up-to-date: /home/mo/yahboom_ws/install/yahboom_rosmaster_navigation/share/yahboom_rosmaster_navigation/maps/current_live_map.pgm
[1.442s] -- Up-to-date: /home/mo/yahboom_ws/install/yahboom_rosmaster_navigation/share/yahboom_rosmaster_navigation/maps/current_live_map.yaml
[1.442s] -- Up-to-date: /home/mo/yahboom_ws/install/yahboom_rosmaster_navigation/share/yahboom_rosmaster_navigation/maps/cafe_world_map.pgm
[1.443s] -- Up-to-date: /home/mo/yahboom_ws/install/yahboom_rosmaster_navigation/share/yahboom_rosmaster_navigation/maps/house_world_map.pgm
[1.443s] -- Up-to-date: /home/mo/yahboom_ws/install/yahboom_rosmaster_navigation/share/yahboom_rosmaster_navigation/maps/temp_world_map.png
[1.443s] -- Up-to-date: /home/mo/yahboom_ws/install/yahboom_rosmaster_navigation/share/yahboom_rosmaster_navigation/maps/house_world_map.yaml
[1.443s] -- Up-to-date: /home/mo/yahboom_ws/install/yahboom_rosmaster_navigation/share/yahboom_rosmaster_navigation/maps/temp_world_map.yaml
[1.443s] -- Up-to-date: /home/mo/yahboom_ws/install/yahboom_rosmaster_navigation/share/yahboom_rosmaster_navigation/maps/temp_world_map.pgm
[1.443s] -- Up-to-date: /home/mo/yahboom_ws/install/yahboom_rosmaster_navigation/share/yahboom_rosmaster_navigation/rviz
[1.443s] -- Up-to-date: /home/mo/yahboom_ws/install/yahboom_rosmaster_navigation/share/yahboom_rosmaster_navigation/rviz/nav2_default_view.rviz
[1.443s] -- Up-to-date: /home/mo/yahboom_ws/install/yahboom_rosmaster_navigation/share/yahboom_rosmaster_navigation/rviz/slam_live_view.rviz
[1.443s] -- Up-to-date: /home/mo/yahboom_ws/install/yahboom_rosmaster_navigation/share/yahboom_rosmaster_navigation/environment/pythonpath.sh
[1.443s] -- Up-to-date: /home/mo/yahboom_ws/install/yahboom_rosmaster_navigation/share/yahboom_rosmaster_navigation/environment/pythonpath.dsv
[1.443s] -- Up-to-date: /home/mo/yahboom_ws/install/yahboom_rosmaster_navigation/local/lib/python3.10/dist-packages/yahboom_rosmaster_navigation-0.0.0-py3.10.egg-info
[1.443s] -- Installing: /home/mo/yahboom_ws/install/yahboom_rosmaster_navigation/local/lib/python3.10/dist-packages/yahboom_rosmaster_navigation-0.0.0-py3.10.egg-info/SOURCES.txt
[1.443s] -- Installing: /home/mo/yahboom_ws/install/yahboom_rosmaster_navigation/local/lib/python3.10/dist-packages/yahboom_rosmaster_navigation-0.0.0-py3.10.egg-info/dependency_links.txt
[1.443s] -- Installing: /home/mo/yahboom_ws/install/yahboom_rosmaster_navigation/local/lib/python3.10/dist-packages/yahboom_rosmaster_navigation-0.0.0-py3.10.egg-info/PKG-INFO
[1.443s] -- Installing: /home/mo/yahboom_ws/install/yahboom_rosmaster_navigation/local/lib/python3.10/dist-packages/yahboom_rosmaster_navigation-0.0.0-py3.10.egg-info/top_level.txt
[1.444s] -- Up-to-date: /home/mo/yahboom_ws/install/yahboom_rosmaster_navigation/local/lib/python3.10/dist-packages/yahboom_rosmaster_navigation
[1.444s] -- Up-to-date: /home/mo/yahboom_ws/install/yahboom_rosmaster_navigation/local/lib/python3.10/dist-packages/yahboom_rosmaster_navigation/__init__.py
[1.444s] -- Up-to-date: /home/mo/yahboom_ws/install/yahboom_rosmaster_navigation/local/lib/python3.10/dist-packages/yahboom_rosmaster_navigation/posestamped_msg_generator.py
[1.476s] Listing '/home/mo/yahboom_ws/install/yahboom_rosmaster_navigation/local/lib/python3.10/dist-packages/yahboom_rosmaster_navigation'...
[1.481s] -- Up-to-date: /home/mo/yahboom_ws/install/yahboom_rosmaster_navigation/lib/yahboom_rosmaster_navigation/assisted_teleoperation.py
[1.481s] -- Up-to-date: /home/mo/yahboom_ws/install/yahboom_rosmaster_navigation/lib/yahboom_rosmaster_navigation/frontier_explorer.py
[1.481s] -- Up-to-date: /home/mo/yahboom_ws/install/yahboom_rosmaster_navigation/lib/yahboom_rosmaster_navigation/nav_to_pose.py
[1.481s] -- Up-to-date: /home/mo/yahboom_ws/install/yahboom_rosmaster_navigation/lib/yahboom_rosmaster_navigation/test_nav_to_pose.py
[1.482s] -- Up-to-date: /home/mo/yahboom_ws/install/yahboom_rosmaster_navigation/share/ament_index/resource_index/package_run_dependencies/yahboom_rosmaster_navigation
[1.482s] -- Up-to-date: /home/mo/yahboom_ws/install/yahboom_rosmaster_navigation/share/ament_index/resource_index/parent_prefix_path/yahboom_rosmaster_navigation
[1.482s] -- Up-to-date: /home/mo/yahboom_ws/install/yahboom_rosmaster_navigation/share/yahboom_rosmaster_navigation/environment/ament_prefix_path.sh
[1.482s] -- Up-to-date: /home/mo/yahboom_ws/install/yahboom_rosmaster_navigation/share/yahboom_rosmaster_navigation/environment/ament_prefix_path.dsv
[1.482s] -- Up-to-date: /home/mo/yahboom_ws/install/yahboom_rosmaster_navigation/share/yahboom_rosmaster_navigation/environment/path.sh
[1.482s] -- Up-to-date: /home/mo/yahboom_ws/install/yahboom_rosmaster_navigation/share/yahboom_rosmaster_navigation/environment/path.dsv
[1.482s] -- Up-to-date: /home/mo/yahboom_ws/install/yahboom_rosmaster_navigation/share/yahboom_rosmaster_navigation/local_setup.bash
[1.484s] -- Up-to-date: /home/mo/yahboom_ws/install/yahboom_rosmaster_navigation/share/yahboom_rosmaster_navigation/local_setup.sh
[1.484s] -- Up-to-date: /home/mo/yahboom_ws/install/yahboom_rosmaster_navigation/share/yahboom_rosmaster_navigation/local_setup.zsh
[1.484s] -- Up-to-date: /home/mo/yahboom_ws/install/yahboom_rosmaster_navigation/share/yahboom_rosmaster_navigation/local_setup.dsv
[1.484s] -- Installing: /home/mo/yahboom_ws/install/yahboom_rosmaster_navigation/share/yahboom_rosmaster_navigation/package.dsv
[1.484s] -- Up-to-date: /home/mo/yahboom_ws/install/yahboom_rosmaster_navigation/share/ament_index/resource_index/packages/yahboom_rosmaster_navigation
[1.484s] -- Up-to-date: /home/mo/yahboom_ws/install/yahboom_rosmaster_navigation/share/yahboom_rosmaster_navigation/cmake/yahboom_rosmaster_navigationConfig.cmake
[1.484s] -- Up-to-date: /home/mo/yahboom_ws/install/yahboom_rosmaster_navigation/share/yahboom_rosmaster_navigation/cmake/yahboom_rosmaster_navigationConfig-version.cmake
[1.484s] -- Up-to-date: /home/mo/yahboom_ws/install/yahboom_rosmaster_navigation/share/yahboom_rosmaster_navigation/package.xml
[1.489s] Invoked command in '/home/mo/yahboom_ws/build/yahboom_rosmaster_navigation' returned '0': CMAKE_PREFIX_PATH=${CMAKE_PREFIX_PATH}:/opt/ros/humble /usr/bin/cmake --install /home/mo/yahboom_ws/build/yahboom_rosmaster_navigation
