[0.154s] Invoking command in '/home/mo/yahboom_ws/build/yahboom_rosmaster_navigation': CMAKE_PREFIX_PATH=${CMAKE_PREFIX_PATH}:/opt/ros/humble /usr/bin/cmake --build /home/mo/yahboom_ws/build/yahboom_rosmaster_navigation -- -j4 -l4
[2.117s] [100%] Built target cmd_vel_relay
[2.184s] [100%] Built target ament_cmake_python_copy_yahboom_rosmaster_navigation
[2.724s] running egg_info
[2.725s] writing yahboom_rosmaster_navigation.egg-info/PKG-INFO
[2.725s] writing dependency_links to yahboom_rosmaster_navigation.egg-info/dependency_links.txt
[2.726s] writing top-level names to yahboom_rosmaster_navigation.egg-info/top_level.txt
[2.757s] reading manifest file 'yahboom_rosmaster_navigation.egg-info/SOURCES.txt'
[2.769s] writing manifest file 'yahboom_rosmaster_navigation.egg-info/SOURCES.txt'
[2.820s] [100%] Built target ament_cmake_python_build_yahboom_rosmaster_navigation_egg
[2.836s] Invoked command in '/home/mo/yahboom_ws/build/yahboom_rosmaster_navigation' returned '0': CMAKE_PREFIX_PATH=${CMAKE_PREFIX_PATH}:/opt/ros/humble /usr/bin/cmake --build /home/mo/yahboom_ws/build/yahboom_rosmaster_navigation -- -j4 -l4
[2.901s] Invoking command in '/home/mo/yahboom_ws/build/yahboom_rosmaster_navigation': CMAKE_PREFIX_PATH=${CMAKE_PREFIX_PATH}:/opt/ros/humble /usr/bin/cmake --install /home/mo/yahboom_ws/build/yahboom_rosmaster_navigation
[2.921s] -- Install configuration: ""
[2.958s] -- Up-to-date: /home/mo/yahboom_ws/install/yahboom_rosmaster_navigation/lib/yahboom_rosmaster_navigation/cmd_vel_relay
[2.959s] -- Up-to-date: /home/mo/yahboom_ws/install/yahboom_rosmaster_navigation/share/yahboom_rosmaster_navigation/config
[2.959s] -- Installing: /home/mo/yahboom_ws/install/yahboom_rosmaster_navigation/share/yahboom_rosmaster_navigation/config/rosmaster_x3_nav2_default_params.yaml
[2.978s] -- Up-to-date: /home/mo/yahboom_ws/install/yahboom_rosmaster_navigation/share/yahboom_rosmaster_navigation/config/dock_database.yaml
[2.978s] -- Up-to-date: /home/mo/yahboom_ws/install/yahboom_rosmaster_navigation/share/yahboom_rosmaster_navigation/config/rosmaster_x3_nav2_regulated_pure_pursuit_controller.yaml
[2.978s] -- Up-to-date: /home/mo/yahboom_ws/install/yahboom_rosmaster_navigation/share/yahboom_rosmaster_navigation/maps
[2.978s] -- Up-to-date: /home/mo/yahboom_ws/install/yahboom_rosmaster_navigation/share/yahboom_rosmaster_navigation/maps/cafe_world_map.yaml
[2.978s] -- Up-to-date: /home/mo/yahboom_ws/install/yahboom_rosmaster_navigation/share/yahboom_rosmaster_navigation/maps/current_live_map.png
[2.989s] -- Up-to-date: /home/mo/yahboom_ws/install/yahboom_rosmaster_navigation/share/yahboom_rosmaster_navigation/maps/current_live_map.pgm
[2.990s] -- Up-to-date: /home/mo/yahboom_ws/install/yahboom_rosmaster_navigation/share/yahboom_rosmaster_navigation/maps/current_live_map.yaml
[2.990s] -- Up-to-date: /home/mo/yahboom_ws/install/yahboom_rosmaster_navigation/share/yahboom_rosmaster_navigation/maps/cafe_world_map.pgm
[2.990s] -- Up-to-date: /home/mo/yahboom_ws/install/yahboom_rosmaster_navigation/share/yahboom_rosmaster_navigation/maps/house_world_map.pgm
[2.990s] -- Up-to-date: /home/mo/yahboom_ws/install/yahboom_rosmaster_navigation/share/yahboom_rosmaster_navigation/maps/temp_world_map.png
[2.991s] -- Up-to-date: /home/mo/yahboom_ws/install/yahboom_rosmaster_navigation/share/yahboom_rosmaster_navigation/maps/house_world_map.yaml
[2.991s] -- Up-to-date: /home/mo/yahboom_ws/install/yahboom_rosmaster_navigation/share/yahboom_rosmaster_navigation/maps/temp_world_map.yaml
[2.991s] -- Up-to-date: /home/mo/yahboom_ws/install/yahboom_rosmaster_navigation/share/yahboom_rosmaster_navigation/maps/temp_world_map.pgm
[2.991s] -- Up-to-date: /home/mo/yahboom_ws/install/yahboom_rosmaster_navigation/share/yahboom_rosmaster_navigation/rviz
[2.991s] -- Installing: /home/mo/yahboom_ws/install/yahboom_rosmaster_navigation/share/yahboom_rosmaster_navigation/rviz/nav2_default_view.rviz
[3.013s] -- Up-to-date: /home/mo/yahboom_ws/install/yahboom_rosmaster_navigation/share/yahboom_rosmaster_navigation/rviz/slam_live_view.rviz
[3.014s] -- Up-to-date: /home/mo/yahboom_ws/install/yahboom_rosmaster_navigation/share/yahboom_rosmaster_navigation/environment/pythonpath.sh
[3.017s] -- Up-to-date: /home/mo/yahboom_ws/install/yahboom_rosmaster_navigation/share/yahboom_rosmaster_navigation/environment/pythonpath.dsv
[3.017s] -- Up-to-date: /home/mo/yahboom_ws/install/yahboom_rosmaster_navigation/local/lib/python3.10/dist-packages/yahboom_rosmaster_navigation-0.0.0-py3.10.egg-info
[3.017s] -- Installing: /home/mo/yahboom_ws/install/yahboom_rosmaster_navigation/local/lib/python3.10/dist-packages/yahboom_rosmaster_navigation-0.0.0-py3.10.egg-info/SOURCES.txt
[3.017s] -- Installing: /home/mo/yahboom_ws/install/yahboom_rosmaster_navigation/local/lib/python3.10/dist-packages/yahboom_rosmaster_navigation-0.0.0-py3.10.egg-info/dependency_links.txt
[3.017s] -- Installing: /home/mo/yahboom_ws/install/yahboom_rosmaster_navigation/local/lib/python3.10/dist-packages/yahboom_rosmaster_navigation-0.0.0-py3.10.egg-info/PKG-INFO
[3.017s] -- Installing: /home/mo/yahboom_ws/install/yahboom_rosmaster_navigation/local/lib/python3.10/dist-packages/yahboom_rosmaster_navigation-0.0.0-py3.10.egg-info/top_level.txt
[3.017s] -- Up-to-date: /home/mo/yahboom_ws/install/yahboom_rosmaster_navigation/local/lib/python3.10/dist-packages/yahboom_rosmaster_navigation
[3.017s] -- Up-to-date: /home/mo/yahboom_ws/install/yahboom_rosmaster_navigation/local/lib/python3.10/dist-packages/yahboom_rosmaster_navigation/__init__.py
[3.017s] -- Up-to-date: /home/mo/yahboom_ws/install/yahboom_rosmaster_navigation/local/lib/python3.10/dist-packages/yahboom_rosmaster_navigation/posestamped_msg_generator.py
[3.127s] Listing '/home/mo/yahboom_ws/install/yahboom_rosmaster_navigation/local/lib/python3.10/dist-packages/yahboom_rosmaster_navigation'...
[3.131s] -- Up-to-date: /home/mo/yahboom_ws/install/yahboom_rosmaster_navigation/lib/yahboom_rosmaster_navigation/assisted_teleoperation.py
[3.132s] -- Up-to-date: /home/mo/yahboom_ws/install/yahboom_rosmaster_navigation/lib/yahboom_rosmaster_navigation/frontier_explorer.py
[3.132s] -- Up-to-date: /home/mo/yahboom_ws/install/yahboom_rosmaster_navigation/lib/yahboom_rosmaster_navigation/nav_to_pose.py
[3.132s] -- Up-to-date: /home/mo/yahboom_ws/install/yahboom_rosmaster_navigation/lib/yahboom_rosmaster_navigation/test_nav_to_pose.py
[3.132s] -- Up-to-date: /home/mo/yahboom_ws/install/yahboom_rosmaster_navigation/share/ament_index/resource_index/package_run_dependencies/yahboom_rosmaster_navigation
[3.132s] -- Up-to-date: /home/mo/yahboom_ws/install/yahboom_rosmaster_navigation/share/ament_index/resource_index/parent_prefix_path/yahboom_rosmaster_navigation
[3.132s] -- Up-to-date: /home/mo/yahboom_ws/install/yahboom_rosmaster_navigation/share/yahboom_rosmaster_navigation/environment/ament_prefix_path.sh
[3.132s] -- Up-to-date: /home/mo/yahboom_ws/install/yahboom_rosmaster_navigation/share/yahboom_rosmaster_navigation/environment/ament_prefix_path.dsv
[3.132s] -- Up-to-date: /home/mo/yahboom_ws/install/yahboom_rosmaster_navigation/share/yahboom_rosmaster_navigation/environment/path.sh
[3.132s] -- Up-to-date: /home/mo/yahboom_ws/install/yahboom_rosmaster_navigation/share/yahboom_rosmaster_navigation/environment/path.dsv
[3.133s] -- Up-to-date: /home/mo/yahboom_ws/install/yahboom_rosmaster_navigation/share/yahboom_rosmaster_navigation/local_setup.bash
[3.133s] -- Up-to-date: /home/mo/yahboom_ws/install/yahboom_rosmaster_navigation/share/yahboom_rosmaster_navigation/local_setup.sh
[3.133s] -- Up-to-date: /home/mo/yahboom_ws/install/yahboom_rosmaster_navigation/share/yahboom_rosmaster_navigation/local_setup.zsh
[3.133s] -- Up-to-date: /home/mo/yahboom_ws/install/yahboom_rosmaster_navigation/share/yahboom_rosmaster_navigation/local_setup.dsv
[3.133s] -- Installing: /home/mo/yahboom_ws/install/yahboom_rosmaster_navigation/share/yahboom_rosmaster_navigation/package.dsv
[3.133s] -- Up-to-date: /home/mo/yahboom_ws/install/yahboom_rosmaster_navigation/share/ament_index/resource_index/packages/yahboom_rosmaster_navigation
[3.133s] -- Up-to-date: /home/mo/yahboom_ws/install/yahboom_rosmaster_navigation/share/yahboom_rosmaster_navigation/cmake/yahboom_rosmaster_navigationConfig.cmake
[3.134s] -- Up-to-date: /home/mo/yahboom_ws/install/yahboom_rosmaster_navigation/share/yahboom_rosmaster_navigation/cmake/yahboom_rosmaster_navigationConfig-version.cmake
[3.134s] -- Up-to-date: /home/mo/yahboom_ws/install/yahboom_rosmaster_navigation/share/yahboom_rosmaster_navigation/package.xml
[3.135s] Invoked command in '/home/mo/yahboom_ws/build/yahboom_rosmaster_navigation' returned '0': CMAKE_PREFIX_PATH=${CMAKE_PREFIX_PATH}:/opt/ros/humble /usr/bin/cmake --install /home/mo/yahboom_ws/build/yahboom_rosmaster_navigation
