[0.018s] Invoking command in '/home/mo/yahboom_ws/build/yahboom_rosmaster': AMENT_PREFIX_PATH=/home/mo/yahboom_ws/install/yahboom_rosmaster_docking:${AMENT_PREFIX_PATH} CMAKE_PREFIX_PATH=/home/mo/yahboom_ws/install/yahboom_rosmaster_system_tests:/home/mo/yahboom_ws/install/yahboom_rosmaster_navigation:/home/mo/yahboom_ws/install/yahboom_rosmaster_msgs:/home/mo/yahboom_ws/install/yahboom_rosmaster_localization:/home/mo/yahboom_ws/install/yahboom_rosmaster_gazebo:/home/mo/yahboom_ws/install/yahboom_rosmaster_docking:/home/mo/yahboom_ws/install/yahboom_rosmaster_description:/home/mo/yahboom_ws/install/yahboom_rosmaster_bringup:/home/mo/yahboom_ws/install/yahboom_rosmaster:/home/mo/yahboom_ws/install/mecanum_drive_controller:/opt/ros/humble /usr/bin/cmake /home/mo/yahboom_ws/src/yahboom_rosmaster/yahboom_rosmaster -DCMAKE_INSTALL_PREFIX=/home/mo/yahboom_ws/install/yahboom_rosmaster
[0.176s] -- The C compiler identification is GNU 11.4.0
[0.248s] -- The CXX compiler identification is GNU 11.4.0
[0.257s] -- Detecting C compiler ABI info
[0.355s] -- Detecting C compiler ABI info - done
[0.366s] -- Check for working C compiler: /usr/bin/cc - skipped
[0.367s] -- Detecting C compile features
[0.367s] -- Detecting C compile features - done
[0.371s] -- Detecting CXX compiler ABI info
[0.477s] -- Detecting CXX compiler ABI info - done
[0.485s] -- Check for working CXX compiler: /usr/bin/c++ - skipped
[0.486s] -- Detecting CXX compile features
[0.487s] -- Detecting CXX compile features - done
[0.489s] -- Found ament_cmake: 1.3.13 (/opt/ros/humble/share/ament_cmake/cmake)
[0.670s] -- Found Python3: /usr/bin/python3 (found version "3.10.12") found components: Interpreter 
[0.837s] -- Found ament_lint_auto: 0.12.15 (/opt/ros/humble/share/ament_lint_auto/cmake)
[0.987s] -- Added test 'lint_cmake' to check CMake code style
[0.988s] -- Added test 'xmllint' to check XML markup files
[0.990s] -- Configuring done
[0.994s] -- Generating done
[0.998s] -- Build files have been written to: /home/mo/yahboom_ws/build/yahboom_rosmaster
[1.004s] Invoked command in '/home/mo/yahboom_ws/build/yahboom_rosmaster' returned '0': AMENT_PREFIX_PATH=/home/mo/yahboom_ws/install/yahboom_rosmaster_docking:${AMENT_PREFIX_PATH} CMAKE_PREFIX_PATH=/home/mo/yahboom_ws/install/yahboom_rosmaster_system_tests:/home/mo/yahboom_ws/install/yahboom_rosmaster_navigation:/home/mo/yahboom_ws/install/yahboom_rosmaster_msgs:/home/mo/yahboom_ws/install/yahboom_rosmaster_localization:/home/mo/yahboom_ws/install/yahboom_rosmaster_gazebo:/home/mo/yahboom_ws/install/yahboom_rosmaster_docking:/home/mo/yahboom_ws/install/yahboom_rosmaster_description:/home/mo/yahboom_ws/install/yahboom_rosmaster_bringup:/home/mo/yahboom_ws/install/yahboom_rosmaster:/home/mo/yahboom_ws/install/mecanum_drive_controller:/opt/ros/humble /usr/bin/cmake /home/mo/yahboom_ws/src/yahboom_rosmaster/yahboom_rosmaster -DCMAKE_INSTALL_PREFIX=/home/mo/yahboom_ws/install/yahboom_rosmaster
[1.006s] Invoking command in '/home/mo/yahboom_ws/build/yahboom_rosmaster': AMENT_PREFIX_PATH=/home/mo/yahboom_ws/install/yahboom_rosmaster_docking:${AMENT_PREFIX_PATH} CMAKE_PREFIX_PATH=/home/mo/yahboom_ws/install/yahboom_rosmaster_system_tests:/home/mo/yahboom_ws/install/yahboom_rosmaster_navigation:/home/mo/yahboom_ws/install/yahboom_rosmaster_msgs:/home/mo/yahboom_ws/install/yahboom_rosmaster_localization:/home/mo/yahboom_ws/install/yahboom_rosmaster_gazebo:/home/mo/yahboom_ws/install/yahboom_rosmaster_docking:/home/mo/yahboom_ws/install/yahboom_rosmaster_description:/home/mo/yahboom_ws/install/yahboom_rosmaster_bringup:/home/mo/yahboom_ws/install/yahboom_rosmaster:/home/mo/yahboom_ws/install/mecanum_drive_controller:/opt/ros/humble /usr/bin/cmake --build /home/mo/yahboom_ws/build/yahboom_rosmaster -- -j4 -l4
[1.054s] Invoked command in '/home/mo/yahboom_ws/build/yahboom_rosmaster' returned '0': AMENT_PREFIX_PATH=/home/mo/yahboom_ws/install/yahboom_rosmaster_docking:${AMENT_PREFIX_PATH} CMAKE_PREFIX_PATH=/home/mo/yahboom_ws/install/yahboom_rosmaster_system_tests:/home/mo/yahboom_ws/install/yahboom_rosmaster_navigation:/home/mo/yahboom_ws/install/yahboom_rosmaster_msgs:/home/mo/yahboom_ws/install/yahboom_rosmaster_localization:/home/mo/yahboom_ws/install/yahboom_rosmaster_gazebo:/home/mo/yahboom_ws/install/yahboom_rosmaster_docking:/home/mo/yahboom_ws/install/yahboom_rosmaster_description:/home/mo/yahboom_ws/install/yahboom_rosmaster_bringup:/home/mo/yahboom_ws/install/yahboom_rosmaster:/home/mo/yahboom_ws/install/mecanum_drive_controller:/opt/ros/humble /usr/bin/cmake --build /home/mo/yahboom_ws/build/yahboom_rosmaster -- -j4 -l4
[1.054s] Invoking command in '/home/mo/yahboom_ws/build/yahboom_rosmaster': AMENT_PREFIX_PATH=/home/mo/yahboom_ws/install/yahboom_rosmaster_docking:${AMENT_PREFIX_PATH} CMAKE_PREFIX_PATH=/home/mo/yahboom_ws/install/yahboom_rosmaster_system_tests:/home/mo/yahboom_ws/install/yahboom_rosmaster_navigation:/home/mo/yahboom_ws/install/yahboom_rosmaster_msgs:/home/mo/yahboom_ws/install/yahboom_rosmaster_localization:/home/mo/yahboom_ws/install/yahboom_rosmaster_gazebo:/home/mo/yahboom_ws/install/yahboom_rosmaster_docking:/home/mo/yahboom_ws/install/yahboom_rosmaster_description:/home/mo/yahboom_ws/install/yahboom_rosmaster_bringup:/home/mo/yahboom_ws/install/yahboom_rosmaster:/home/mo/yahboom_ws/install/mecanum_drive_controller:/opt/ros/humble /usr/bin/cmake --install /home/mo/yahboom_ws/build/yahboom_rosmaster
[1.067s] -- Install configuration: ""
[1.068s] -- Installing: /home/mo/yahboom_ws/install/yahboom_rosmaster/share/ament_index/resource_index/package_run_dependencies/yahboom_rosmaster
[1.069s] -- Installing: /home/mo/yahboom_ws/install/yahboom_rosmaster/share/ament_index/resource_index/parent_prefix_path/yahboom_rosmaster
[1.069s] -- Installing: /home/mo/yahboom_ws/install/yahboom_rosmaster/share/yahboom_rosmaster/environment/ament_prefix_path.sh
[1.069s] -- Installing: /home/mo/yahboom_ws/install/yahboom_rosmaster/share/yahboom_rosmaster/environment/ament_prefix_path.dsv
[1.069s] -- Installing: /home/mo/yahboom_ws/install/yahboom_rosmaster/share/yahboom_rosmaster/environment/path.sh
[1.069s] -- Installing: /home/mo/yahboom_ws/install/yahboom_rosmaster/share/yahboom_rosmaster/environment/path.dsv
[1.069s] -- Installing: /home/mo/yahboom_ws/install/yahboom_rosmaster/share/yahboom_rosmaster/local_setup.bash
[1.069s] -- Installing: /home/mo/yahboom_ws/install/yahboom_rosmaster/share/yahboom_rosmaster/local_setup.sh
[1.069s] -- Installing: /home/mo/yahboom_ws/install/yahboom_rosmaster/share/yahboom_rosmaster/local_setup.zsh
[1.069s] -- Installing: /home/mo/yahboom_ws/install/yahboom_rosmaster/share/yahboom_rosmaster/local_setup.dsv
[1.069s] -- Installing: /home/mo/yahboom_ws/install/yahboom_rosmaster/share/yahboom_rosmaster/package.dsv
[1.069s] -- Installing: /home/mo/yahboom_ws/install/yahboom_rosmaster/share/ament_index/resource_index/packages/yahboom_rosmaster
[1.069s] -- Installing: /home/mo/yahboom_ws/install/yahboom_rosmaster/share/yahboom_rosmaster/cmake/yahboom_rosmasterConfig.cmake
[1.069s] -- Installing: /home/mo/yahboom_ws/install/yahboom_rosmaster/share/yahboom_rosmaster/cmake/yahboom_rosmasterConfig-version.cmake
[1.069s] -- Installing: /home/mo/yahboom_ws/install/yahboom_rosmaster/share/yahboom_rosmaster/package.xml
[1.072s] Invoked command in '/home/mo/yahboom_ws/build/yahboom_rosmaster' returned '0': AMENT_PREFIX_PATH=/home/mo/yahboom_ws/install/yahboom_rosmaster_docking:${AMENT_PREFIX_PATH} CMAKE_PREFIX_PATH=/home/mo/yahboom_ws/install/yahboom_rosmaster_system_tests:/home/mo/yahboom_ws/install/yahboom_rosmaster_navigation:/home/mo/yahboom_ws/install/yahboom_rosmaster_msgs:/home/mo/yahboom_ws/install/yahboom_rosmaster_localization:/home/mo/yahboom_ws/install/yahboom_rosmaster_gazebo:/home/mo/yahboom_ws/install/yahboom_rosmaster_docking:/home/mo/yahboom_ws/install/yahboom_rosmaster_description:/home/mo/yahboom_ws/install/yahboom_rosmaster_bringup:/home/mo/yahboom_ws/install/yahboom_rosmaster:/home/mo/yahboom_ws/install/mecanum_drive_controller:/opt/ros/humble /usr/bin/cmake --install /home/mo/yahboom_ws/build/yahboom_rosmaster
