[0.016s] Invoking command in '/home/mo/yahboom_ws/build/yahboom_rosmaster_navigation': CMAKE_PREFIX_PATH=${CMAKE_PREFIX_PATH}:/opt/ros/humble /usr/bin/cmake --build /home/mo/yahboom_ws/build/yahboom_rosmaster_navigation -- -j4 -l4
[0.102s] [  0%] Built target ament_cmake_python_copy_yahboom_rosmaster_navigation
[0.105s] [100%] Built target cmd_vel_relay
[0.403s] running egg_info
[0.404s] writing yahboom_rosmaster_navigation.egg-info/PKG-INFO
[0.404s] writing dependency_links to yahboom_rosmaster_navigation.egg-info/dependency_links.txt
[0.405s] writing top-level names to yahboom_rosmaster_navigation.egg-info/top_level.txt
[0.408s] reading manifest file 'yahboom_rosmaster_navigation.egg-info/SOURCES.txt'
[0.409s] writing manifest file 'yahboom_rosmaster_navigation.egg-info/SOURCES.txt'
[0.445s] [100%] Built target ament_cmake_python_build_yahboom_rosmaster_navigation_egg
[0.460s] Invoked command in '/home/mo/yahboom_ws/build/yahboom_rosmaster_navigation' returned '0': CMAKE_PREFIX_PATH=${CMAKE_PREFIX_PATH}:/opt/ros/humble /usr/bin/cmake --build /home/mo/yahboom_ws/build/yahboom_rosmaster_navigation -- -j4 -l4
[0.475s] Invoking command in '/home/mo/yahboom_ws/build/yahboom_rosmaster_navigation': CMAKE_PREFIX_PATH=${CMAKE_PREFIX_PATH}:/opt/ros/humble /usr/bin/cmake --install /home/mo/yahboom_ws/build/yahboom_rosmaster_navigation
[0.483s] -- Install configuration: ""
[0.483s] -- Up-to-date: /home/mo/yahboom_ws/install/yahboom_rosmaster_navigation/lib/yahboom_rosmaster_navigation/cmd_vel_relay
[0.483s] -- Up-to-date: /home/mo/yahboom_ws/install/yahboom_rosmaster_navigation/share/yahboom_rosmaster_navigation/config
[0.483s] -- Up-to-date: /home/mo/yahboom_ws/install/yahboom_rosmaster_navigation/share/yahboom_rosmaster_navigation/config/rosmaster_x3_nav2_default_params.yaml
[0.483s] -- Up-to-date: /home/mo/yahboom_ws/install/yahboom_rosmaster_navigation/share/yahboom_rosmaster_navigation/config/dock_database.yaml
[0.484s] -- Up-to-date: /home/mo/yahboom_ws/install/yahboom_rosmaster_navigation/share/yahboom_rosmaster_navigation/config/rosmaster_x3_nav2_regulated_pure_pursuit_controller.yaml
[0.485s] -- Up-to-date: /home/mo/yahboom_ws/install/yahboom_rosmaster_navigation/share/yahboom_rosmaster_navigation/maps
[0.485s] -- Up-to-date: /home/mo/yahboom_ws/install/yahboom_rosmaster_navigation/share/yahboom_rosmaster_navigation/maps/cafe_world_map.yaml
[0.486s] -- Up-to-date: /home/mo/yahboom_ws/install/yahboom_rosmaster_navigation/share/yahboom_rosmaster_navigation/maps/current_live_map.png
[0.486s] -- Up-to-date: /home/mo/yahboom_ws/install/yahboom_rosmaster_navigation/share/yahboom_rosmaster_navigation/maps/current_live_map.pgm
[0.486s] -- Up-to-date: /home/mo/yahboom_ws/install/yahboom_rosmaster_navigation/share/yahboom_rosmaster_navigation/maps/current_live_map.yaml
[0.486s] -- Up-to-date: /home/mo/yahboom_ws/install/yahboom_rosmaster_navigation/share/yahboom_rosmaster_navigation/maps/cafe_world_map.pgm
[0.487s] -- Up-to-date: /home/mo/yahboom_ws/install/yahboom_rosmaster_navigation/share/yahboom_rosmaster_navigation/maps/house_world_map.pgm
[0.487s] -- Up-to-date: /home/mo/yahboom_ws/install/yahboom_rosmaster_navigation/share/yahboom_rosmaster_navigation/maps/temp_world_map.png
[0.487s] -- Up-to-date: /home/mo/yahboom_ws/install/yahboom_rosmaster_navigation/share/yahboom_rosmaster_navigation/maps/house_world_map.yaml
[0.487s] -- Up-to-date: /home/mo/yahboom_ws/install/yahboom_rosmaster_navigation/share/yahboom_rosmaster_navigation/maps/temp_world_map.yaml
[0.487s] -- Up-to-date: /home/mo/yahboom_ws/install/yahboom_rosmaster_navigation/share/yahboom_rosmaster_navigation/maps/temp_world_map.pgm
[0.487s] -- Up-to-date: /home/mo/yahboom_ws/install/yahboom_rosmaster_navigation/share/yahboom_rosmaster_navigation/rviz
[0.487s] -- Installing: /home/mo/yahboom_ws/install/yahboom_rosmaster_navigation/share/yahboom_rosmaster_navigation/rviz/nav2_default_view.rviz
[0.490s] -- Up-to-date: /home/mo/yahboom_ws/install/yahboom_rosmaster_navigation/share/yahboom_rosmaster_navigation/rviz/slam_live_view.rviz
[0.491s] -- Up-to-date: /home/mo/yahboom_ws/install/yahboom_rosmaster_navigation/share/yahboom_rosmaster_navigation/environment/pythonpath.sh
[0.492s] -- Up-to-date: /home/mo/yahboom_ws/install/yahboom_rosmaster_navigation/share/yahboom_rosmaster_navigation/environment/pythonpath.dsv
[0.492s] -- Up-to-date: /home/mo/yahboom_ws/install/yahboom_rosmaster_navigation/local/lib/python3.10/dist-packages/yahboom_rosmaster_navigation-0.0.0-py3.10.egg-info
[0.492s] -- Installing: /home/mo/yahboom_ws/install/yahboom_rosmaster_navigation/local/lib/python3.10/dist-packages/yahboom_rosmaster_navigation-0.0.0-py3.10.egg-info/SOURCES.txt
[0.492s] -- Installing: /home/mo/yahboom_ws/install/yahboom_rosmaster_navigation/local/lib/python3.10/dist-packages/yahboom_rosmaster_navigation-0.0.0-py3.10.egg-info/dependency_links.txt
[0.492s] -- Installing: /home/mo/yahboom_ws/install/yahboom_rosmaster_navigation/local/lib/python3.10/dist-packages/yahboom_rosmaster_navigation-0.0.0-py3.10.egg-info/PKG-INFO
[0.492s] -- Installing: /home/mo/yahboom_ws/install/yahboom_rosmaster_navigation/local/lib/python3.10/dist-packages/yahboom_rosmaster_navigation-0.0.0-py3.10.egg-info/top_level.txt
[0.492s] -- Up-to-date: /home/mo/yahboom_ws/install/yahboom_rosmaster_navigation/local/lib/python3.10/dist-packages/yahboom_rosmaster_navigation
[0.492s] -- Up-to-date: /home/mo/yahboom_ws/install/yahboom_rosmaster_navigation/local/lib/python3.10/dist-packages/yahboom_rosmaster_navigation/__init__.py
[0.492s] -- Up-to-date: /home/mo/yahboom_ws/install/yahboom_rosmaster_navigation/local/lib/python3.10/dist-packages/yahboom_rosmaster_navigation/posestamped_msg_generator.py
[0.524s] Listing '/home/mo/yahboom_ws/install/yahboom_rosmaster_navigation/local/lib/python3.10/dist-packages/yahboom_rosmaster_navigation'...
[0.530s] -- Installing: /home/mo/yahboom_ws/install/yahboom_rosmaster_navigation/lib/yahboom_rosmaster_navigation/assisted_teleoperation.py
[0.530s] -- Up-to-date: /home/mo/yahboom_ws/install/yahboom_rosmaster_navigation/lib/yahboom_rosmaster_navigation/frontier_explorer.py
[0.530s] -- Installing: /home/mo/yahboom_ws/install/yahboom_rosmaster_navigation/lib/yahboom_rosmaster_navigation/nav_to_pose.py
[0.531s] -- Up-to-date: /home/mo/yahboom_ws/install/yahboom_rosmaster_navigation/lib/yahboom_rosmaster_navigation/test_nav_to_pose.py
[0.531s] -- Up-to-date: /home/mo/yahboom_ws/install/yahboom_rosmaster_navigation/share/ament_index/resource_index/package_run_dependencies/yahboom_rosmaster_navigation
[0.531s] -- Up-to-date: /home/mo/yahboom_ws/install/yahboom_rosmaster_navigation/share/ament_index/resource_index/parent_prefix_path/yahboom_rosmaster_navigation
[0.531s] -- Up-to-date: /home/mo/yahboom_ws/install/yahboom_rosmaster_navigation/share/yahboom_rosmaster_navigation/environment/ament_prefix_path.sh
[0.531s] -- Up-to-date: /home/mo/yahboom_ws/install/yahboom_rosmaster_navigation/share/yahboom_rosmaster_navigation/environment/ament_prefix_path.dsv
[0.531s] -- Up-to-date: /home/mo/yahboom_ws/install/yahboom_rosmaster_navigation/share/yahboom_rosmaster_navigation/environment/path.sh
[0.531s] -- Up-to-date: /home/mo/yahboom_ws/install/yahboom_rosmaster_navigation/share/yahboom_rosmaster_navigation/environment/path.dsv
[0.531s] -- Up-to-date: /home/mo/yahboom_ws/install/yahboom_rosmaster_navigation/share/yahboom_rosmaster_navigation/local_setup.bash
[0.531s] -- Up-to-date: /home/mo/yahboom_ws/install/yahboom_rosmaster_navigation/share/yahboom_rosmaster_navigation/local_setup.sh
[0.531s] -- Up-to-date: /home/mo/yahboom_ws/install/yahboom_rosmaster_navigation/share/yahboom_rosmaster_navigation/local_setup.zsh
[0.532s] -- Up-to-date: /home/mo/yahboom_ws/install/yahboom_rosmaster_navigation/share/yahboom_rosmaster_navigation/local_setup.dsv
[0.532s] -- Installing: /home/mo/yahboom_ws/install/yahboom_rosmaster_navigation/share/yahboom_rosmaster_navigation/package.dsv
[0.532s] -- Up-to-date: /home/mo/yahboom_ws/install/yahboom_rosmaster_navigation/share/ament_index/resource_index/packages/yahboom_rosmaster_navigation
[0.532s] -- Up-to-date: /home/mo/yahboom_ws/install/yahboom_rosmaster_navigation/share/yahboom_rosmaster_navigation/cmake/yahboom_rosmaster_navigationConfig.cmake
[0.532s] -- Up-to-date: /home/mo/yahboom_ws/install/yahboom_rosmaster_navigation/share/yahboom_rosmaster_navigation/cmake/yahboom_rosmaster_navigationConfig-version.cmake
[0.532s] -- Up-to-date: /home/mo/yahboom_ws/install/yahboom_rosmaster_navigation/share/yahboom_rosmaster_navigation/package.xml
[0.534s] Invoked command in '/home/mo/yahboom_ws/build/yahboom_rosmaster_navigation' returned '0': CMAKE_PREFIX_PATH=${CMAKE_PREFIX_PATH}:/opt/ros/humble /usr/bin/cmake --install /home/mo/yahboom_ws/build/yahboom_rosmaster_navigation
