[0.087s] Invoking command in '/home/mo/yahboom_ws/build/yahboom_rosmaster_description': CMAKE_PREFIX_PATH=${CMAKE_PREFIX_PATH}:/opt/ros/humble /usr/bin/cmake --build /home/mo/yahboom_ws/build/yahboom_rosmaster_description -- -j4 -l4
[0.309s] Invoked command in '/home/mo/yahboom_ws/build/yahboom_rosmaster_description' returned '0': CMAKE_PREFIX_PATH=${CMAKE_PREFIX_PATH}:/opt/ros/humble /usr/bin/cmake --build /home/mo/yahboom_ws/build/yahboom_rosmaster_description -- -j4 -l4
[0.321s] Invoking command in '/home/mo/yahboom_ws/build/yahboom_rosmaster_description': CMAKE_PREFIX_PATH=${CMAKE_PREFIX_PATH}:/opt/ros/humble /usr/bin/cmake --install /home/mo/yahboom_ws/build/yahboom_rosmaster_description
[0.353s] -- Install configuration: ""
[0.354s] -- Up-to-date: /home/mo/yahboom_ws/install/yahboom_rosmaster_description/share/yahboom_rosmaster_description/config
[0.354s] -- Up-to-date: /home/mo/yahboom_ws/install/yahboom_rosmaster_description/share/yahboom_rosmaster_description/config/rosmaster_x3_2
[0.354s] -- Installing: /home/mo/yahboom_ws/install/yahboom_rosmaster_description/share/yahboom_rosmaster_description/config/rosmaster_x3_2/ros2_controllers.yaml
[0.374s] -- Up-to-date: /home/mo/yahboom_ws/install/yahboom_rosmaster_description/share/yahboom_rosmaster_description/config/rosmaster_x3_2/rosmaster_x3
[0.376s] -- Up-to-date: /home/mo/yahboom_ws/install/yahboom_rosmaster_description/share/yahboom_rosmaster_description/config/rosmaster_x3_2/rosmaster_x3/ros2_controllers.yaml
[0.376s] -- Up-to-date: /home/mo/yahboom_ws/install/yahboom_rosmaster_description/share/yahboom_rosmaster_description/config/rosmaster_x3_2/rosmaster_x3/my_ros2_controllers.yaml
[0.376s] -- Up-to-date: /home/mo/yahboom_ws/install/yahboom_rosmaster_description/share/yahboom_rosmaster_description/config/rosmaster_x3_2/rosmaster_x3/ros2_controllers_template.yaml
[0.376s] -- Installing: /home/mo/yahboom_ws/install/yahboom_rosmaster_description/share/yahboom_rosmaster_description/config/rosmaster_x3_2/my_ros2_controllers.yaml
[0.376s] -- Up-to-date: /home/mo/yahboom_ws/install/yahboom_rosmaster_description/share/yahboom_rosmaster_description/config/rosmaster_x3_2/ros2_controllers_template.yaml
[0.376s] -- Up-to-date: /home/mo/yahboom_ws/install/yahboom_rosmaster_description/share/yahboom_rosmaster_description/config/rosmaster_x3_3
[0.376s] -- Installing: /home/mo/yahboom_ws/install/yahboom_rosmaster_description/share/yahboom_rosmaster_description/config/rosmaster_x3_3/ros2_controllers.yaml
[0.399s] -- Up-to-date: /home/mo/yahboom_ws/install/yahboom_rosmaster_description/share/yahboom_rosmaster_description/config/rosmaster_x3_3/rosmaster_x3
[0.399s] -- Up-to-date: /home/mo/yahboom_ws/install/yahboom_rosmaster_description/share/yahboom_rosmaster_description/config/rosmaster_x3_3/rosmaster_x3/ros2_controllers.yaml
[0.399s] -- Up-to-date: /home/mo/yahboom_ws/install/yahboom_rosmaster_description/share/yahboom_rosmaster_description/config/rosmaster_x3_3/rosmaster_x3/my_ros2_controllers.yaml
[0.399s] -- Up-to-date: /home/mo/yahboom_ws/install/yahboom_rosmaster_description/share/yahboom_rosmaster_description/config/rosmaster_x3_3/rosmaster_x3/ros2_controllers_template.yaml
[0.399s] -- Installing: /home/mo/yahboom_ws/install/yahboom_rosmaster_description/share/yahboom_rosmaster_description/config/rosmaster_x3_3/my_ros2_controllers.yaml
[0.399s] -- Up-to-date: /home/mo/yahboom_ws/install/yahboom_rosmaster_description/share/yahboom_rosmaster_description/config/rosmaster_x3_3/ros2_controllers_template.yaml
[0.399s] -- Up-to-date: /home/mo/yahboom_ws/install/yahboom_rosmaster_description/share/yahboom_rosmaster_description/config/rosmaster_x3_1
[0.399s] -- Installing: /home/mo/yahboom_ws/install/yahboom_rosmaster_description/share/yahboom_rosmaster_description/config/rosmaster_x3_1/ros2_controllers.yaml
[0.399s] -- Up-to-date: /home/mo/yahboom_ws/install/yahboom_rosmaster_description/share/yahboom_rosmaster_description/config/rosmaster_x3_1/rosmaster_x3
[0.399s] -- Up-to-date: /home/mo/yahboom_ws/install/yahboom_rosmaster_description/share/yahboom_rosmaster_description/config/rosmaster_x3_1/rosmaster_x3/ros2_controllers.yaml
[0.400s] -- Up-to-date: /home/mo/yahboom_ws/install/yahboom_rosmaster_description/share/yahboom_rosmaster_description/config/rosmaster_x3_1/rosmaster_x3/my_ros2_controllers.yaml
[0.400s] -- Up-to-date: /home/mo/yahboom_ws/install/yahboom_rosmaster_description/share/yahboom_rosmaster_description/config/rosmaster_x3_1/rosmaster_x3/ros2_controllers_template.yaml
[0.400s] -- Installing: /home/mo/yahboom_ws/install/yahboom_rosmaster_description/share/yahboom_rosmaster_description/config/rosmaster_x3_1/my_ros2_controllers.yaml
[0.400s] -- Up-to-date: /home/mo/yahboom_ws/install/yahboom_rosmaster_description/share/yahboom_rosmaster_description/config/rosmaster_x3_1/ros2_controllers_template.yaml
[0.400s] -- Up-to-date: /home/mo/yahboom_ws/install/yahboom_rosmaster_description/share/yahboom_rosmaster_description/config/rosmaster_x3
[0.400s] -- Up-to-date: /home/mo/yahboom_ws/install/yahboom_rosmaster_description/share/yahboom_rosmaster_description/config/rosmaster_x3/ros2_controllers.yaml
[0.400s] -- Installing: /home/mo/yahboom_ws/install/yahboom_rosmaster_description/share/yahboom_rosmaster_description/config/rosmaster_x3/my_ros2_controllers.yaml
[0.400s] -- Up-to-date: /home/mo/yahboom_ws/install/yahboom_rosmaster_description/share/yahboom_rosmaster_description/config/rosmaster_x3/ros2_controllers_template.yaml
[0.400s] -- Up-to-date: /home/mo/yahboom_ws/install/yahboom_rosmaster_description/share/yahboom_rosmaster_description/launch
[0.400s] -- Up-to-date: /home/mo/yahboom_ws/install/yahboom_rosmaster_description/share/yahboom_rosmaster_description/launch/robot_state_publisher.launch.py
[0.400s] -- Up-to-date: /home/mo/yahboom_ws/install/yahboom_rosmaster_description/share/yahboom_rosmaster_description/launch/__pycache__
[0.400s] -- Up-to-date: /home/mo/yahboom_ws/install/yahboom_rosmaster_description/share/yahboom_rosmaster_description/meshes
[0.400s] -- Up-to-date: /home/mo/yahboom_ws/install/yahboom_rosmaster_description/share/yahboom_rosmaster_description/meshes/rplidar
[0.400s] -- Up-to-date: /home/mo/yahboom_ws/install/yahboom_rosmaster_description/share/yahboom_rosmaster_description/meshes/rplidar/rplidar_s2.stl
[0.403s] -- Up-to-date: /home/mo/yahboom_ws/install/yahboom_rosmaster_description/share/yahboom_rosmaster_description/meshes/rosmaster_x3
[0.403s] -- Up-to-date: /home/mo/yahboom_ws/install/yahboom_rosmaster_description/share/yahboom_rosmaster_description/meshes/rosmaster_x3/visual
[0.404s] -- Up-to-date: /home/mo/yahboom_ws/install/yahboom_rosmaster_description/share/yahboom_rosmaster_description/meshes/rosmaster_x3/visual/back_left_wheel_X3.STL
[0.404s] -- Up-to-date: /home/mo/yahboom_ws/install/yahboom_rosmaster_description/share/yahboom_rosmaster_description/meshes/rosmaster_x3/visual/camera_link.STL
[0.404s] -- Up-to-date: /home/mo/yahboom_ws/install/yahboom_rosmaster_description/share/yahboom_rosmaster_description/meshes/rosmaster_x3/visual/base_link_X3.STL
[0.404s] -- Up-to-date: /home/mo/yahboom_ws/install/yahboom_rosmaster_description/share/yahboom_rosmaster_description/meshes/rosmaster_x3/visual/front_left_wheel_X3.STL
[0.405s] -- Up-to-date: /home/mo/yahboom_ws/install/yahboom_rosmaster_description/share/yahboom_rosmaster_description/meshes/rosmaster_x3/visual/back_right_wheel_X3.STL
[0.405s] -- Up-to-date: /home/mo/yahboom_ws/install/yahboom_rosmaster_description/share/yahboom_rosmaster_description/meshes/rosmaster_x3/visual/front_right_wheel_X3.STL
[0.405s] -- Up-to-date: /home/mo/yahboom_ws/install/yahboom_rosmaster_description/share/yahboom_rosmaster_description/meshes/rosmaster_x3/visual/laser_link.STL
[0.405s] -- Up-to-date: /home/mo/yahboom_ws/install/yahboom_rosmaster_description/share/yahboom_rosmaster_description/meshes/intel_realsense
[0.406s] -- Up-to-date: /home/mo/yahboom_ws/install/yahboom_rosmaster_description/share/yahboom_rosmaster_description/meshes/intel_realsense/visual
[0.406s] -- Up-to-date: /home/mo/yahboom_ws/install/yahboom_rosmaster_description/share/yahboom_rosmaster_description/meshes/intel_realsense/visual/d435.stl
[0.406s] -- Up-to-date: /home/mo/yahboom_ws/install/yahboom_rosmaster_description/share/yahboom_rosmaster_description/urdf
[0.406s] -- Up-to-date: /home/mo/yahboom_ws/install/yahboom_rosmaster_description/share/yahboom_rosmaster_description/urdf/robots
[0.407s] -- Up-to-date: /home/mo/yahboom_ws/install/yahboom_rosmaster_description/share/yahboom_rosmaster_description/urdf/robots/rosmaster_x3.urdf.xacro
[0.407s] -- Up-to-date: /home/mo/yahboom_ws/install/yahboom_rosmaster_description/share/yahboom_rosmaster_description/urdf/sensors
[0.407s] -- Up-to-date: /home/mo/yahboom_ws/install/yahboom_rosmaster_description/share/yahboom_rosmaster_description/urdf/sensors/imu.urdf.xacro
[0.407s] -- Up-to-date: /home/mo/yahboom_ws/install/yahboom_rosmaster_description/share/yahboom_rosmaster_description/urdf/sensors/lidar.urdf.xacro
[0.408s] -- Up-to-date: /home/mo/yahboom_ws/install/yahboom_rosmaster_description/share/yahboom_rosmaster_description/urdf/sensors/rgbd_camera.urdf.xacro
[0.408s] -- Up-to-date: /home/mo/yahboom_ws/install/yahboom_rosmaster_description/share/yahboom_rosmaster_description/urdf/control
[0.409s] -- Up-to-date: /home/mo/yahboom_ws/install/yahboom_rosmaster_description/share/yahboom_rosmaster_description/urdf/control/gazebo_sim_ros2_control.urdf.xacro
[0.409s] -- Up-to-date: /home/mo/yahboom_ws/install/yahboom_rosmaster_description/share/yahboom_rosmaster_description/urdf/control/rosmaster_x3_ros2_control.urdf.xacro
[0.409s] -- Up-to-date: /home/mo/yahboom_ws/install/yahboom_rosmaster_description/share/yahboom_rosmaster_description/urdf/control/velocity_control_plugin.urdf.xacro
[0.410s] -- Up-to-date: /home/mo/yahboom_ws/install/yahboom_rosmaster_description/share/yahboom_rosmaster_description/urdf/mech
[0.410s] -- Up-to-date: /home/mo/yahboom_ws/install/yahboom_rosmaster_description/share/yahboom_rosmaster_description/urdf/mech/rosmaster_x3_base.urdf.xacro
[0.410s] -- Up-to-date: /home/mo/yahboom_ws/install/yahboom_rosmaster_description/share/yahboom_rosmaster_description/urdf/mech/mecanum_wheel.urdf.xacro
[0.410s] -- Up-to-date: /home/mo/yahboom_ws/install/yahboom_rosmaster_description/share/yahboom_rosmaster_description/rviz
[0.410s] -- Up-to-date: /home/mo/yahboom_ws/install/yahboom_rosmaster_description/share/yahboom_rosmaster_description/rviz/yahboom_rosmaster_description.rviz
[0.410s] -- Up-to-date: /home/mo/yahboom_ws/install/yahboom_rosmaster_description/share/ament_index/resource_index/package_run_dependencies/yahboom_rosmaster_description
[0.410s] -- Up-to-date: /home/mo/yahboom_ws/install/yahboom_rosmaster_description/share/ament_index/resource_index/parent_prefix_path/yahboom_rosmaster_description
[0.410s] -- Up-to-date: /home/mo/yahboom_ws/install/yahboom_rosmaster_description/share/yahboom_rosmaster_description/environment/ament_prefix_path.sh
[0.410s] -- Up-to-date: /home/mo/yahboom_ws/install/yahboom_rosmaster_description/share/yahboom_rosmaster_description/environment/ament_prefix_path.dsv
[0.410s] -- Up-to-date: /home/mo/yahboom_ws/install/yahboom_rosmaster_description/share/yahboom_rosmaster_description/environment/path.sh
[0.410s] -- Up-to-date: /home/mo/yahboom_ws/install/yahboom_rosmaster_description/share/yahboom_rosmaster_description/environment/path.dsv
[0.410s] -- Up-to-date: /home/mo/yahboom_ws/install/yahboom_rosmaster_description/share/yahboom_rosmaster_description/local_setup.bash
[0.410s] -- Up-to-date: /home/mo/yahboom_ws/install/yahboom_rosmaster_description/share/yahboom_rosmaster_description/local_setup.sh
[0.411s] -- Up-to-date: /home/mo/yahboom_ws/install/yahboom_rosmaster_description/share/yahboom_rosmaster_description/local_setup.zsh
[0.411s] -- Up-to-date: /home/mo/yahboom_ws/install/yahboom_rosmaster_description/share/yahboom_rosmaster_description/local_setup.dsv
[0.411s] -- Installing: /home/mo/yahboom_ws/install/yahboom_rosmaster_description/share/yahboom_rosmaster_description/package.dsv
[0.411s] -- Up-to-date: /home/mo/yahboom_ws/install/yahboom_rosmaster_description/share/ament_index/resource_index/packages/yahboom_rosmaster_description
[0.412s] -- Up-to-date: /home/mo/yahboom_ws/install/yahboom_rosmaster_description/share/yahboom_rosmaster_description/cmake/yahboom_rosmaster_descriptionConfig.cmake
[0.412s] -- Up-to-date: /home/mo/yahboom_ws/install/yahboom_rosmaster_description/share/yahboom_rosmaster_description/cmake/yahboom_rosmaster_descriptionConfig-version.cmake
[0.413s] -- Up-to-date: /home/mo/yahboom_ws/install/yahboom_rosmaster_description/share/yahboom_rosmaster_description/package.xml
[0.417s] Invoked command in '/home/mo/yahboom_ws/build/yahboom_rosmaster_description' returned '0': CMAKE_PREFIX_PATH=${CMAKE_PREFIX_PATH}:/opt/ros/humble /usr/bin/cmake --install /home/mo/yahboom_ws/build/yahboom_rosmaster_description
