[0.094s] Invoking command in '/home/mo/yahboom_ws/build/mecanum_drive_controller': CMAKE_PREFIX_PATH=${CMAKE_PREFIX_PATH}:/opt/ros/humble /usr/bin/cmake /home/mo/yahboom_ws/src/yahboom_rosmaster/mecanum_drive_controller -DCMAKE_INSTALL_PREFIX=/home/mo/yahboom_ws/install/mecanum_drive_controller
[0.318s] -- The CXX compiler identification is GNU 11.4.0
[0.329s] -- Detecting CXX compiler ABI info
[0.457s] -- Detecting CXX compiler ABI info - done
[0.468s] -- Check for working CXX compiler: /usr/bin/c++ - skipped
[0.468s] -- Detecting CXX compile features
[0.469s] -- Detecting CXX compile features - done
[0.489s] -- Found ament_cmake: 1.3.13 (/opt/ros/humble/share/ament_cmake/cmake)
[0.883s] -- Found Python3: /usr/bin/python3 (found version "3.10.12") found components: Interpreter 
[1.291s] -- Found controller_interface: 2.53.1 (/opt/ros/humble/share/controller_interface/cmake)
[1.417s] -- Found rosidl_generator_c: 3.1.8 (/opt/ros/humble/share/rosidl_generator_c/cmake)
[1.423s] -- Found rosidl_adapter: 3.1.8 (/opt/ros/humble/share/rosidl_adapter/cmake)
[1.441s] -- Found rosidl_generator_cpp: 3.1.8 (/opt/ros/humble/share/rosidl_generator_cpp/cmake)
[1.525s] -- Using all available rosidl_typesupport_c: rosidl_typesupport_fastrtps_c;rosidl_typesupport_introspection_c
[1.525s] -- Using all available rosidl_typesupport_cpp: rosidl_typesupport_fastrtps_cpp;rosidl_typesupport_introspection_cpp
[1.801s] -- Found rmw_implementation_cmake: 6.1.2 (/opt/ros/humble/share/rmw_implementation_cmake/cmake)
[1.801s] -- Found rmw_fastrtps_cpp: 6.2.10 (/opt/ros/humble/share/rmw_fastrtps_cpp/cmake)
[1.849s] -- Found TinyXML2 via Config file: TinyXML2_DIR-NOTFOUND
[1.935s] -- Found OpenSSL: /usr/lib/x86_64-linux-gnu/libcrypto.so (found version "3.0.2")  
[1.938s] -- Found TinyXML2 via Config file: TinyXML2_DIR-NOTFOUND
[1.965s] -- Found FastRTPS: /opt/ros/humble/include  
[1.971s] -- Found TinyXML2 via Config file: TinyXML2_DIR-NOTFOUND
[1.982s] -- Found TinyXML2 via Config file: TinyXML2_DIR-NOTFOUND
[1.995s] -- Using RMW implementation 'rmw_fastrtps_cpp' as default
[2.062s] -- Looking for C++ include pthread.h
[2.426s] -- Looking for C++ include pthread.h - found
[2.427s] -- Performing Test CMAKE_HAVE_LIBC_PTHREAD
[2.648s] -- Performing Test CMAKE_HAVE_LIBC_PTHREAD - Success
[2.650s] -- Found Threads: TRUE  
[2.837s] -- Found generate_parameter_library: 0.7.0 (/opt/ros/humble/share/generate_parameter_library/cmake)
[2.927s] -- Found parameter_traits: 0.7.0 (/opt/ros/humble/share/parameter_traits/cmake)
[3.711s] -- Found pal_statistics_msgs: 2.7.0 (/opt/ros/humble/share/pal_statistics_msgs/cmake)
[4.072s] -- Found nav_msgs: 4.9.1 (/opt/ros/humble/share/nav_msgs/cmake)
[4.101s] -- Found realtime_tools: 2.15.0 (/opt/ros/humble/share/realtime_tools/cmake)
[4.122s] -- Found tf2: 0.25.19 (/opt/ros/humble/share/tf2/cmake)
[4.127s] -- Found tf2_msgs: 0.25.19 (/opt/ros/humble/share/tf2_msgs/cmake)
[4.159s] -- Found ament_cmake_gmock: 1.3.13 (/opt/ros/humble/share/ament_cmake_gmock/cmake)
[4.162s] -- Found controller_manager: 2.53.1 (/opt/ros/humble/share/controller_manager/cmake)
[4.403s] -- Found ros2_control_test_assets: 2.53.1 (/opt/ros/humble/share/ros2_control_test_assets/cmake)
[4.844s] -- Configuring done
[4.963s] -- Generating done
[4.973s] -- Build files have been written to: /home/mo/yahboom_ws/build/mecanum_drive_controller
[4.984s] Invoked command in '/home/mo/yahboom_ws/build/mecanum_drive_controller' returned '0': CMAKE_PREFIX_PATH=${CMAKE_PREFIX_PATH}:/opt/ros/humble /usr/bin/cmake /home/mo/yahboom_ws/src/yahboom_rosmaster/mecanum_drive_controller -DCMAKE_INSTALL_PREFIX=/home/mo/yahboom_ws/install/mecanum_drive_controller
[4.989s] Invoking command in '/home/mo/yahboom_ws/build/mecanum_drive_controller': CMAKE_PREFIX_PATH=${CMAKE_PREFIX_PATH}:/opt/ros/humble /usr/bin/cmake --build /home/mo/yahboom_ws/build/mecanum_drive_controller -- -j4 -l4
[5.062s] [ 16%] [34m[1mRunning `/opt/ros/humble/bin/generate_parameter_library_cpp /home/mo/yahboom_ws/build/mecanum_drive_controller/include/mecanum_drive_controller/mecanum_drive_controller_parameters.hpp /home/mo/yahboom_ws/src/yahboom_rosmaster/mecanum_drive_controller/src/mecanum_drive_controller_parameter.yaml `[0m
[7.600s] [ 33%] [34m[1mCreating deprecated header file /home/mo/yahboom_ws/build/mecanum_drive_controller/include/mecanum_drive_controller_parameters.hpp[0m
[7.624s] [ 33%] Built target mecanum_drive_controller_parameters
[7.651s] [ 50%] [32mBuilding CXX object CMakeFiles/mecanum_drive_controller.dir/src/mecanum_drive_controller.cpp.o[0m
[22.978s] [ 66%] [32mBuilding CXX object CMakeFiles/mecanum_drive_controller.dir/src/speed_limiter.cpp.o[0m
[23.573s] [ 83%] [32mBuilding CXX object CMakeFiles/mecanum_drive_controller.dir/src/odometry.cpp.o[0m
[24.467s] [100%] [32m[1mLinking CXX shared library libmecanum_drive_controller.so[0m
[26.799s] [100%] Built target mecanum_drive_controller
[26.958s] Invoked command in '/home/mo/yahboom_ws/build/mecanum_drive_controller' returned '0': CMAKE_PREFIX_PATH=${CMAKE_PREFIX_PATH}:/opt/ros/humble /usr/bin/cmake --build /home/mo/yahboom_ws/build/mecanum_drive_controller -- -j4 -l4
[26.962s] Invoking command in '/home/mo/yahboom_ws/build/mecanum_drive_controller': CMAKE_PREFIX_PATH=${CMAKE_PREFIX_PATH}:/opt/ros/humble /usr/bin/cmake --install /home/mo/yahboom_ws/build/mecanum_drive_controller
[26.974s] -- Install configuration: ""
[26.974s] -- Installing: /home/mo/yahboom_ws/install/mecanum_drive_controller/include/mecanum_drive_controller
[26.974s] -- Installing: /home/mo/yahboom_ws/install/mecanum_drive_controller/include/mecanum_drive_controller/mecanum_drive_controller_parameters.hpp
[26.975s] -- Installing: /home/mo/yahboom_ws/install/mecanum_drive_controller/share/mecanum_drive_controller/mecanum_drive_plugin.xml
[26.975s] -- Up-to-date: /home/mo/yahboom_ws/install/mecanum_drive_controller/include/mecanum_drive_controller
[26.975s] -- Installing: /home/mo/yahboom_ws/install/mecanum_drive_controller/include/mecanum_drive_controller/mecanum_drive_controller
[26.975s] -- Installing: /home/mo/yahboom_ws/install/mecanum_drive_controller/include/mecanum_drive_controller/mecanum_drive_controller/odometry.hpp
[26.975s] -- Installing: /home/mo/yahboom_ws/install/mecanum_drive_controller/include/mecanum_drive_controller/mecanum_drive_controller/mecanum_drive_controller.hpp
[26.976s] -- Installing: /home/mo/yahboom_ws/install/mecanum_drive_controller/include/mecanum_drive_controller/mecanum_drive_controller/visibility_control.h
[26.976s] -- Installing: /home/mo/yahboom_ws/install/mecanum_drive_controller/include/mecanum_drive_controller/mecanum_drive_controller/speed_limiter.hpp
[26.976s] -- Installing: /home/mo/yahboom_ws/install/mecanum_drive_controller/lib/libmecanum_drive_controller.so
[26.988s] -- Set runtime path of "/home/mo/yahboom_ws/install/mecanum_drive_controller/lib/libmecanum_drive_controller.so" to ""
[26.988s] -- Installing: /home/mo/yahboom_ws/install/mecanum_drive_controller/share/mecanum_drive_controller/environment/library_path.sh
[26.988s] -- Installing: /home/mo/yahboom_ws/install/mecanum_drive_controller/share/mecanum_drive_controller/environment/library_path.dsv
[26.988s] -- Installing: /home/mo/yahboom_ws/install/mecanum_drive_controller/share/ament_index/resource_index/package_run_dependencies/mecanum_drive_controller
[26.989s] -- Installing: /home/mo/yahboom_ws/install/mecanum_drive_controller/share/ament_index/resource_index/parent_prefix_path/mecanum_drive_controller
[26.989s] -- Installing: /home/mo/yahboom_ws/install/mecanum_drive_controller/share/mecanum_drive_controller/environment/ament_prefix_path.sh
[26.989s] -- Installing: /home/mo/yahboom_ws/install/mecanum_drive_controller/share/mecanum_drive_controller/environment/ament_prefix_path.dsv
[26.989s] -- Installing: /home/mo/yahboom_ws/install/mecanum_drive_controller/share/mecanum_drive_controller/environment/path.sh
[26.989s] -- Installing: /home/mo/yahboom_ws/install/mecanum_drive_controller/share/mecanum_drive_controller/environment/path.dsv
[26.989s] -- Installing: /home/mo/yahboom_ws/install/mecanum_drive_controller/share/mecanum_drive_controller/local_setup.bash
[26.989s] -- Installing: /home/mo/yahboom_ws/install/mecanum_drive_controller/share/mecanum_drive_controller/local_setup.sh
[26.989s] -- Installing: /home/mo/yahboom_ws/install/mecanum_drive_controller/share/mecanum_drive_controller/local_setup.zsh
[26.989s] -- Installing: /home/mo/yahboom_ws/install/mecanum_drive_controller/share/mecanum_drive_controller/local_setup.dsv
[26.989s] -- Installing: /home/mo/yahboom_ws/install/mecanum_drive_controller/share/mecanum_drive_controller/package.dsv
[26.990s] -- Installing: /home/mo/yahboom_ws/install/mecanum_drive_controller/share/ament_index/resource_index/packages/mecanum_drive_controller
[26.990s] -- Installing: /home/mo/yahboom_ws/install/mecanum_drive_controller/share/ament_index/resource_index/controller_interface__pluginlib__plugin/mecanum_drive_controller
[26.990s] -- Installing: /home/mo/yahboom_ws/install/mecanum_drive_controller/share/mecanum_drive_controller/cmake/export_mecanum_drive_controllerExport.cmake
[26.990s] -- Installing: /home/mo/yahboom_ws/install/mecanum_drive_controller/share/mecanum_drive_controller/cmake/export_mecanum_drive_controllerExport-noconfig.cmake
[26.990s] -- Installing: /home/mo/yahboom_ws/install/mecanum_drive_controller/share/mecanum_drive_controller/cmake/ament_cmake_export_dependencies-extras.cmake
[26.990s] -- Installing: /home/mo/yahboom_ws/install/mecanum_drive_controller/share/mecanum_drive_controller/cmake/ament_cmake_export_targets-extras.cmake
[26.991s] -- Installing: /home/mo/yahboom_ws/install/mecanum_drive_controller/share/mecanum_drive_controller/cmake/mecanum_drive_controllerConfig.cmake
[26.991s] -- Installing: /home/mo/yahboom_ws/install/mecanum_drive_controller/share/mecanum_drive_controller/cmake/mecanum_drive_controllerConfig-version.cmake
[26.991s] -- Installing: /home/mo/yahboom_ws/install/mecanum_drive_controller/share/mecanum_drive_controller/package.xml
[26.993s] Invoked command in '/home/mo/yahboom_ws/build/mecanum_drive_controller' returned '0': CMAKE_PREFIX_PATH=${CMAKE_PREFIX_PATH}:/opt/ros/humble /usr/bin/cmake --install /home/mo/yahboom_ws/build/mecanum_drive_controller
