-- Install configuration: ""
-- Up-to-date: /home/mo/yahboom_ws/install/yahboom_rosmaster_bringup/share/yahboom_rosmaster_bringup/launch
-- Installing: /home/mo/yahboom_ws/install/yahboom_rosmaster_bringup/share/yahboom_rosmaster_bringup/launch/rosmaster_x3_navigation.launch.py
-- Up-to-date: /home/mo/yahboom_ws/install/yahboom_rosmaster_bringup/share/yahboom_rosmaster_bringup/launch/__pycache__
-- Up-to-date: /home/mo/yahboom_ws/install/yahboom_rosmaster_bringup/share/yahboom_rosmaster_bringup/launch/load_ros2_controllers.launch.py
-- Up-to-date: /home/mo/yahboom_ws/install/yahboom_rosmaster_bringup/share/yahboom_rosmaster_bringup/scripts
-- Installing: /home/mo/yahboom_ws/install/yahboom_rosmaster_bringup/share/yahboom_rosmaster_bringup/scripts/rosmaster_x3_navigation.sh
-- Up-to-date: /home/mo/yahboom_ws/install/yahboom_rosmaster_bringup/share/yahboom_rosmaster_bringup/scripts/rosmaster_x3_gazebo.sh
-- Up-to-date: /home/mo/yahboom_ws/install/yahboom_rosmaster_bringup/share/ament_index/resource_index/package_run_dependencies/yahboom_rosmaster_bringup
-- Up-to-date: /home/mo/yahboom_ws/install/yahboom_rosmaster_bringup/share/ament_index/resource_index/parent_prefix_path/yahboom_rosmaster_bringup
-- Up-to-date: /home/mo/yahboom_ws/install/yahboom_rosmaster_bringup/share/yahboom_rosmaster_bringup/environment/ament_prefix_path.sh
-- Up-to-date: /home/mo/yahboom_ws/install/yahboom_rosmaster_bringup/share/yahboom_rosmaster_bringup/environment/ament_prefix_path.dsv
-- Up-to-date: /home/mo/yahboom_ws/install/yahboom_rosmaster_bringup/share/yahboom_rosmaster_bringup/environment/path.sh
-- Up-to-date: /home/mo/yahboom_ws/install/yahboom_rosmaster_bringup/share/yahboom_rosmaster_bringup/environment/path.dsv
-- Up-to-date: /home/mo/yahboom_ws/install/yahboom_rosmaster_bringup/share/yahboom_rosmaster_bringup/local_setup.bash
-- Up-to-date: /home/mo/yahboom_ws/install/yahboom_rosmaster_bringup/share/yahboom_rosmaster_bringup/local_setup.sh
-- Up-to-date: /home/mo/yahboom_ws/install/yahboom_rosmaster_bringup/share/yahboom_rosmaster_bringup/local_setup.zsh
-- Up-to-date: /home/mo/yahboom_ws/install/yahboom_rosmaster_bringup/share/yahboom_rosmaster_bringup/local_setup.dsv
-- Installing: /home/mo/yahboom_ws/install/yahboom_rosmaster_bringup/share/yahboom_rosmaster_bringup/package.dsv
-- Up-to-date: /home/mo/yahboom_ws/install/yahboom_rosmaster_bringup/share/ament_index/resource_index/packages/yahboom_rosmaster_bringup
-- Up-to-date: /home/mo/yahboom_ws/install/yahboom_rosmaster_bringup/share/yahboom_rosmaster_bringup/cmake/yahboom_rosmaster_bringupConfig.cmake
-- Up-to-date: /home/mo/yahboom_ws/install/yahboom_rosmaster_bringup/share/yahboom_rosmaster_bringup/cmake/yahboom_rosmaster_bringupConfig-version.cmake
-- Up-to-date: /home/mo/yahboom_ws/install/yahboom_rosmaster_bringup/share/yahboom_rosmaster_bringup/package.xml
