[0.022s] Invoking command in '/home/mo/yahboom_ws/build/yahboom_rosmaster_navigation': CMAKE_PREFIX_PATH=${CMAKE_PREFIX_PATH}:/opt/ros/humble /usr/bin/cmake --build /home/mo/yahboom_ws/build/yahboom_rosmaster_navigation -- -j4 -l4
[0.111s] [  0%] Built target ament_cmake_python_copy_yahboom_rosmaster_navigation
[0.112s] [ 50%] [32mBuilding CXX object CMakeFiles/cmd_vel_relay.dir/src/cmd_vel_relay_node.cpp.o[0m
[0.463s] running egg_info
[0.464s] creating yahboom_rosmaster_navigation.egg-info
[0.465s] writing yahboom_rosmaster_navigation.egg-info/PKG-INFO
[0.465s] writing dependency_links to yahboom_rosmaster_navigation.egg-info/dependency_links.txt
[0.466s] writing top-level names to yahboom_rosmaster_navigation.egg-info/top_level.txt
[0.466s] writing manifest file 'yahboom_rosmaster_navigation.egg-info/SOURCES.txt'
[0.472s] reading manifest file 'yahboom_rosmaster_navigation.egg-info/SOURCES.txt'
[0.472s] writing manifest file 'yahboom_rosmaster_navigation.egg-info/SOURCES.txt'
[0.508s] [ 50%] Built target ament_cmake_python_build_yahboom_rosmaster_navigation_egg
[26.182s] [100%] [32m[1mLinking CXX executable cmd_vel_relay[0m
[26.834s] [100%] Built target cmd_vel_relay
[26.867s] Invoked command in '/home/mo/yahboom_ws/build/yahboom_rosmaster_navigation' returned '0': CMAKE_PREFIX_PATH=${CMAKE_PREFIX_PATH}:/opt/ros/humble /usr/bin/cmake --build /home/mo/yahboom_ws/build/yahboom_rosmaster_navigation -- -j4 -l4
[26.871s] Invoking command in '/home/mo/yahboom_ws/build/yahboom_rosmaster_navigation': CMAKE_PREFIX_PATH=${CMAKE_PREFIX_PATH}:/opt/ros/humble /usr/bin/cmake --install /home/mo/yahboom_ws/build/yahboom_rosmaster_navigation
[26.880s] -- Install configuration: ""
[26.880s] -- Installing: /home/mo/yahboom_ws/install/yahboom_rosmaster_navigation/lib/yahboom_rosmaster_navigation/cmd_vel_relay
[26.886s] -- Set runtime path of "/home/mo/yahboom_ws/install/yahboom_rosmaster_navigation/lib/yahboom_rosmaster_navigation/cmd_vel_relay" to ""
[26.887s] -- Installing: /home/mo/yahboom_ws/install/yahboom_rosmaster_navigation/share/yahboom_rosmaster_navigation/config
[26.911s] -- Installing: /home/mo/yahboom_ws/install/yahboom_rosmaster_navigation/share/yahboom_rosmaster_navigation/config/rosmaster_x3_nav2_default_params.yaml
[26.914s] -- Installing: /home/mo/yahboom_ws/install/yahboom_rosmaster_navigation/share/yahboom_rosmaster_navigation/config/dock_database.yaml
[26.944s] -- Installing: /home/mo/yahboom_ws/install/yahboom_rosmaster_navigation/share/yahboom_rosmaster_navigation/config/rosmaster_x3_nav2_regulated_pure_pursuit_controller.yaml
[26.968s] -- Installing: /home/mo/yahboom_ws/install/yahboom_rosmaster_navigation/share/yahboom_rosmaster_navigation/maps
[26.968s] -- Installing: /home/mo/yahboom_ws/install/yahboom_rosmaster_navigation/share/yahboom_rosmaster_navigation/maps/cafe_world_map.yaml
[26.980s] -- Installing: /home/mo/yahboom_ws/install/yahboom_rosmaster_navigation/share/yahboom_rosmaster_navigation/maps/current_live_map.png
[27.019s] -- Installing: /home/mo/yahboom_ws/install/yahboom_rosmaster_navigation/share/yahboom_rosmaster_navigation/maps/current_live_map.pgm
[27.113s] -- Installing: /home/mo/yahboom_ws/install/yahboom_rosmaster_navigation/share/yahboom_rosmaster_navigation/maps/current_live_map.yaml
[27.176s] -- Installing: /home/mo/yahboom_ws/install/yahboom_rosmaster_navigation/share/yahboom_rosmaster_navigation/maps/cafe_world_map.pgm
[27.230s] -- Installing: /home/mo/yahboom_ws/install/yahboom_rosmaster_navigation/share/yahboom_rosmaster_navigation/maps/house_world_map.pgm
[27.279s] -- Installing: /home/mo/yahboom_ws/install/yahboom_rosmaster_navigation/share/yahboom_rosmaster_navigation/maps/temp_world_map.png
[27.303s] -- Installing: /home/mo/yahboom_ws/install/yahboom_rosmaster_navigation/share/yahboom_rosmaster_navigation/maps/house_world_map.yaml
[27.315s] -- Installing: /home/mo/yahboom_ws/install/yahboom_rosmaster_navigation/share/yahboom_rosmaster_navigation/maps/temp_world_map.yaml
[27.330s] -- Installing: /home/mo/yahboom_ws/install/yahboom_rosmaster_navigation/share/yahboom_rosmaster_navigation/maps/temp_world_map.pgm
[27.368s] -- Installing: /home/mo/yahboom_ws/install/yahboom_rosmaster_navigation/share/yahboom_rosmaster_navigation/rviz
[27.368s] -- Installing: /home/mo/yahboom_ws/install/yahboom_rosmaster_navigation/share/yahboom_rosmaster_navigation/rviz/nav2_default_view.rviz
[27.433s] -- Installing: /home/mo/yahboom_ws/install/yahboom_rosmaster_navigation/share/yahboom_rosmaster_navigation/rviz/slam_live_view.rviz
[27.466s] -- Installing: /home/mo/yahboom_ws/install/yahboom_rosmaster_navigation/share/yahboom_rosmaster_navigation/environment/pythonpath.sh
[27.467s] -- Installing: /home/mo/yahboom_ws/install/yahboom_rosmaster_navigation/share/yahboom_rosmaster_navigation/environment/pythonpath.dsv
[27.510s] -- Installing: /home/mo/yahboom_ws/install/yahboom_rosmaster_navigation/local/lib/python3.10/dist-packages/yahboom_rosmaster_navigation-0.0.0-py3.10.egg-info
[27.510s] -- Installing: /home/mo/yahboom_ws/install/yahboom_rosmaster_navigation/local/lib/python3.10/dist-packages/yahboom_rosmaster_navigation-0.0.0-py3.10.egg-info/SOURCES.txt
[27.511s] -- Installing: /home/mo/yahboom_ws/install/yahboom_rosmaster_navigation/local/lib/python3.10/dist-packages/yahboom_rosmaster_navigation-0.0.0-py3.10.egg-info/dependency_links.txt
[27.511s] -- Installing: /home/mo/yahboom_ws/install/yahboom_rosmaster_navigation/local/lib/python3.10/dist-packages/yahboom_rosmaster_navigation-0.0.0-py3.10.egg-info/PKG-INFO
[27.511s] -- Installing: /home/mo/yahboom_ws/install/yahboom_rosmaster_navigation/local/lib/python3.10/dist-packages/yahboom_rosmaster_navigation-0.0.0-py3.10.egg-info/top_level.txt
[27.511s] -- Installing: /home/mo/yahboom_ws/install/yahboom_rosmaster_navigation/local/lib/python3.10/dist-packages/yahboom_rosmaster_navigation
[27.525s] -- Installing: /home/mo/yahboom_ws/install/yahboom_rosmaster_navigation/local/lib/python3.10/dist-packages/yahboom_rosmaster_navigation/__init__.py
[27.525s] -- Installing: /home/mo/yahboom_ws/install/yahboom_rosmaster_navigation/local/lib/python3.10/dist-packages/yahboom_rosmaster_navigation/posestamped_msg_generator.py
[27.703s] Listing '/home/mo/yahboom_ws/install/yahboom_rosmaster_navigation/local/lib/python3.10/dist-packages/yahboom_rosmaster_navigation'...
[27.706s] Compiling '/home/mo/yahboom_ws/install/yahboom_rosmaster_navigation/local/lib/python3.10/dist-packages/yahboom_rosmaster_navigation/__init__.py'...
[27.706s] Compiling '/home/mo/yahboom_ws/install/yahboom_rosmaster_navigation/local/lib/python3.10/dist-packages/yahboom_rosmaster_navigation/posestamped_msg_generator.py'...
[27.708s] -- Installing: /home/mo/yahboom_ws/install/yahboom_rosmaster_navigation/lib/yahboom_rosmaster_navigation/assisted_teleoperation.py
[27.735s] -- Installing: /home/mo/yahboom_ws/install/yahboom_rosmaster_navigation/lib/yahboom_rosmaster_navigation/frontier_explorer.py
[27.738s] -- Installing: /home/mo/yahboom_ws/install/yahboom_rosmaster_navigation/lib/yahboom_rosmaster_navigation/nav_to_pose.py
[27.761s] -- Installing: /home/mo/yahboom_ws/install/yahboom_rosmaster_navigation/lib/yahboom_rosmaster_navigation/test_nav_to_pose.py
[27.773s] -- Installing: /home/mo/yahboom_ws/install/yahboom_rosmaster_navigation/share/ament_index/resource_index/package_run_dependencies/yahboom_rosmaster_navigation
[27.773s] -- Installing: /home/mo/yahboom_ws/install/yahboom_rosmaster_navigation/share/ament_index/resource_index/parent_prefix_path/yahboom_rosmaster_navigation
[27.773s] -- Installing: /home/mo/yahboom_ws/install/yahboom_rosmaster_navigation/share/yahboom_rosmaster_navigation/environment/ament_prefix_path.sh
[27.774s] -- Installing: /home/mo/yahboom_ws/install/yahboom_rosmaster_navigation/share/yahboom_rosmaster_navigation/environment/ament_prefix_path.dsv
[27.775s] -- Installing: /home/mo/yahboom_ws/install/yahboom_rosmaster_navigation/share/yahboom_rosmaster_navigation/environment/path.sh
[27.775s] -- Installing: /home/mo/yahboom_ws/install/yahboom_rosmaster_navigation/share/yahboom_rosmaster_navigation/environment/path.dsv
[27.775s] -- Installing: /home/mo/yahboom_ws/install/yahboom_rosmaster_navigation/share/yahboom_rosmaster_navigation/local_setup.bash
[27.775s] -- Installing: /home/mo/yahboom_ws/install/yahboom_rosmaster_navigation/share/yahboom_rosmaster_navigation/local_setup.sh
[27.776s] -- Installing: /home/mo/yahboom_ws/install/yahboom_rosmaster_navigation/share/yahboom_rosmaster_navigation/local_setup.zsh
[27.776s] -- Installing: /home/mo/yahboom_ws/install/yahboom_rosmaster_navigation/share/yahboom_rosmaster_navigation/local_setup.dsv
[27.776s] -- Installing: /home/mo/yahboom_ws/install/yahboom_rosmaster_navigation/share/yahboom_rosmaster_navigation/package.dsv
[27.776s] -- Installing: /home/mo/yahboom_ws/install/yahboom_rosmaster_navigation/share/ament_index/resource_index/packages/yahboom_rosmaster_navigation
[27.776s] -- Installing: /home/mo/yahboom_ws/install/yahboom_rosmaster_navigation/share/yahboom_rosmaster_navigation/cmake/yahboom_rosmaster_navigationConfig.cmake
[27.777s] -- Installing: /home/mo/yahboom_ws/install/yahboom_rosmaster_navigation/share/yahboom_rosmaster_navigation/cmake/yahboom_rosmaster_navigationConfig-version.cmake
[27.777s] -- Installing: /home/mo/yahboom_ws/install/yahboom_rosmaster_navigation/share/yahboom_rosmaster_navigation/package.xml
[27.797s] Invoked command in '/home/mo/yahboom_ws/build/yahboom_rosmaster_navigation' returned '0': CMAKE_PREFIX_PATH=${CMAKE_PREFIX_PATH}:/opt/ros/humble /usr/bin/cmake --install /home/mo/yahboom_ws/build/yahboom_rosmaster_navigation
