-- The C compiler identification is GNU 11.4.0
-- The CXX compiler identification is GNU 11.4.0
-- Detecting C compiler ABI info
-- Detecting C compiler ABI info - done
-- Check for working C compiler: /usr/bin/cc - skipped
-- Detecting C compile features
-- Detecting C compile features - done
-- Detecting CXX compiler ABI info
-- Detecting CXX compiler ABI info - done
-- Check for working CXX compiler: /usr/bin/c++ - skipped
-- Detecting CXX compile features
-- Detecting CXX compile features - done
-- Found ament_cmake: 1.3.13 (/opt/ros/humble/share/ament_cmake/cmake)
-- Found Python3: /usr/bin/python3 (found version "3.10.12") found components: Interpreter 
-- Found robot_localization: 3.5.4 (/opt/ros/humble/share/robot_localization/cmake)
-- Found rosidl_generator_c: 3.1.8 (/opt/ros/humble/share/rosidl_generator_c/cmake)
-- Found rosidl_adapter: 3.1.8 (/opt/ros/humble/share/rosidl_adapter/cmake)
-- Found rosidl_generator_cpp: 3.1.8 (/opt/ros/humble/share/rosidl_generator_cpp/cmake)
-- Using all available rosidl_typesupport_c: rosidl_typesupport_fastrtps_c;rosidl_typesupport_introspection_c
-- Using all available rosidl_typesupport_cpp: rosidl_typesupport_fastrtps_cpp;rosidl_typesupport_introspection_cpp
-- Found ament_lint_auto: 0.12.15 (/opt/ros/humble/share/ament_lint_auto/cmake)
-- Added test 'flake8' to check Python code syntax and style conventions
-- Added test 'lint_cmake' to check CMake code style
-- Added test 'pep257' to check Python code against some of the docstring style conventions in PEP 257
-- Added test 'xmllint' to check XML markup files
-- Configuring done
-- Generating done
-- Build files have been written to: /home/mo/yahboom_ws/build/yahboom_rosmaster_localization
-- Install configuration: ""
-- Installing: /home/mo/yahboom_ws/install/yahboom_rosmaster_localization/share/yahboom_rosmaster_localization/config
-- Installing: /home/mo/yahboom_ws/install/yahboom_rosmaster_localization/share/yahboom_rosmaster_localization/config/ekf.yaml
-- Installing: /home/mo/yahboom_ws/install/yahboom_rosmaster_localization/share/yahboom_rosmaster_localization/launch
-- Installing: /home/mo/yahboom_ws/install/yahboom_rosmaster_localization/share/yahboom_rosmaster_localization/launch/ekf_gazebo.launch.py
-- Installing: /home/mo/yahboom_ws/install/yahboom_rosmaster_localization/share/ament_index/resource_index/package_run_dependencies/yahboom_rosmaster_localization
-- Installing: /home/mo/yahboom_ws/install/yahboom_rosmaster_localization/share/ament_index/resource_index/parent_prefix_path/yahboom_rosmaster_localization
-- Installing: /home/mo/yahboom_ws/install/yahboom_rosmaster_localization/share/yahboom_rosmaster_localization/environment/ament_prefix_path.sh
-- Installing: /home/mo/yahboom_ws/install/yahboom_rosmaster_localization/share/yahboom_rosmaster_localization/environment/ament_prefix_path.dsv
-- Installing: /home/mo/yahboom_ws/install/yahboom_rosmaster_localization/share/yahboom_rosmaster_localization/environment/path.sh
-- Installing: /home/mo/yahboom_ws/install/yahboom_rosmaster_localization/share/yahboom_rosmaster_localization/environment/path.dsv
-- Installing: /home/mo/yahboom_ws/install/yahboom_rosmaster_localization/share/yahboom_rosmaster_localization/local_setup.bash
-- Installing: /home/mo/yahboom_ws/install/yahboom_rosmaster_localization/share/yahboom_rosmaster_localization/local_setup.sh
-- Installing: /home/mo/yahboom_ws/install/yahboom_rosmaster_localization/share/yahboom_rosmaster_localization/local_setup.zsh
-- Installing: /home/mo/yahboom_ws/install/yahboom_rosmaster_localization/share/yahboom_rosmaster_localization/local_setup.dsv
-- Installing: /home/mo/yahboom_ws/install/yahboom_rosmaster_localization/share/yahboom_rosmaster_localization/package.dsv
-- Installing: /home/mo/yahboom_ws/install/yahboom_rosmaster_localization/share/ament_index/resource_index/packages/yahboom_rosmaster_localization
-- Installing: /home/mo/yahboom_ws/install/yahboom_rosmaster_localization/share/yahboom_rosmaster_localization/cmake/yahboom_rosmaster_localizationConfig.cmake
-- Installing: /home/mo/yahboom_ws/install/yahboom_rosmaster_localization/share/yahboom_rosmaster_localization/cmake/yahboom_rosmaster_localizationConfig-version.cmake
-- Installing: /home/mo/yahboom_ws/install/yahboom_rosmaster_localization/share/yahboom_rosmaster_localization/package.xml
