[0.413s] DEBUG:colcon:Command line arguments: ['/usr/bin/colcon', 'build', '--packages-select', 'yahboom_rosmaster_navigation']
[0.413s] DEBUG:colcon:Parsed command line arguments: Namespace(log_base=None, log_level=None, verb_name='build', build_base='build', install_base='install', merge_install=False, symlink_install=False, test_result_base=None, continue_on_error=False, executor='parallel', parallel_workers=4, event_handlers=None, ignore_user_meta=False, metas=['./colcon.meta'], base_paths=['.'], packages_ignore=None, packages_ignore_regex=None, paths=None, packages_up_to=None, packages_up_to_regex=None, packages_above=None, packages_above_and_dependencies=None, packages_above_depth=None, packages_select_by_dep=None, packages_skip_by_dep=None, packages_skip_up_to=None, packages_select_build_failed=False, packages_skip_build_finished=False, packages_select_test_failures=False, packages_skip_test_passed=False, packages_select=['yahboom_rosmaster_navigation'], packages_skip=None, packages_select_regex=None, packages_skip_regex=None, packages_start=None, packages_end=None, allow_overriding=[], cmake_args=None, cmake_target=None, cmake_target_skip_unavailable=False, cmake_clean_cache=False, cmake_clean_first=False, cmake_force_configure=False, ament_cmake_args=None, catkin_cmake_args=None, catkin_skip_building_tests=False, verb_parser=<colcon_defaults.argument_parser.defaults.DefaultArgumentsDecorator object at 0x728c5ce24940>, verb_extension=<colcon_core.verb.build.BuildVerb object at 0x728c5cf21e10>, main=<bound method BuildVerb.main of <colcon_core.verb.build.BuildVerb object at 0x728c5cf21e10>>)
[4.288s] Level 1:colcon.colcon_core.package_discovery:discover_packages(colcon_meta) check parameters
[4.288s] Level 1:colcon.colcon_core.package_discovery:discover_packages(recursive) check parameters
[4.288s] Level 1:colcon.colcon_core.package_discovery:discover_packages(ignore) check parameters
[4.288s] Level 1:colcon.colcon_core.package_discovery:discover_packages(path) check parameters
[4.288s] Level 1:colcon.colcon_core.package_discovery:discover_packages(colcon_meta) discover
[4.290s] Level 1:colcon.colcon_core.package_discovery:discover_packages(recursive) discover
[4.290s] INFO:colcon.colcon_core.package_discovery:Crawling recursively for packages in '/home/mo/yahboom_ws'
[4.290s] Level 1:colcon.colcon_core.package_identification:_identify(.) by extensions ['ignore', 'ignore_ament_install']
[4.290s] Level 1:colcon.colcon_core.package_identification:_identify(.) by extension 'ignore'
[4.291s] Level 1:colcon.colcon_core.package_identification:_identify(.) by extension 'ignore_ament_install'
[4.291s] Level 1:colcon.colcon_core.package_identification:_identify(.) by extensions ['colcon_pkg']
[4.291s] Level 1:colcon.colcon_core.package_identification:_identify(.) by extension 'colcon_pkg'
[4.291s] Level 1:colcon.colcon_core.package_identification:_identify(.) by extensions ['colcon_meta']
[4.291s] Level 1:colcon.colcon_core.package_identification:_identify(.) by extension 'colcon_meta'
[4.291s] Level 1:colcon.colcon_core.package_identification:_identify(.) by extensions ['ros']
[4.291s] Level 1:colcon.colcon_core.package_identification:_identify(.) by extension 'ros'
[4.352s] Level 1:colcon.colcon_core.package_identification:_identify(.) by extensions ['cmake', 'python']
[4.352s] Level 1:colcon.colcon_core.package_identification:_identify(.) by extension 'cmake'
[4.352s] Level 1:colcon.colcon_core.package_identification:_identify(.) by extension 'python'
[4.352s] Level 1:colcon.colcon_core.package_identification:_identify(.) by extensions ['python_setup_py']
[4.352s] Level 1:colcon.colcon_core.package_identification:_identify(.) by extension 'python_setup_py'
[4.352s] Level 1:colcon.colcon_core.package_identification:_identify(__pycache__) by extensions ['ignore', 'ignore_ament_install']
[4.353s] Level 1:colcon.colcon_core.package_identification:_identify(__pycache__) by extension 'ignore'
[4.353s] Level 1:colcon.colcon_core.package_identification:_identify(__pycache__) by extension 'ignore_ament_install'
[4.353s] Level 1:colcon.colcon_core.package_identification:_identify(__pycache__) by extensions ['colcon_pkg']
[4.353s] Level 1:colcon.colcon_core.package_identification:_identify(__pycache__) by extension 'colcon_pkg'
[4.353s] Level 1:colcon.colcon_core.package_identification:_identify(__pycache__) by extensions ['colcon_meta']
[4.353s] Level 1:colcon.colcon_core.package_identification:_identify(__pycache__) by extension 'colcon_meta'
[4.353s] Level 1:colcon.colcon_core.package_identification:_identify(__pycache__) by extensions ['ros']
[4.355s] Level 1:colcon.colcon_core.package_identification:_identify(__pycache__) by extension 'ros'
[4.355s] Level 1:colcon.colcon_core.package_identification:_identify(__pycache__) by extensions ['cmake', 'python']
[4.355s] Level 1:colcon.colcon_core.package_identification:_identify(__pycache__) by extension 'cmake'
[4.355s] Level 1:colcon.colcon_core.package_identification:_identify(__pycache__) by extension 'python'
[4.356s] Level 1:colcon.colcon_core.package_identification:_identify(__pycache__) by extensions ['python_setup_py']
[4.356s] Level 1:colcon.colcon_core.package_identification:_identify(__pycache__) by extension 'python_setup_py'
[4.356s] Level 1:colcon.colcon_core.package_identification:_identify(build) by extensions ['ignore', 'ignore_ament_install']
[4.356s] Level 1:colcon.colcon_core.package_identification:_identify(build) by extension 'ignore'
[4.356s] Level 1:colcon.colcon_core.package_identification:_identify(build) ignored
[4.356s] Level 1:colcon.colcon_core.package_identification:_identify(install) by extensions ['ignore', 'ignore_ament_install']
[4.356s] Level 1:colcon.colcon_core.package_identification:_identify(install) by extension 'ignore'
[4.356s] Level 1:colcon.colcon_core.package_identification:_identify(install) ignored
[4.356s] Level 1:colcon.colcon_core.package_identification:_identify(log) by extensions ['ignore', 'ignore_ament_install']
[4.356s] Level 1:colcon.colcon_core.package_identification:_identify(log) by extension 'ignore'
[4.357s] Level 1:colcon.colcon_core.package_identification:_identify(log) ignored
[4.357s] Level 1:colcon.colcon_core.package_identification:_identify(src) by extensions ['ignore', 'ignore_ament_install']
[4.357s] Level 1:colcon.colcon_core.package_identification:_identify(src) by extension 'ignore'
[4.357s] Level 1:colcon.colcon_core.package_identification:_identify(src) by extension 'ignore_ament_install'
[4.357s] Level 1:colcon.colcon_core.package_identification:_identify(src) by extensions ['colcon_pkg']
[4.357s] Level 1:colcon.colcon_core.package_identification:_identify(src) by extension 'colcon_pkg'
[4.357s] Level 1:colcon.colcon_core.package_identification:_identify(src) by extensions ['colcon_meta']
[4.357s] Level 1:colcon.colcon_core.package_identification:_identify(src) by extension 'colcon_meta'
[4.357s] Level 1:colcon.colcon_core.package_identification:_identify(src) by extensions ['ros']
[4.357s] Level 1:colcon.colcon_core.package_identification:_identify(src) by extension 'ros'
[4.357s] Level 1:colcon.colcon_core.package_identification:_identify(src) by extensions ['cmake', 'python']
[4.357s] Level 1:colcon.colcon_core.package_identification:_identify(src) by extension 'cmake'
[4.357s] Level 1:colcon.colcon_core.package_identification:_identify(src) by extension 'python'
[4.357s] Level 1:colcon.colcon_core.package_identification:_identify(src) by extensions ['python_setup_py']
[4.357s] Level 1:colcon.colcon_core.package_identification:_identify(src) by extension 'python_setup_py'
[4.358s] Level 1:colcon.colcon_core.package_identification:_identify(src/yahboom_rosmaster) by extensions ['ignore', 'ignore_ament_install']
[4.358s] Level 1:colcon.colcon_core.package_identification:_identify(src/yahboom_rosmaster) by extension 'ignore'
[4.358s] Level 1:colcon.colcon_core.package_identification:_identify(src/yahboom_rosmaster) by extension 'ignore_ament_install'
[4.358s] Level 1:colcon.colcon_core.package_identification:_identify(src/yahboom_rosmaster) by extensions ['colcon_pkg']
[4.358s] Level 1:colcon.colcon_core.package_identification:_identify(src/yahboom_rosmaster) by extension 'colcon_pkg'
[4.358s] Level 1:colcon.colcon_core.package_identification:_identify(src/yahboom_rosmaster) by extensions ['colcon_meta']
[4.358s] Level 1:colcon.colcon_core.package_identification:_identify(src/yahboom_rosmaster) by extension 'colcon_meta'
[4.358s] Level 1:colcon.colcon_core.package_identification:_identify(src/yahboom_rosmaster) by extensions ['ros']
[4.358s] Level 1:colcon.colcon_core.package_identification:_identify(src/yahboom_rosmaster) by extension 'ros'
[4.358s] Level 1:colcon.colcon_core.package_identification:_identify(src/yahboom_rosmaster) by extensions ['cmake', 'python']
[4.358s] Level 1:colcon.colcon_core.package_identification:_identify(src/yahboom_rosmaster) by extension 'cmake'
[4.358s] Level 1:colcon.colcon_core.package_identification:_identify(src/yahboom_rosmaster) by extension 'python'
[4.358s] Level 1:colcon.colcon_core.package_identification:_identify(src/yahboom_rosmaster) by extensions ['python_setup_py']
[4.358s] Level 1:colcon.colcon_core.package_identification:_identify(src/yahboom_rosmaster) by extension 'python_setup_py'
[4.358s] Level 1:colcon.colcon_core.package_identification:_identify(src/yahboom_rosmaster/mecanum_drive_controller) by extensions ['ignore', 'ignore_ament_install']
[4.359s] Level 1:colcon.colcon_core.package_identification:_identify(src/yahboom_rosmaster/mecanum_drive_controller) by extension 'ignore'
[4.359s] Level 1:colcon.colcon_core.package_identification:_identify(src/yahboom_rosmaster/mecanum_drive_controller) by extension 'ignore_ament_install'
[4.359s] Level 1:colcon.colcon_core.package_identification:_identify(src/yahboom_rosmaster/mecanum_drive_controller) by extensions ['colcon_pkg']
[4.359s] Level 1:colcon.colcon_core.package_identification:_identify(src/yahboom_rosmaster/mecanum_drive_controller) by extension 'colcon_pkg'
[4.359s] Level 1:colcon.colcon_core.package_identification:_identify(src/yahboom_rosmaster/mecanum_drive_controller) by extensions ['colcon_meta']
[4.359s] Level 1:colcon.colcon_core.package_identification:_identify(src/yahboom_rosmaster/mecanum_drive_controller) by extension 'colcon_meta'
[4.359s] Level 1:colcon.colcon_core.package_identification:_identify(src/yahboom_rosmaster/mecanum_drive_controller) by extensions ['ros']
[4.359s] Level 1:colcon.colcon_core.package_identification:_identify(src/yahboom_rosmaster/mecanum_drive_controller) by extension 'ros'
[4.389s] DEBUG:colcon.colcon_core.package_identification:Package 'src/yahboom_rosmaster/mecanum_drive_controller' with type 'ros.ament_cmake' and name 'mecanum_drive_controller'
[4.391s] Level 1:colcon.colcon_core.package_identification:_identify(src/yahboom_rosmaster/yahboom_rosmaster) by extensions ['ignore', 'ignore_ament_install']
[4.391s] Level 1:colcon.colcon_core.package_identification:_identify(src/yahboom_rosmaster/yahboom_rosmaster) by extension 'ignore'
[4.391s] Level 1:colcon.colcon_core.package_identification:_identify(src/yahboom_rosmaster/yahboom_rosmaster) by extension 'ignore_ament_install'
[4.391s] Level 1:colcon.colcon_core.package_identification:_identify(src/yahboom_rosmaster/yahboom_rosmaster) by extensions ['colcon_pkg']
[4.391s] Level 1:colcon.colcon_core.package_identification:_identify(src/yahboom_rosmaster/yahboom_rosmaster) by extension 'colcon_pkg'
[4.391s] Level 1:colcon.colcon_core.package_identification:_identify(src/yahboom_rosmaster/yahboom_rosmaster) by extensions ['colcon_meta']
[4.391s] Level 1:colcon.colcon_core.package_identification:_identify(src/yahboom_rosmaster/yahboom_rosmaster) by extension 'colcon_meta'
[4.391s] Level 1:colcon.colcon_core.package_identification:_identify(src/yahboom_rosmaster/yahboom_rosmaster) by extensions ['ros']
[4.391s] Level 1:colcon.colcon_core.package_identification:_identify(src/yahboom_rosmaster/yahboom_rosmaster) by extension 'ros'
[4.403s] DEBUG:colcon.colcon_core.package_identification:Package 'src/yahboom_rosmaster/yahboom_rosmaster' with type 'ros.ament_cmake' and name 'yahboom_rosmaster'
[4.403s] Level 1:colcon.colcon_core.package_identification:_identify(src/yahboom_rosmaster/yahboom_rosmaster_bringup) by extensions ['ignore', 'ignore_ament_install']
[4.403s] Level 1:colcon.colcon_core.package_identification:_identify(src/yahboom_rosmaster/yahboom_rosmaster_bringup) by extension 'ignore'
[4.403s] Level 1:colcon.colcon_core.package_identification:_identify(src/yahboom_rosmaster/yahboom_rosmaster_bringup) by extension 'ignore_ament_install'
[4.403s] Level 1:colcon.colcon_core.package_identification:_identify(src/yahboom_rosmaster/yahboom_rosmaster_bringup) by extensions ['colcon_pkg']
[4.403s] Level 1:colcon.colcon_core.package_identification:_identify(src/yahboom_rosmaster/yahboom_rosmaster_bringup) by extension 'colcon_pkg'
[4.403s] Level 1:colcon.colcon_core.package_identification:_identify(src/yahboom_rosmaster/yahboom_rosmaster_bringup) by extensions ['colcon_meta']
[4.403s] Level 1:colcon.colcon_core.package_identification:_identify(src/yahboom_rosmaster/yahboom_rosmaster_bringup) by extension 'colcon_meta'
[4.404s] Level 1:colcon.colcon_core.package_identification:_identify(src/yahboom_rosmaster/yahboom_rosmaster_bringup) by extensions ['ros']
[4.404s] Level 1:colcon.colcon_core.package_identification:_identify(src/yahboom_rosmaster/yahboom_rosmaster_bringup) by extension 'ros'
[4.405s] DEBUG:colcon.colcon_core.package_identification:Package 'src/yahboom_rosmaster/yahboom_rosmaster_bringup' with type 'ros.ament_cmake' and name 'yahboom_rosmaster_bringup'
[4.405s] Level 1:colcon.colcon_core.package_identification:_identify(src/yahboom_rosmaster/yahboom_rosmaster_description) by extensions ['ignore', 'ignore_ament_install']
[4.405s] Level 1:colcon.colcon_core.package_identification:_identify(src/yahboom_rosmaster/yahboom_rosmaster_description) by extension 'ignore'
[4.405s] Level 1:colcon.colcon_core.package_identification:_identify(src/yahboom_rosmaster/yahboom_rosmaster_description) by extension 'ignore_ament_install'
[4.405s] Level 1:colcon.colcon_core.package_identification:_identify(src/yahboom_rosmaster/yahboom_rosmaster_description) by extensions ['colcon_pkg']
[4.405s] Level 1:colcon.colcon_core.package_identification:_identify(src/yahboom_rosmaster/yahboom_rosmaster_description) by extension 'colcon_pkg'
[4.406s] Level 1:colcon.colcon_core.package_identification:_identify(src/yahboom_rosmaster/yahboom_rosmaster_description) by extensions ['colcon_meta']
[4.406s] Level 1:colcon.colcon_core.package_identification:_identify(src/yahboom_rosmaster/yahboom_rosmaster_description) by extension 'colcon_meta'
[4.406s] Level 1:colcon.colcon_core.package_identification:_identify(src/yahboom_rosmaster/yahboom_rosmaster_description) by extensions ['ros']
[4.406s] Level 1:colcon.colcon_core.package_identification:_identify(src/yahboom_rosmaster/yahboom_rosmaster_description) by extension 'ros'
[4.419s] DEBUG:colcon.colcon_core.package_identification:Package 'src/yahboom_rosmaster/yahboom_rosmaster_description' with type 'ros.ament_cmake' and name 'yahboom_rosmaster_description'
[4.419s] Level 1:colcon.colcon_core.package_identification:_identify(src/yahboom_rosmaster/yahboom_rosmaster_docking) by extensions ['ignore', 'ignore_ament_install']
[4.420s] Level 1:colcon.colcon_core.package_identification:_identify(src/yahboom_rosmaster/yahboom_rosmaster_docking) by extension 'ignore'
[4.420s] Level 1:colcon.colcon_core.package_identification:_identify(src/yahboom_rosmaster/yahboom_rosmaster_docking) by extension 'ignore_ament_install'
[4.420s] Level 1:colcon.colcon_core.package_identification:_identify(src/yahboom_rosmaster/yahboom_rosmaster_docking) by extensions ['colcon_pkg']
[4.420s] Level 1:colcon.colcon_core.package_identification:_identify(src/yahboom_rosmaster/yahboom_rosmaster_docking) by extension 'colcon_pkg'
[4.420s] Level 1:colcon.colcon_core.package_identification:_identify(src/yahboom_rosmaster/yahboom_rosmaster_docking) by extensions ['colcon_meta']
[4.420s] Level 1:colcon.colcon_core.package_identification:_identify(src/yahboom_rosmaster/yahboom_rosmaster_docking) by extension 'colcon_meta'
[4.420s] Level 1:colcon.colcon_core.package_identification:_identify(src/yahboom_rosmaster/yahboom_rosmaster_docking) by extensions ['ros']
[4.420s] Level 1:colcon.colcon_core.package_identification:_identify(src/yahboom_rosmaster/yahboom_rosmaster_docking) by extension 'ros'
[4.422s] DEBUG:colcon.colcon_core.package_identification:Package 'src/yahboom_rosmaster/yahboom_rosmaster_docking' with type 'ros.ament_cmake' and name 'yahboom_rosmaster_docking'
[4.422s] Level 1:colcon.colcon_core.package_identification:_identify(src/yahboom_rosmaster/yahboom_rosmaster_gazebo) by extensions ['ignore', 'ignore_ament_install']
[4.422s] Level 1:colcon.colcon_core.package_identification:_identify(src/yahboom_rosmaster/yahboom_rosmaster_gazebo) by extension 'ignore'
[4.422s] Level 1:colcon.colcon_core.package_identification:_identify(src/yahboom_rosmaster/yahboom_rosmaster_gazebo) by extension 'ignore_ament_install'
[4.422s] Level 1:colcon.colcon_core.package_identification:_identify(src/yahboom_rosmaster/yahboom_rosmaster_gazebo) by extensions ['colcon_pkg']
[4.422s] Level 1:colcon.colcon_core.package_identification:_identify(src/yahboom_rosmaster/yahboom_rosmaster_gazebo) by extension 'colcon_pkg'
[4.423s] Level 1:colcon.colcon_core.package_identification:_identify(src/yahboom_rosmaster/yahboom_rosmaster_gazebo) by extensions ['colcon_meta']
[4.423s] Level 1:colcon.colcon_core.package_identification:_identify(src/yahboom_rosmaster/yahboom_rosmaster_gazebo) by extension 'colcon_meta'
[4.423s] Level 1:colcon.colcon_core.package_identification:_identify(src/yahboom_rosmaster/yahboom_rosmaster_gazebo) by extensions ['ros']
[4.423s] Level 1:colcon.colcon_core.package_identification:_identify(src/yahboom_rosmaster/yahboom_rosmaster_gazebo) by extension 'ros'
[4.429s] DEBUG:colcon.colcon_core.package_identification:Package 'src/yahboom_rosmaster/yahboom_rosmaster_gazebo' with type 'ros.ament_cmake' and name 'yahboom_rosmaster_gazebo'
[4.429s] Level 1:colcon.colcon_core.package_identification:_identify(src/yahboom_rosmaster/yahboom_rosmaster_localization) by extensions ['ignore', 'ignore_ament_install']
[4.430s] Level 1:colcon.colcon_core.package_identification:_identify(src/yahboom_rosmaster/yahboom_rosmaster_localization) by extension 'ignore'
[4.430s] Level 1:colcon.colcon_core.package_identification:_identify(src/yahboom_rosmaster/yahboom_rosmaster_localization) by extension 'ignore_ament_install'
[4.430s] Level 1:colcon.colcon_core.package_identification:_identify(src/yahboom_rosmaster/yahboom_rosmaster_localization) by extensions ['colcon_pkg']
[4.430s] Level 1:colcon.colcon_core.package_identification:_identify(src/yahboom_rosmaster/yahboom_rosmaster_localization) by extension 'colcon_pkg'
[4.430s] Level 1:colcon.colcon_core.package_identification:_identify(src/yahboom_rosmaster/yahboom_rosmaster_localization) by extensions ['colcon_meta']
[4.430s] Level 1:colcon.colcon_core.package_identification:_identify(src/yahboom_rosmaster/yahboom_rosmaster_localization) by extension 'colcon_meta'
[4.430s] Level 1:colcon.colcon_core.package_identification:_identify(src/yahboom_rosmaster/yahboom_rosmaster_localization) by extensions ['ros']
[4.430s] Level 1:colcon.colcon_core.package_identification:_identify(src/yahboom_rosmaster/yahboom_rosmaster_localization) by extension 'ros'
[4.432s] DEBUG:colcon.colcon_core.package_identification:Package 'src/yahboom_rosmaster/yahboom_rosmaster_localization' with type 'ros.ament_cmake' and name 'yahboom_rosmaster_localization'
[4.432s] Level 1:colcon.colcon_core.package_identification:_identify(src/yahboom_rosmaster/yahboom_rosmaster_msgs) by extensions ['ignore', 'ignore_ament_install']
[4.432s] Level 1:colcon.colcon_core.package_identification:_identify(src/yahboom_rosmaster/yahboom_rosmaster_msgs) by extension 'ignore'
[4.432s] Level 1:colcon.colcon_core.package_identification:_identify(src/yahboom_rosmaster/yahboom_rosmaster_msgs) by extension 'ignore_ament_install'
[4.432s] Level 1:colcon.colcon_core.package_identification:_identify(src/yahboom_rosmaster/yahboom_rosmaster_msgs) by extensions ['colcon_pkg']
[4.432s] Level 1:colcon.colcon_core.package_identification:_identify(src/yahboom_rosmaster/yahboom_rosmaster_msgs) by extension 'colcon_pkg'
[4.432s] Level 1:colcon.colcon_core.package_identification:_identify(src/yahboom_rosmaster/yahboom_rosmaster_msgs) by extensions ['colcon_meta']
[4.432s] Level 1:colcon.colcon_core.package_identification:_identify(src/yahboom_rosmaster/yahboom_rosmaster_msgs) by extension 'colcon_meta'
[4.432s] Level 1:colcon.colcon_core.package_identification:_identify(src/yahboom_rosmaster/yahboom_rosmaster_msgs) by extensions ['ros']
[4.432s] Level 1:colcon.colcon_core.package_identification:_identify(src/yahboom_rosmaster/yahboom_rosmaster_msgs) by extension 'ros'
[4.434s] DEBUG:colcon.colcon_core.package_identification:Package 'src/yahboom_rosmaster/yahboom_rosmaster_msgs' with type 'ros.ament_cmake' and name 'yahboom_rosmaster_msgs'
[4.434s] Level 1:colcon.colcon_core.package_identification:_identify(src/yahboom_rosmaster/yahboom_rosmaster_navigation) by extensions ['ignore', 'ignore_ament_install']
[4.434s] Level 1:colcon.colcon_core.package_identification:_identify(src/yahboom_rosmaster/yahboom_rosmaster_navigation) by extension 'ignore'
[4.434s] Level 1:colcon.colcon_core.package_identification:_identify(src/yahboom_rosmaster/yahboom_rosmaster_navigation) by extension 'ignore_ament_install'
[4.434s] Level 1:colcon.colcon_core.package_identification:_identify(src/yahboom_rosmaster/yahboom_rosmaster_navigation) by extensions ['colcon_pkg']
[4.434s] Level 1:colcon.colcon_core.package_identification:_identify(src/yahboom_rosmaster/yahboom_rosmaster_navigation) by extension 'colcon_pkg'
[4.435s] Level 1:colcon.colcon_core.package_identification:_identify(src/yahboom_rosmaster/yahboom_rosmaster_navigation) by extensions ['colcon_meta']
[4.435s] Level 1:colcon.colcon_core.package_identification:_identify(src/yahboom_rosmaster/yahboom_rosmaster_navigation) by extension 'colcon_meta'
[4.435s] Level 1:colcon.colcon_core.package_identification:_identify(src/yahboom_rosmaster/yahboom_rosmaster_navigation) by extensions ['ros']
[4.435s] Level 1:colcon.colcon_core.package_identification:_identify(src/yahboom_rosmaster/yahboom_rosmaster_navigation) by extension 'ros'
[4.446s] DEBUG:colcon.colcon_core.package_identification:Package 'src/yahboom_rosmaster/yahboom_rosmaster_navigation' with type 'ros.ament_cmake' and name 'yahboom_rosmaster_navigation'
[4.446s] Level 1:colcon.colcon_core.package_identification:_identify(src/yahboom_rosmaster/yahboom_rosmaster_system_tests) by extensions ['ignore', 'ignore_ament_install']
[4.446s] Level 1:colcon.colcon_core.package_identification:_identify(src/yahboom_rosmaster/yahboom_rosmaster_system_tests) by extension 'ignore'
[4.446s] Level 1:colcon.colcon_core.package_identification:_identify(src/yahboom_rosmaster/yahboom_rosmaster_system_tests) by extension 'ignore_ament_install'
[4.446s] Level 1:colcon.colcon_core.package_identification:_identify(src/yahboom_rosmaster/yahboom_rosmaster_system_tests) by extensions ['colcon_pkg']
[4.446s] Level 1:colcon.colcon_core.package_identification:_identify(src/yahboom_rosmaster/yahboom_rosmaster_system_tests) by extension 'colcon_pkg'
[4.446s] Level 1:colcon.colcon_core.package_identification:_identify(src/yahboom_rosmaster/yahboom_rosmaster_system_tests) by extensions ['colcon_meta']
[4.446s] Level 1:colcon.colcon_core.package_identification:_identify(src/yahboom_rosmaster/yahboom_rosmaster_system_tests) by extension 'colcon_meta'
[4.446s] Level 1:colcon.colcon_core.package_identification:_identify(src/yahboom_rosmaster/yahboom_rosmaster_system_tests) by extensions ['ros']
[4.446s] Level 1:colcon.colcon_core.package_identification:_identify(src/yahboom_rosmaster/yahboom_rosmaster_system_tests) by extension 'ros'
[4.448s] DEBUG:colcon.colcon_core.package_identification:Package 'src/yahboom_rosmaster/yahboom_rosmaster_system_tests' with type 'ros.ament_cmake' and name 'yahboom_rosmaster_system_tests'
[4.449s] Level 1:colcon.colcon_core.package_discovery:discover_packages(recursive) using defaults
[4.449s] Level 1:colcon.colcon_core.package_discovery:discover_packages(ignore) discover
[4.449s] Level 1:colcon.colcon_core.package_discovery:discover_packages(ignore) using defaults
[4.449s] Level 1:colcon.colcon_core.package_discovery:discover_packages(path) discover
[4.449s] Level 1:colcon.colcon_core.package_discovery:discover_packages(path) using defaults
[4.562s] INFO:colcon.colcon_core.package_selection:Skipping not selected package 'mecanum_drive_controller' in 'src/yahboom_rosmaster/mecanum_drive_controller'
[4.562s] INFO:colcon.colcon_core.package_selection:Skipping not selected package 'yahboom_rosmaster_bringup' in 'src/yahboom_rosmaster/yahboom_rosmaster_bringup'
[4.562s] INFO:colcon.colcon_core.package_selection:Skipping not selected package 'yahboom_rosmaster_description' in 'src/yahboom_rosmaster/yahboom_rosmaster_description'
[4.563s] INFO:colcon.colcon_core.package_selection:Skipping not selected package 'yahboom_rosmaster_docking' in 'src/yahboom_rosmaster/yahboom_rosmaster_docking'
[4.563s] INFO:colcon.colcon_core.package_selection:Skipping not selected package 'yahboom_rosmaster_gazebo' in 'src/yahboom_rosmaster/yahboom_rosmaster_gazebo'
[4.563s] INFO:colcon.colcon_core.package_selection:Skipping not selected package 'yahboom_rosmaster_localization' in 'src/yahboom_rosmaster/yahboom_rosmaster_localization'
[4.563s] INFO:colcon.colcon_core.package_selection:Skipping not selected package 'yahboom_rosmaster_msgs' in 'src/yahboom_rosmaster/yahboom_rosmaster_msgs'
[4.563s] INFO:colcon.colcon_core.package_selection:Skipping not selected package 'yahboom_rosmaster_system_tests' in 'src/yahboom_rosmaster/yahboom_rosmaster_system_tests'
[4.563s] INFO:colcon.colcon_core.package_selection:Skipping not selected package 'yahboom_rosmaster' in 'src/yahboom_rosmaster/yahboom_rosmaster'
[4.563s] Level 1:colcon.colcon_core.package_discovery:discover_packages(prefix_path) check parameters
[4.563s] Level 1:colcon.colcon_core.package_discovery:discover_packages(prefix_path) discover
[4.581s] DEBUG:colcon.colcon_installed_package_information.package_discovery:Found 10 installed packages in /home/mo/yahboom_ws/install
[4.584s] DEBUG:colcon.colcon_installed_package_information.package_discovery:Found 395 installed packages in /opt/ros/humble
[4.586s] Level 1:colcon.colcon_core.package_discovery:discover_packages(prefix_path) using defaults
[4.772s] WARNING:colcon.colcon_core.package_selection:Some selected packages are already built in one or more underlay workspaces:
	'yahboom_rosmaster_navigation' is in: /home/mo/yahboom_ws/install/yahboom_rosmaster_navigation
If a package in a merged underlay workspace is overridden and it installs headers, then all packages in the overlay must sort their include directories by workspace order. Failure to do so may result in build failures or undefined behavior at run time.
If the overridden package is used by another package in any underlay, then the overriding package in the overlay must be API and ABI compatible or undefined behavior at run time may occur.

If you understand the risks and want to override a package anyways, add the following to the command line:
	--allow-overriding yahboom_rosmaster_navigation

This may be promoted to an error in a future release of colcon-override-check.
[4.774s] Level 5:colcon.colcon_core.verb:set package 'yahboom_rosmaster_navigation' build argument 'cmake_args' from command line to 'None'
[4.774s] Level 5:colcon.colcon_core.verb:set package 'yahboom_rosmaster_navigation' build argument 'cmake_target' from command line to 'None'
[4.774s] Level 5:colcon.colcon_core.verb:set package 'yahboom_rosmaster_navigation' build argument 'cmake_target_skip_unavailable' from command line to 'False'
[4.774s] Level 5:colcon.colcon_core.verb:set package 'yahboom_rosmaster_navigation' build argument 'cmake_clean_cache' from command line to 'False'
[4.774s] Level 5:colcon.colcon_core.verb:set package 'yahboom_rosmaster_navigation' build argument 'cmake_clean_first' from command line to 'False'
[4.774s] Level 5:colcon.colcon_core.verb:set package 'yahboom_rosmaster_navigation' build argument 'cmake_force_configure' from command line to 'False'
[4.774s] Level 5:colcon.colcon_core.verb:set package 'yahboom_rosmaster_navigation' build argument 'ament_cmake_args' from command line to 'None'
[4.774s] Level 5:colcon.colcon_core.verb:set package 'yahboom_rosmaster_navigation' build argument 'catkin_cmake_args' from command line to 'None'
[4.774s] Level 5:colcon.colcon_core.verb:set package 'yahboom_rosmaster_navigation' build argument 'catkin_skip_building_tests' from command line to 'False'
[4.774s] DEBUG:colcon.colcon_core.verb:Building package 'yahboom_rosmaster_navigation' with the following arguments: {'ament_cmake_args': None, 'build_base': '/home/mo/yahboom_ws/build/yahboom_rosmaster_navigation', 'catkin_cmake_args': None, 'catkin_skip_building_tests': False, 'cmake_args': None, 'cmake_clean_cache': False, 'cmake_clean_first': False, 'cmake_force_configure': False, 'cmake_target': None, 'cmake_target_skip_unavailable': False, 'install_base': '/home/mo/yahboom_ws/install/yahboom_rosmaster_navigation', 'merge_install': False, 'path': '/home/mo/yahboom_ws/src/yahboom_rosmaster/yahboom_rosmaster_navigation', 'symlink_install': False, 'test_result_base': None}
[4.774s] INFO:colcon.colcon_core.executor:Executing jobs using 'parallel' executor
[4.776s] DEBUG:colcon.colcon_parallel_executor.executor.parallel:run_until_complete
[4.776s] INFO:colcon.colcon_ros.task.ament_cmake.build:Building ROS package in '/home/mo/yahboom_ws/src/yahboom_rosmaster/yahboom_rosmaster_navigation' with build type 'ament_cmake'
[4.776s] INFO:colcon.colcon_cmake.task.cmake.build:Building CMake package in '/home/mo/yahboom_ws/src/yahboom_rosmaster/yahboom_rosmaster_navigation'
[4.829s] INFO:colcon.colcon_core.plugin_system:Skipping extension 'colcon_core.shell.bat': Not used on non-Windows systems
[4.829s] INFO:colcon.colcon_core.shell:Skip shell extension 'powershell' for command environment: Not usable outside of PowerShell
[4.830s] DEBUG:colcon.colcon_core.shell:Skip shell extension 'dsv' for command environment
[4.931s] DEBUG:colcon.colcon_core.event_handler.log_command:Invoking command in '/home/mo/yahboom_ws/build/yahboom_rosmaster_navigation': CMAKE_PREFIX_PATH=${CMAKE_PREFIX_PATH}:/opt/ros/humble /usr/bin/cmake --build /home/mo/yahboom_ws/build/yahboom_rosmaster_navigation -- -j4 -l4
[7.614s] DEBUG:colcon.colcon_core.event_handler.log_command:Invoked command in '/home/mo/yahboom_ws/build/yahboom_rosmaster_navigation' returned '0': CMAKE_PREFIX_PATH=${CMAKE_PREFIX_PATH}:/opt/ros/humble /usr/bin/cmake --build /home/mo/yahboom_ws/build/yahboom_rosmaster_navigation -- -j4 -l4
[7.678s] DEBUG:colcon.colcon_core.event_handler.log_command:Invoking command in '/home/mo/yahboom_ws/build/yahboom_rosmaster_navigation': CMAKE_PREFIX_PATH=${CMAKE_PREFIX_PATH}:/opt/ros/humble /usr/bin/cmake --install /home/mo/yahboom_ws/build/yahboom_rosmaster_navigation
[7.912s] Level 1:colcon.colcon_core.environment:create_environment_scripts_only(yahboom_rosmaster_navigation)
[7.913s] DEBUG:colcon.colcon_core.event_handler.log_command:Invoked command in '/home/mo/yahboom_ws/build/yahboom_rosmaster_navigation' returned '0': CMAKE_PREFIX_PATH=${CMAKE_PREFIX_PATH}:/opt/ros/humble /usr/bin/cmake --install /home/mo/yahboom_ws/build/yahboom_rosmaster_navigation
[8.147s] Level 1:colcon.colcon_core.environment:checking '/home/mo/yahboom_ws/install/yahboom_rosmaster_navigation' for CMake module files
[8.150s] Level 1:colcon.colcon_core.environment:checking '/home/mo/yahboom_ws/install/yahboom_rosmaster_navigation' for CMake config files
[8.151s] Level 1:colcon.colcon_core.shell:create_environment_hook('yahboom_rosmaster_navigation', 'cmake_prefix_path')
[8.151s] INFO:colcon.colcon_core.shell:Creating environment hook '/home/mo/yahboom_ws/install/yahboom_rosmaster_navigation/share/yahboom_rosmaster_navigation/hook/cmake_prefix_path.ps1'
[8.156s] INFO:colcon.colcon_core.shell:Creating environment descriptor '/home/mo/yahboom_ws/install/yahboom_rosmaster_navigation/share/yahboom_rosmaster_navigation/hook/cmake_prefix_path.dsv'
[8.165s] INFO:colcon.colcon_core.shell:Creating environment hook '/home/mo/yahboom_ws/install/yahboom_rosmaster_navigation/share/yahboom_rosmaster_navigation/hook/cmake_prefix_path.sh'
[8.191s] Level 1:colcon.colcon_core.environment:checking '/home/mo/yahboom_ws/install/yahboom_rosmaster_navigation/lib'
[8.191s] Level 1:colcon.colcon_core.environment:checking '/home/mo/yahboom_ws/install/yahboom_rosmaster_navigation/bin'
[8.192s] Level 1:colcon.colcon_core.environment:checking '/home/mo/yahboom_ws/install/yahboom_rosmaster_navigation/lib/pkgconfig/yahboom_rosmaster_navigation.pc'
[8.192s] Level 1:colcon.colcon_core.environment:checking '/home/mo/yahboom_ws/install/yahboom_rosmaster_navigation/lib/python3.10/site-packages'
[8.192s] Level 1:colcon.colcon_core.environment:checking '/home/mo/yahboom_ws/install/yahboom_rosmaster_navigation/bin'
[8.193s] INFO:colcon.colcon_core.shell:Creating package script '/home/mo/yahboom_ws/install/yahboom_rosmaster_navigation/share/yahboom_rosmaster_navigation/package.ps1'
[8.215s] INFO:colcon.colcon_core.shell:Creating package descriptor '/home/mo/yahboom_ws/install/yahboom_rosmaster_navigation/share/yahboom_rosmaster_navigation/package.dsv'
[8.234s] INFO:colcon.colcon_core.shell:Creating package script '/home/mo/yahboom_ws/install/yahboom_rosmaster_navigation/share/yahboom_rosmaster_navigation/package.sh'
[8.257s] INFO:colcon.colcon_core.shell:Creating package script '/home/mo/yahboom_ws/install/yahboom_rosmaster_navigation/share/yahboom_rosmaster_navigation/package.bash'
[8.317s] INFO:colcon.colcon_core.shell:Creating package script '/home/mo/yahboom_ws/install/yahboom_rosmaster_navigation/share/yahboom_rosmaster_navigation/package.zsh'
[8.377s] Level 1:colcon.colcon_core.environment:create_file_with_runtime_dependencies(/home/mo/yahboom_ws/install/yahboom_rosmaster_navigation/share/colcon-core/packages/yahboom_rosmaster_navigation)
[8.378s] Level 1:colcon.colcon_core.environment:create_environment_scripts_only(yahboom_rosmaster_navigation)
[8.378s] Level 1:colcon.colcon_core.environment:checking '/home/mo/yahboom_ws/install/yahboom_rosmaster_navigation' for CMake module files
[8.379s] Level 1:colcon.colcon_core.environment:checking '/home/mo/yahboom_ws/install/yahboom_rosmaster_navigation' for CMake config files
[8.379s] Level 1:colcon.colcon_core.shell:create_environment_hook('yahboom_rosmaster_navigation', 'cmake_prefix_path')
[8.380s] INFO:colcon.colcon_core.shell:Creating environment hook '/home/mo/yahboom_ws/install/yahboom_rosmaster_navigation/share/yahboom_rosmaster_navigation/hook/cmake_prefix_path.ps1'
[8.380s] INFO:colcon.colcon_core.shell:Creating environment descriptor '/home/mo/yahboom_ws/install/yahboom_rosmaster_navigation/share/yahboom_rosmaster_navigation/hook/cmake_prefix_path.dsv'
[8.381s] INFO:colcon.colcon_core.shell:Creating environment hook '/home/mo/yahboom_ws/install/yahboom_rosmaster_navigation/share/yahboom_rosmaster_navigation/hook/cmake_prefix_path.sh'
[8.381s] Level 1:colcon.colcon_core.environment:checking '/home/mo/yahboom_ws/install/yahboom_rosmaster_navigation/lib'
[8.381s] Level 1:colcon.colcon_core.environment:checking '/home/mo/yahboom_ws/install/yahboom_rosmaster_navigation/bin'
[8.382s] Level 1:colcon.colcon_core.environment:checking '/home/mo/yahboom_ws/install/yahboom_rosmaster_navigation/lib/pkgconfig/yahboom_rosmaster_navigation.pc'
[8.382s] Level 1:colcon.colcon_core.environment:checking '/home/mo/yahboom_ws/install/yahboom_rosmaster_navigation/lib/python3.10/site-packages'
[8.382s] Level 1:colcon.colcon_core.environment:checking '/home/mo/yahboom_ws/install/yahboom_rosmaster_navigation/bin'
[8.383s] INFO:colcon.colcon_core.shell:Creating package script '/home/mo/yahboom_ws/install/yahboom_rosmaster_navigation/share/yahboom_rosmaster_navigation/package.ps1'
[8.383s] INFO:colcon.colcon_core.shell:Creating package descriptor '/home/mo/yahboom_ws/install/yahboom_rosmaster_navigation/share/yahboom_rosmaster_navigation/package.dsv'
[8.384s] INFO:colcon.colcon_core.shell:Creating package script '/home/mo/yahboom_ws/install/yahboom_rosmaster_navigation/share/yahboom_rosmaster_navigation/package.sh'
[8.384s] INFO:colcon.colcon_core.shell:Creating package script '/home/mo/yahboom_ws/install/yahboom_rosmaster_navigation/share/yahboom_rosmaster_navigation/package.bash'
[8.385s] INFO:colcon.colcon_core.shell:Creating package script '/home/mo/yahboom_ws/install/yahboom_rosmaster_navigation/share/yahboom_rosmaster_navigation/package.zsh'
[8.390s] Level 1:colcon.colcon_core.environment:create_file_with_runtime_dependencies(/home/mo/yahboom_ws/install/yahboom_rosmaster_navigation/share/colcon-core/packages/yahboom_rosmaster_navigation)
[8.390s] DEBUG:colcon.colcon_parallel_executor.executor.parallel:closing loop
[8.391s] DEBUG:colcon.colcon_parallel_executor.executor.parallel:loop closed
[8.391s] DEBUG:colcon.colcon_parallel_executor.executor.parallel:run_until_complete finished with '0'
[8.391s] DEBUG:colcon.colcon_core.event_reactor:joining thread
[8.744s] INFO:colcon.colcon_core.plugin_system:Skipping extension 'colcon_notification.desktop_notification.terminal_notifier': Not used on non-Darwin systems
[8.744s] INFO:colcon.colcon_core.plugin_system:Skipping extension 'colcon_notification.desktop_notification.win32': Not used on non-Windows systems
[8.744s] INFO:colcon.colcon_notification.desktop_notification:Sending desktop notification using 'notify2'
[9.073s] DEBUG:colcon.colcon_core.event_reactor:joined thread
[9.073s] INFO:colcon.colcon_core.shell:Creating prefix script '/home/mo/yahboom_ws/install/local_setup.ps1'
[9.094s] INFO:colcon.colcon_core.shell:Creating prefix util module '/home/mo/yahboom_ws/install/_local_setup_util_ps1.py'
[9.102s] INFO:colcon.colcon_core.shell:Creating prefix chain script '/home/mo/yahboom_ws/install/setup.ps1'
[9.143s] INFO:colcon.colcon_core.shell:Creating prefix script '/home/mo/yahboom_ws/install/local_setup.sh'
[9.144s] INFO:colcon.colcon_core.shell:Creating prefix util module '/home/mo/yahboom_ws/install/_local_setup_util_sh.py'
[9.145s] INFO:colcon.colcon_core.shell:Creating prefix chain script '/home/mo/yahboom_ws/install/setup.sh'
[9.183s] INFO:colcon.colcon_core.shell:Creating prefix script '/home/mo/yahboom_ws/install/local_setup.bash'
[9.210s] INFO:colcon.colcon_core.shell:Creating prefix chain script '/home/mo/yahboom_ws/install/setup.bash'
[9.235s] INFO:colcon.colcon_core.shell:Creating prefix script '/home/mo/yahboom_ws/install/local_setup.zsh'
[9.260s] INFO:colcon.colcon_core.shell:Creating prefix chain script '/home/mo/yahboom_ws/install/setup.zsh'
