[35m[1mConsolidate compiler generated dependencies of target yahboom_rosmaster_msgs__rosidl_generator_c[0m
[  2%] Built target yahboom_rosmaster_msgs__cpp
[ 12%] Built target yahboom_rosmaster_msgs__rosidl_generator_c
[ 12%] Built target ament_cmake_python_copy_yahboom_rosmaster_msgs
[35m[1mConsolidate compiler generated dependencies of target yahboom_rosmaster_msgs__rosidl_typesupport_fastrtps_cpp[0m
[35m[1mConsolidate compiler generated dependencies of target yahboom_rosmaster_msgs__rosidl_typesupport_cpp[0m
[35m[1mConsolidate compiler generated dependencies of target yahboom_rosmaster_msgs__rosidl_typesupport_introspection_cpp[0m
[35m[1mConsolidate compiler generated dependencies of target yahboom_rosmaster_msgs__rosidl_typesupport_fastrtps_c[0m
[ 23%] Built target yahboom_rosmaster_msgs__rosidl_typesupport_fastrtps_cpp
[ 33%] Built target yahboom_rosmaster_msgs__rosidl_typesupport_cpp
[35m[1mConsolidate compiler generated dependencies of target yahboom_rosmaster_msgs__rosidl_typesupport_introspection_c[0m
[ 43%] Built target yahboom_rosmaster_msgs__rosidl_typesupport_introspection_cpp
[35m[1mConsolidate compiler generated dependencies of target yahboom_rosmaster_msgs__rosidl_typesupport_c[0m
[ 53%] Built target yahboom_rosmaster_msgs__rosidl_typesupport_fastrtps_c
[ 64%] Built target yahboom_rosmaster_msgs__rosidl_typesupport_introspection_c
[ 74%] Built target yahboom_rosmaster_msgs__rosidl_typesupport_c
[ 74%] Built target yahboom_rosmaster_msgs
[ 76%] Built target yahboom_rosmaster_msgs__py
[35m[1mConsolidate compiler generated dependencies of target yahboom_rosmaster_msgs__rosidl_generator_py[0m
[ 84%] Built target yahboom_rosmaster_msgs__rosidl_generator_py
[35m[1mConsolidate compiler generated dependencies of target yahboom_rosmaster_msgs__rosidl_typesupport_introspection_c__pyext[0m
[35m[1mConsolidate compiler generated dependencies of target yahboom_rosmaster_msgs__rosidl_typesupport_fastrtps_c__pyext[0m
[35m[1mConsolidate compiler generated dependencies of target yahboom_rosmaster_msgs__rosidl_typesupport_c__pyext[0m
[ 89%] Built target yahboom_rosmaster_msgs__rosidl_typesupport_introspection_c__pyext
[ 94%] Built target yahboom_rosmaster_msgs__rosidl_typesupport_fastrtps_c__pyext
[100%] Built target yahboom_rosmaster_msgs__rosidl_typesupport_c__pyext
running egg_info
writing yahboom_rosmaster_msgs.egg-info/PKG-INFO
writing dependency_links to yahboom_rosmaster_msgs.egg-info/dependency_links.txt
writing top-level names to yahboom_rosmaster_msgs.egg-info/top_level.txt
reading manifest file 'yahboom_rosmaster_msgs.egg-info/SOURCES.txt'
writing manifest file 'yahboom_rosmaster_msgs.egg-info/SOURCES.txt'
[100%] Built target ament_cmake_python_build_yahboom_rosmaster_msgs_egg
-- Install configuration: ""
-- Installing: /home/mo/yahboom_ws/install/yahboom_rosmaster_msgs/share/ament_index/resource_index/rosidl_interfaces/yahboom_rosmaster_msgs
-- Installing: /home/mo/yahboom_ws/install/yahboom_rosmaster_msgs/include/yahboom_rosmaster_msgs/yahboom_rosmaster_msgs
-- Installing: /home/mo/yahboom_ws/install/yahboom_rosmaster_msgs/include/yahboom_rosmaster_msgs/yahboom_rosmaster_msgs/srv
-- Installing: /home/mo/yahboom_ws/install/yahboom_rosmaster_msgs/include/yahboom_rosmaster_msgs/yahboom_rosmaster_msgs/srv/detail
-- Installing: /home/mo/yahboom_ws/install/yahboom_rosmaster_msgs/include/yahboom_rosmaster_msgs/yahboom_rosmaster_msgs/srv/detail/set_cleaning_state__functions.c
-- Installing: /home/mo/yahboom_ws/install/yahboom_rosmaster_msgs/include/yahboom_rosmaster_msgs/yahboom_rosmaster_msgs/srv/detail/set_cleaning_state__struct.h
-- Installing: /home/mo/yahboom_ws/install/yahboom_rosmaster_msgs/include/yahboom_rosmaster_msgs/yahboom_rosmaster_msgs/srv/detail/set_cleaning_state__functions.h
-- Installing: /home/mo/yahboom_ws/install/yahboom_rosmaster_msgs/include/yahboom_rosmaster_msgs/yahboom_rosmaster_msgs/srv/detail/set_cleaning_state__type_support.h
-- Installing: /home/mo/yahboom_ws/install/yahboom_rosmaster_msgs/include/yahboom_rosmaster_msgs/yahboom_rosmaster_msgs/srv/set_cleaning_state.h
-- Installing: /home/mo/yahboom_ws/install/yahboom_rosmaster_msgs/include/yahboom_rosmaster_msgs/yahboom_rosmaster_msgs/action
-- Installing: /home/mo/yahboom_ws/install/yahboom_rosmaster_msgs/include/yahboom_rosmaster_msgs/yahboom_rosmaster_msgs/action/detail
-- Installing: /home/mo/yahboom_ws/install/yahboom_rosmaster_msgs/include/yahboom_rosmaster_msgs/yahboom_rosmaster_msgs/action/detail/timed_rotation__functions.h
-- Installing: /home/mo/yahboom_ws/install/yahboom_rosmaster_msgs/include/yahboom_rosmaster_msgs/yahboom_rosmaster_msgs/action/detail/timed_rotation__struct.h
-- Installing: /home/mo/yahboom_ws/install/yahboom_rosmaster_msgs/include/yahboom_rosmaster_msgs/yahboom_rosmaster_msgs/action/detail/timed_rotation__type_support.h
-- Installing: /home/mo/yahboom_ws/install/yahboom_rosmaster_msgs/include/yahboom_rosmaster_msgs/yahboom_rosmaster_msgs/action/detail/timed_rotation__functions.c
-- Installing: /home/mo/yahboom_ws/install/yahboom_rosmaster_msgs/include/yahboom_rosmaster_msgs/yahboom_rosmaster_msgs/action/timed_rotation.h
-- Installing: /home/mo/yahboom_ws/install/yahboom_rosmaster_msgs/include/yahboom_rosmaster_msgs/yahboom_rosmaster_msgs/msg
-- Installing: /home/mo/yahboom_ws/install/yahboom_rosmaster_msgs/include/yahboom_rosmaster_msgs/yahboom_rosmaster_msgs/msg/rosidl_generator_c__visibility_control.h
-- Installing: /home/mo/yahboom_ws/install/yahboom_rosmaster_msgs/share/yahboom_rosmaster_msgs/environment/library_path.sh
-- Installing: /home/mo/yahboom_ws/install/yahboom_rosmaster_msgs/share/yahboom_rosmaster_msgs/environment/library_path.dsv
-- Installing: /home/mo/yahboom_ws/install/yahboom_rosmaster_msgs/lib/libyahboom_rosmaster_msgs__rosidl_generator_c.so
-- Set runtime path of "/home/mo/yahboom_ws/install/yahboom_rosmaster_msgs/lib/libyahboom_rosmaster_msgs__rosidl_generator_c.so" to ""
-- Up-to-date: /home/mo/yahboom_ws/install/yahboom_rosmaster_msgs/include/yahboom_rosmaster_msgs/yahboom_rosmaster_msgs
-- Up-to-date: /home/mo/yahboom_ws/install/yahboom_rosmaster_msgs/include/yahboom_rosmaster_msgs/yahboom_rosmaster_msgs/srv
-- Up-to-date: /home/mo/yahboom_ws/install/yahboom_rosmaster_msgs/include/yahboom_rosmaster_msgs/yahboom_rosmaster_msgs/srv/detail
-- Installing: /home/mo/yahboom_ws/install/yahboom_rosmaster_msgs/include/yahboom_rosmaster_msgs/yahboom_rosmaster_msgs/srv/detail/set_cleaning_state__rosidl_typesupport_fastrtps_c.h
-- Up-to-date: /home/mo/yahboom_ws/install/yahboom_rosmaster_msgs/include/yahboom_rosmaster_msgs/yahboom_rosmaster_msgs/action
-- Up-to-date: /home/mo/yahboom_ws/install/yahboom_rosmaster_msgs/include/yahboom_rosmaster_msgs/yahboom_rosmaster_msgs/action/detail
-- Installing: /home/mo/yahboom_ws/install/yahboom_rosmaster_msgs/include/yahboom_rosmaster_msgs/yahboom_rosmaster_msgs/action/detail/timed_rotation__rosidl_typesupport_fastrtps_c.h
-- Up-to-date: /home/mo/yahboom_ws/install/yahboom_rosmaster_msgs/include/yahboom_rosmaster_msgs/yahboom_rosmaster_msgs/msg
-- Installing: /home/mo/yahboom_ws/install/yahboom_rosmaster_msgs/include/yahboom_rosmaster_msgs/yahboom_rosmaster_msgs/msg/rosidl_typesupport_fastrtps_c__visibility_control.h
-- Installing: /home/mo/yahboom_ws/install/yahboom_rosmaster_msgs/lib/libyahboom_rosmaster_msgs__rosidl_typesupport_fastrtps_c.so
-- Set runtime path of "/home/mo/yahboom_ws/install/yahboom_rosmaster_msgs/lib/libyahboom_rosmaster_msgs__rosidl_typesupport_fastrtps_c.so" to ""
-- Up-to-date: /home/mo/yahboom_ws/install/yahboom_rosmaster_msgs/include/yahboom_rosmaster_msgs/yahboom_rosmaster_msgs
-- Up-to-date: /home/mo/yahboom_ws/install/yahboom_rosmaster_msgs/include/yahboom_rosmaster_msgs/yahboom_rosmaster_msgs/srv
-- Up-to-date: /home/mo/yahboom_ws/install/yahboom_rosmaster_msgs/include/yahboom_rosmaster_msgs/yahboom_rosmaster_msgs/srv/detail
-- Installing: /home/mo/yahboom_ws/install/yahboom_rosmaster_msgs/include/yahboom_rosmaster_msgs/yahboom_rosmaster_msgs/srv/detail/set_cleaning_state__rosidl_typesupport_introspection_c.h
-- Installing: /home/mo/yahboom_ws/install/yahboom_rosmaster_msgs/include/yahboom_rosmaster_msgs/yahboom_rosmaster_msgs/srv/detail/set_cleaning_state__type_support.c
-- Up-to-date: /home/mo/yahboom_ws/install/yahboom_rosmaster_msgs/include/yahboom_rosmaster_msgs/yahboom_rosmaster_msgs/action
-- Up-to-date: /home/mo/yahboom_ws/install/yahboom_rosmaster_msgs/include/yahboom_rosmaster_msgs/yahboom_rosmaster_msgs/action/detail
-- Installing: /home/mo/yahboom_ws/install/yahboom_rosmaster_msgs/include/yahboom_rosmaster_msgs/yahboom_rosmaster_msgs/action/detail/timed_rotation__type_support.c
-- Installing: /home/mo/yahboom_ws/install/yahboom_rosmaster_msgs/include/yahboom_rosmaster_msgs/yahboom_rosmaster_msgs/action/detail/timed_rotation__rosidl_typesupport_introspection_c.h
-- Up-to-date: /home/mo/yahboom_ws/install/yahboom_rosmaster_msgs/include/yahboom_rosmaster_msgs/yahboom_rosmaster_msgs/msg
-- Installing: /home/mo/yahboom_ws/install/yahboom_rosmaster_msgs/include/yahboom_rosmaster_msgs/yahboom_rosmaster_msgs/msg/rosidl_typesupport_introspection_c__visibility_control.h
-- Installing: /home/mo/yahboom_ws/install/yahboom_rosmaster_msgs/lib/libyahboom_rosmaster_msgs__rosidl_typesupport_introspection_c.so
-- Set runtime path of "/home/mo/yahboom_ws/install/yahboom_rosmaster_msgs/lib/libyahboom_rosmaster_msgs__rosidl_typesupport_introspection_c.so" to ""
-- Installing: /home/mo/yahboom_ws/install/yahboom_rosmaster_msgs/lib/libyahboom_rosmaster_msgs__rosidl_typesupport_c.so
-- Set runtime path of "/home/mo/yahboom_ws/install/yahboom_rosmaster_msgs/lib/libyahboom_rosmaster_msgs__rosidl_typesupport_c.so" to ""
-- Up-to-date: /home/mo/yahboom_ws/install/yahboom_rosmaster_msgs/include/yahboom_rosmaster_msgs/yahboom_rosmaster_msgs
-- Up-to-date: /home/mo/yahboom_ws/install/yahboom_rosmaster_msgs/include/yahboom_rosmaster_msgs/yahboom_rosmaster_msgs/srv
-- Up-to-date: /home/mo/yahboom_ws/install/yahboom_rosmaster_msgs/include/yahboom_rosmaster_msgs/yahboom_rosmaster_msgs/srv/detail
-- Installing: /home/mo/yahboom_ws/install/yahboom_rosmaster_msgs/include/yahboom_rosmaster_msgs/yahboom_rosmaster_msgs/srv/detail/set_cleaning_state__builder.hpp
-- Installing: /home/mo/yahboom_ws/install/yahboom_rosmaster_msgs/include/yahboom_rosmaster_msgs/yahboom_rosmaster_msgs/srv/detail/set_cleaning_state__traits.hpp
-- Installing: /home/mo/yahboom_ws/install/yahboom_rosmaster_msgs/include/yahboom_rosmaster_msgs/yahboom_rosmaster_msgs/srv/detail/set_cleaning_state__struct.hpp
-- Installing: /home/mo/yahboom_ws/install/yahboom_rosmaster_msgs/include/yahboom_rosmaster_msgs/yahboom_rosmaster_msgs/srv/detail/set_cleaning_state__type_support.hpp
-- Installing: /home/mo/yahboom_ws/install/yahboom_rosmaster_msgs/include/yahboom_rosmaster_msgs/yahboom_rosmaster_msgs/srv/set_cleaning_state.hpp
-- Up-to-date: /home/mo/yahboom_ws/install/yahboom_rosmaster_msgs/include/yahboom_rosmaster_msgs/yahboom_rosmaster_msgs/action
-- Up-to-date: /home/mo/yahboom_ws/install/yahboom_rosmaster_msgs/include/yahboom_rosmaster_msgs/yahboom_rosmaster_msgs/action/detail
-- Installing: /home/mo/yahboom_ws/install/yahboom_rosmaster_msgs/include/yahboom_rosmaster_msgs/yahboom_rosmaster_msgs/action/detail/timed_rotation__struct.hpp
-- Installing: /home/mo/yahboom_ws/install/yahboom_rosmaster_msgs/include/yahboom_rosmaster_msgs/yahboom_rosmaster_msgs/action/detail/timed_rotation__traits.hpp
-- Installing: /home/mo/yahboom_ws/install/yahboom_rosmaster_msgs/include/yahboom_rosmaster_msgs/yahboom_rosmaster_msgs/action/detail/timed_rotation__type_support.hpp
-- Installing: /home/mo/yahboom_ws/install/yahboom_rosmaster_msgs/include/yahboom_rosmaster_msgs/yahboom_rosmaster_msgs/action/detail/timed_rotation__builder.hpp
-- Installing: /home/mo/yahboom_ws/install/yahboom_rosmaster_msgs/include/yahboom_rosmaster_msgs/yahboom_rosmaster_msgs/action/timed_rotation.hpp
-- Up-to-date: /home/mo/yahboom_ws/install/yahboom_rosmaster_msgs/include/yahboom_rosmaster_msgs/yahboom_rosmaster_msgs/msg
-- Installing: /home/mo/yahboom_ws/install/yahboom_rosmaster_msgs/include/yahboom_rosmaster_msgs/yahboom_rosmaster_msgs/msg/rosidl_generator_cpp__visibility_control.hpp
-- Up-to-date: /home/mo/yahboom_ws/install/yahboom_rosmaster_msgs/include/yahboom_rosmaster_msgs/yahboom_rosmaster_msgs
-- Up-to-date: /home/mo/yahboom_ws/install/yahboom_rosmaster_msgs/include/yahboom_rosmaster_msgs/yahboom_rosmaster_msgs/srv
-- Up-to-date: /home/mo/yahboom_ws/install/yahboom_rosmaster_msgs/include/yahboom_rosmaster_msgs/yahboom_rosmaster_msgs/srv/detail
-- Installing: /home/mo/yahboom_ws/install/yahboom_rosmaster_msgs/include/yahboom_rosmaster_msgs/yahboom_rosmaster_msgs/srv/detail/dds_fastrtps
-- Installing: /home/mo/yahboom_ws/install/yahboom_rosmaster_msgs/include/yahboom_rosmaster_msgs/yahboom_rosmaster_msgs/srv/detail/set_cleaning_state__rosidl_typesupport_fastrtps_cpp.hpp
-- Up-to-date: /home/mo/yahboom_ws/install/yahboom_rosmaster_msgs/include/yahboom_rosmaster_msgs/yahboom_rosmaster_msgs/action
-- Up-to-date: /home/mo/yahboom_ws/install/yahboom_rosmaster_msgs/include/yahboom_rosmaster_msgs/yahboom_rosmaster_msgs/action/detail
-- Installing: /home/mo/yahboom_ws/install/yahboom_rosmaster_msgs/include/yahboom_rosmaster_msgs/yahboom_rosmaster_msgs/action/detail/dds_fastrtps
-- Installing: /home/mo/yahboom_ws/install/yahboom_rosmaster_msgs/include/yahboom_rosmaster_msgs/yahboom_rosmaster_msgs/action/detail/timed_rotation__rosidl_typesupport_fastrtps_cpp.hpp
-- Up-to-date: /home/mo/yahboom_ws/install/yahboom_rosmaster_msgs/include/yahboom_rosmaster_msgs/yahboom_rosmaster_msgs/msg
-- Installing: /home/mo/yahboom_ws/install/yahboom_rosmaster_msgs/include/yahboom_rosmaster_msgs/yahboom_rosmaster_msgs/msg/rosidl_typesupport_fastrtps_cpp__visibility_control.h
-- Installing: /home/mo/yahboom_ws/install/yahboom_rosmaster_msgs/lib/libyahboom_rosmaster_msgs__rosidl_typesupport_fastrtps_cpp.so
-- Set runtime path of "/home/mo/yahboom_ws/install/yahboom_rosmaster_msgs/lib/libyahboom_rosmaster_msgs__rosidl_typesupport_fastrtps_cpp.so" to ""
-- Up-to-date: /home/mo/yahboom_ws/install/yahboom_rosmaster_msgs/include/yahboom_rosmaster_msgs/yahboom_rosmaster_msgs
-- Up-to-date: /home/mo/yahboom_ws/install/yahboom_rosmaster_msgs/include/yahboom_rosmaster_msgs/yahboom_rosmaster_msgs/srv
-- Up-to-date: /home/mo/yahboom_ws/install/yahboom_rosmaster_msgs/include/yahboom_rosmaster_msgs/yahboom_rosmaster_msgs/srv/detail
-- Installing: /home/mo/yahboom_ws/install/yahboom_rosmaster_msgs/include/yahboom_rosmaster_msgs/yahboom_rosmaster_msgs/srv/detail/set_cleaning_state__type_support.cpp
-- Installing: /home/mo/yahboom_ws/install/yahboom_rosmaster_msgs/include/yahboom_rosmaster_msgs/yahboom_rosmaster_msgs/srv/detail/set_cleaning_state__rosidl_typesupport_introspection_cpp.hpp
-- Up-to-date: /home/mo/yahboom_ws/install/yahboom_rosmaster_msgs/include/yahboom_rosmaster_msgs/yahboom_rosmaster_msgs/action
-- Up-to-date: /home/mo/yahboom_ws/install/yahboom_rosmaster_msgs/include/yahboom_rosmaster_msgs/yahboom_rosmaster_msgs/action/detail
-- Installing: /home/mo/yahboom_ws/install/yahboom_rosmaster_msgs/include/yahboom_rosmaster_msgs/yahboom_rosmaster_msgs/action/detail/timed_rotation__rosidl_typesupport_introspection_cpp.hpp
-- Installing: /home/mo/yahboom_ws/install/yahboom_rosmaster_msgs/include/yahboom_rosmaster_msgs/yahboom_rosmaster_msgs/action/detail/timed_rotation__type_support.cpp
-- Installing: /home/mo/yahboom_ws/install/yahboom_rosmaster_msgs/lib/libyahboom_rosmaster_msgs__rosidl_typesupport_introspection_cpp.so
-- Set runtime path of "/home/mo/yahboom_ws/install/yahboom_rosmaster_msgs/lib/libyahboom_rosmaster_msgs__rosidl_typesupport_introspection_cpp.so" to ""
-- Installing: /home/mo/yahboom_ws/install/yahboom_rosmaster_msgs/lib/libyahboom_rosmaster_msgs__rosidl_typesupport_cpp.so
-- Set runtime path of "/home/mo/yahboom_ws/install/yahboom_rosmaster_msgs/lib/libyahboom_rosmaster_msgs__rosidl_typesupport_cpp.so" to ""
-- Installing: /home/mo/yahboom_ws/install/yahboom_rosmaster_msgs/share/yahboom_rosmaster_msgs/environment/pythonpath.sh
-- Installing: /home/mo/yahboom_ws/install/yahboom_rosmaster_msgs/share/yahboom_rosmaster_msgs/environment/pythonpath.dsv
-- Installing: /home/mo/yahboom_ws/install/yahboom_rosmaster_msgs/local/lib/python3.10/dist-packages/yahboom_rosmaster_msgs-0.0.0-py3.10.egg-info
-- Installing: /home/mo/yahboom_ws/install/yahboom_rosmaster_msgs/local/lib/python3.10/dist-packages/yahboom_rosmaster_msgs-0.0.0-py3.10.egg-info/SOURCES.txt
-- Installing: /home/mo/yahboom_ws/install/yahboom_rosmaster_msgs/local/lib/python3.10/dist-packages/yahboom_rosmaster_msgs-0.0.0-py3.10.egg-info/dependency_links.txt
-- Installing: /home/mo/yahboom_ws/install/yahboom_rosmaster_msgs/local/lib/python3.10/dist-packages/yahboom_rosmaster_msgs-0.0.0-py3.10.egg-info/PKG-INFO
-- Installing: /home/mo/yahboom_ws/install/yahboom_rosmaster_msgs/local/lib/python3.10/dist-packages/yahboom_rosmaster_msgs-0.0.0-py3.10.egg-info/top_level.txt
-- Installing: /home/mo/yahboom_ws/install/yahboom_rosmaster_msgs/local/lib/python3.10/dist-packages/yahboom_rosmaster_msgs
-- Installing: /home/mo/yahboom_ws/install/yahboom_rosmaster_msgs/local/lib/python3.10/dist-packages/yahboom_rosmaster_msgs/libyahboom_rosmaster_msgs__rosidl_generator_py.so
-- Installing: /home/mo/yahboom_ws/install/yahboom_rosmaster_msgs/local/lib/python3.10/dist-packages/yahboom_rosmaster_msgs/__init__.py
-- Installing: /home/mo/yahboom_ws/install/yahboom_rosmaster_msgs/local/lib/python3.10/dist-packages/yahboom_rosmaster_msgs/_yahboom_rosmaster_msgs_s.ep.rosidl_typesupport_c.c
-- Installing: /home/mo/yahboom_ws/install/yahboom_rosmaster_msgs/local/lib/python3.10/dist-packages/yahboom_rosmaster_msgs/srv
-- Installing: /home/mo/yahboom_ws/install/yahboom_rosmaster_msgs/local/lib/python3.10/dist-packages/yahboom_rosmaster_msgs/srv/__init__.py
-- Installing: /home/mo/yahboom_ws/install/yahboom_rosmaster_msgs/local/lib/python3.10/dist-packages/yahboom_rosmaster_msgs/srv/_set_cleaning_state.py
-- Installing: /home/mo/yahboom_ws/install/yahboom_rosmaster_msgs/local/lib/python3.10/dist-packages/yahboom_rosmaster_msgs/srv/_set_cleaning_state_s.c
-- Installing: /home/mo/yahboom_ws/install/yahboom_rosmaster_msgs/local/lib/python3.10/dist-packages/yahboom_rosmaster_msgs/action
-- Installing: /home/mo/yahboom_ws/install/yahboom_rosmaster_msgs/local/lib/python3.10/dist-packages/yahboom_rosmaster_msgs/action/__init__.py
-- Installing: /home/mo/yahboom_ws/install/yahboom_rosmaster_msgs/local/lib/python3.10/dist-packages/yahboom_rosmaster_msgs/action/_timed_rotation_s.c
-- Installing: /home/mo/yahboom_ws/install/yahboom_rosmaster_msgs/local/lib/python3.10/dist-packages/yahboom_rosmaster_msgs/action/_timed_rotation.py
-- Installing: /home/mo/yahboom_ws/install/yahboom_rosmaster_msgs/local/lib/python3.10/dist-packages/yahboom_rosmaster_msgs/yahboom_rosmaster_msgs_s__rosidl_typesupport_fastrtps_c.cpython-310-x86_64-linux-gnu.so
-- Installing: /home/mo/yahboom_ws/install/yahboom_rosmaster_msgs/local/lib/python3.10/dist-packages/yahboom_rosmaster_msgs/yahboom_rosmaster_msgs_s__rosidl_typesupport_c.cpython-310-x86_64-linux-gnu.so
-- Installing: /home/mo/yahboom_ws/install/yahboom_rosmaster_msgs/local/lib/python3.10/dist-packages/yahboom_rosmaster_msgs/yahboom_rosmaster_msgs_s__rosidl_typesupport_introspection_c.cpython-310-x86_64-linux-gnu.so
-- Installing: /home/mo/yahboom_ws/install/yahboom_rosmaster_msgs/local/lib/python3.10/dist-packages/yahboom_rosmaster_msgs/_yahboom_rosmaster_msgs_s.ep.rosidl_typesupport_fastrtps_c.c
-- Installing: /home/mo/yahboom_ws/install/yahboom_rosmaster_msgs/local/lib/python3.10/dist-packages/yahboom_rosmaster_msgs/_yahboom_rosmaster_msgs_s.ep.rosidl_typesupport_introspection_c.c
Listing '/home/mo/yahboom_ws/install/yahboom_rosmaster_msgs/local/lib/python3.10/dist-packages/yahboom_rosmaster_msgs'...
Compiling '/home/mo/yahboom_ws/install/yahboom_rosmaster_msgs/local/lib/python3.10/dist-packages/yahboom_rosmaster_msgs/__init__.py'...
Listing '/home/mo/yahboom_ws/install/yahboom_rosmaster_msgs/local/lib/python3.10/dist-packages/yahboom_rosmaster_msgs/action'...
Compiling '/home/mo/yahboom_ws/install/yahboom_rosmaster_msgs/local/lib/python3.10/dist-packages/yahboom_rosmaster_msgs/action/__init__.py'...
Compiling '/home/mo/yahboom_ws/install/yahboom_rosmaster_msgs/local/lib/python3.10/dist-packages/yahboom_rosmaster_msgs/action/_timed_rotation.py'...
Listing '/home/mo/yahboom_ws/install/yahboom_rosmaster_msgs/local/lib/python3.10/dist-packages/yahboom_rosmaster_msgs/srv'...
Compiling '/home/mo/yahboom_ws/install/yahboom_rosmaster_msgs/local/lib/python3.10/dist-packages/yahboom_rosmaster_msgs/srv/__init__.py'...
Compiling '/home/mo/yahboom_ws/install/yahboom_rosmaster_msgs/local/lib/python3.10/dist-packages/yahboom_rosmaster_msgs/srv/_set_cleaning_state.py'...
-- Installing: /home/mo/yahboom_ws/install/yahboom_rosmaster_msgs/local/lib/python3.10/dist-packages/yahboom_rosmaster_msgs/yahboom_rosmaster_msgs_s__rosidl_typesupport_fastrtps_c.cpython-310-x86_64-linux-gnu.so
-- Set runtime path of "/home/mo/yahboom_ws/install/yahboom_rosmaster_msgs/local/lib/python3.10/dist-packages/yahboom_rosmaster_msgs/yahboom_rosmaster_msgs_s__rosidl_typesupport_fastrtps_c.cpython-310-x86_64-linux-gnu.so" to ""
-- Installing: /home/mo/yahboom_ws/install/yahboom_rosmaster_msgs/local/lib/python3.10/dist-packages/yahboom_rosmaster_msgs/yahboom_rosmaster_msgs_s__rosidl_typesupport_introspection_c.cpython-310-x86_64-linux-gnu.so
-- Set runtime path of "/home/mo/yahboom_ws/install/yahboom_rosmaster_msgs/local/lib/python3.10/dist-packages/yahboom_rosmaster_msgs/yahboom_rosmaster_msgs_s__rosidl_typesupport_introspection_c.cpython-310-x86_64-linux-gnu.so" to ""
-- Installing: /home/mo/yahboom_ws/install/yahboom_rosmaster_msgs/local/lib/python3.10/dist-packages/yahboom_rosmaster_msgs/yahboom_rosmaster_msgs_s__rosidl_typesupport_c.cpython-310-x86_64-linux-gnu.so
-- Set runtime path of "/home/mo/yahboom_ws/install/yahboom_rosmaster_msgs/local/lib/python3.10/dist-packages/yahboom_rosmaster_msgs/yahboom_rosmaster_msgs_s__rosidl_typesupport_c.cpython-310-x86_64-linux-gnu.so" to ""
-- Installing: /home/mo/yahboom_ws/install/yahboom_rosmaster_msgs/lib/libyahboom_rosmaster_msgs__rosidl_generator_py.so
-- Set runtime path of "/home/mo/yahboom_ws/install/yahboom_rosmaster_msgs/lib/libyahboom_rosmaster_msgs__rosidl_generator_py.so" to ""
-- Installing: /home/mo/yahboom_ws/install/yahboom_rosmaster_msgs/share/yahboom_rosmaster_msgs/action/TimedRotation.idl
-- Installing: /home/mo/yahboom_ws/install/yahboom_rosmaster_msgs/share/yahboom_rosmaster_msgs/srv/SetCleaningState.idl
-- Installing: /home/mo/yahboom_ws/install/yahboom_rosmaster_msgs/share/yahboom_rosmaster_msgs/action/TimedRotation.action
-- Installing: /home/mo/yahboom_ws/install/yahboom_rosmaster_msgs/share/yahboom_rosmaster_msgs/srv/SetCleaningState.srv
-- Installing: /home/mo/yahboom_ws/install/yahboom_rosmaster_msgs/share/yahboom_rosmaster_msgs/srv/SetCleaningState_Request.msg
-- Installing: /home/mo/yahboom_ws/install/yahboom_rosmaster_msgs/share/yahboom_rosmaster_msgs/srv/SetCleaningState_Response.msg
-- Installing: /home/mo/yahboom_ws/install/yahboom_rosmaster_msgs/share/ament_index/resource_index/package_run_dependencies/yahboom_rosmaster_msgs
-- Installing: /home/mo/yahboom_ws/install/yahboom_rosmaster_msgs/share/ament_index/resource_index/parent_prefix_path/yahboom_rosmaster_msgs
-- Installing: /home/mo/yahboom_ws/install/yahboom_rosmaster_msgs/share/yahboom_rosmaster_msgs/environment/ament_prefix_path.sh
-- Installing: /home/mo/yahboom_ws/install/yahboom_rosmaster_msgs/share/yahboom_rosmaster_msgs/environment/ament_prefix_path.dsv
-- Installing: /home/mo/yahboom_ws/install/yahboom_rosmaster_msgs/share/yahboom_rosmaster_msgs/environment/path.sh
-- Installing: /home/mo/yahboom_ws/install/yahboom_rosmaster_msgs/share/yahboom_rosmaster_msgs/environment/path.dsv
-- Installing: /home/mo/yahboom_ws/install/yahboom_rosmaster_msgs/share/yahboom_rosmaster_msgs/local_setup.bash
-- Installing: /home/mo/yahboom_ws/install/yahboom_rosmaster_msgs/share/yahboom_rosmaster_msgs/local_setup.sh
-- Installing: /home/mo/yahboom_ws/install/yahboom_rosmaster_msgs/share/yahboom_rosmaster_msgs/local_setup.zsh
-- Installing: /home/mo/yahboom_ws/install/yahboom_rosmaster_msgs/share/yahboom_rosmaster_msgs/local_setup.dsv
-- Installing: /home/mo/yahboom_ws/install/yahboom_rosmaster_msgs/share/yahboom_rosmaster_msgs/package.dsv
-- Installing: /home/mo/yahboom_ws/install/yahboom_rosmaster_msgs/share/ament_index/resource_index/packages/yahboom_rosmaster_msgs
-- Installing: /home/mo/yahboom_ws/install/yahboom_rosmaster_msgs/share/yahboom_rosmaster_msgs/cmake/export_yahboom_rosmaster_msgs__rosidl_generator_cExport.cmake
-- Installing: /home/mo/yahboom_ws/install/yahboom_rosmaster_msgs/share/yahboom_rosmaster_msgs/cmake/export_yahboom_rosmaster_msgs__rosidl_generator_cExport-noconfig.cmake
-- Installing: /home/mo/yahboom_ws/install/yahboom_rosmaster_msgs/share/yahboom_rosmaster_msgs/cmake/export_yahboom_rosmaster_msgs__rosidl_typesupport_fastrtps_cExport.cmake
-- Installing: /home/mo/yahboom_ws/install/yahboom_rosmaster_msgs/share/yahboom_rosmaster_msgs/cmake/export_yahboom_rosmaster_msgs__rosidl_typesupport_fastrtps_cExport-noconfig.cmake
-- Installing: /home/mo/yahboom_ws/install/yahboom_rosmaster_msgs/share/yahboom_rosmaster_msgs/cmake/yahboom_rosmaster_msgs__rosidl_typesupport_introspection_cExport.cmake
-- Installing: /home/mo/yahboom_ws/install/yahboom_rosmaster_msgs/share/yahboom_rosmaster_msgs/cmake/yahboom_rosmaster_msgs__rosidl_typesupport_introspection_cExport-noconfig.cmake
-- Installing: /home/mo/yahboom_ws/install/yahboom_rosmaster_msgs/share/yahboom_rosmaster_msgs/cmake/yahboom_rosmaster_msgs__rosidl_typesupport_cExport.cmake
-- Installing: /home/mo/yahboom_ws/install/yahboom_rosmaster_msgs/share/yahboom_rosmaster_msgs/cmake/yahboom_rosmaster_msgs__rosidl_typesupport_cExport-noconfig.cmake
-- Installing: /home/mo/yahboom_ws/install/yahboom_rosmaster_msgs/share/yahboom_rosmaster_msgs/cmake/export_yahboom_rosmaster_msgs__rosidl_generator_cppExport.cmake
-- Installing: /home/mo/yahboom_ws/install/yahboom_rosmaster_msgs/share/yahboom_rosmaster_msgs/cmake/export_yahboom_rosmaster_msgs__rosidl_typesupport_fastrtps_cppExport.cmake
-- Installing: /home/mo/yahboom_ws/install/yahboom_rosmaster_msgs/share/yahboom_rosmaster_msgs/cmake/export_yahboom_rosmaster_msgs__rosidl_typesupport_fastrtps_cppExport-noconfig.cmake
-- Installing: /home/mo/yahboom_ws/install/yahboom_rosmaster_msgs/share/yahboom_rosmaster_msgs/cmake/yahboom_rosmaster_msgs__rosidl_typesupport_introspection_cppExport.cmake
-- Installing: /home/mo/yahboom_ws/install/yahboom_rosmaster_msgs/share/yahboom_rosmaster_msgs/cmake/yahboom_rosmaster_msgs__rosidl_typesupport_introspection_cppExport-noconfig.cmake
-- Installing: /home/mo/yahboom_ws/install/yahboom_rosmaster_msgs/share/yahboom_rosmaster_msgs/cmake/yahboom_rosmaster_msgs__rosidl_typesupport_cppExport.cmake
-- Installing: /home/mo/yahboom_ws/install/yahboom_rosmaster_msgs/share/yahboom_rosmaster_msgs/cmake/yahboom_rosmaster_msgs__rosidl_typesupport_cppExport-noconfig.cmake
-- Installing: /home/mo/yahboom_ws/install/yahboom_rosmaster_msgs/share/yahboom_rosmaster_msgs/cmake/export_yahboom_rosmaster_msgs__rosidl_generator_pyExport.cmake
-- Installing: /home/mo/yahboom_ws/install/yahboom_rosmaster_msgs/share/yahboom_rosmaster_msgs/cmake/export_yahboom_rosmaster_msgs__rosidl_generator_pyExport-noconfig.cmake
-- Installing: /home/mo/yahboom_ws/install/yahboom_rosmaster_msgs/share/yahboom_rosmaster_msgs/cmake/rosidl_cmake-extras.cmake
-- Installing: /home/mo/yahboom_ws/install/yahboom_rosmaster_msgs/share/yahboom_rosmaster_msgs/cmake/ament_cmake_export_dependencies-extras.cmake
-- Installing: /home/mo/yahboom_ws/install/yahboom_rosmaster_msgs/share/yahboom_rosmaster_msgs/cmake/ament_cmake_export_include_directories-extras.cmake
-- Installing: /home/mo/yahboom_ws/install/yahboom_rosmaster_msgs/share/yahboom_rosmaster_msgs/cmake/ament_cmake_export_libraries-extras.cmake
-- Installing: /home/mo/yahboom_ws/install/yahboom_rosmaster_msgs/share/yahboom_rosmaster_msgs/cmake/ament_cmake_export_targets-extras.cmake
-- Installing: /home/mo/yahboom_ws/install/yahboom_rosmaster_msgs/share/yahboom_rosmaster_msgs/cmake/rosidl_cmake_export_typesupport_targets-extras.cmake
-- Installing: /home/mo/yahboom_ws/install/yahboom_rosmaster_msgs/share/yahboom_rosmaster_msgs/cmake/rosidl_cmake_export_typesupport_libraries-extras.cmake
-- Installing: /home/mo/yahboom_ws/install/yahboom_rosmaster_msgs/share/yahboom_rosmaster_msgs/cmake/yahboom_rosmaster_msgsConfig.cmake
-- Installing: /home/mo/yahboom_ws/install/yahboom_rosmaster_msgs/share/yahboom_rosmaster_msgs/cmake/yahboom_rosmaster_msgsConfig-version.cmake
-- Installing: /home/mo/yahboom_ws/install/yahboom_rosmaster_msgs/share/yahboom_rosmaster_msgs/package.xml
