[0.030s] Invoking command in '/home/mo/yahboom_ws/build/yahboom_rosmaster_bringup': CMAKE_PREFIX_PATH=${CMAKE_PREFIX_PATH}:/opt/ros/humble /usr/bin/cmake /home/mo/yahboom_ws/src/yahboom_rosmaster/yahboom_rosmaster_bringup -DCMAKE_INSTALL_PREFIX=/home/mo/yahboom_ws/install/yahboom_rosmaster_bringup
[3.394s] -- The C compiler identification is GNU 11.4.0
[4.667s] -- The CXX compiler identification is GNU 11.4.0
[4.733s] -- Detecting C compiler ABI info
[5.104s] -- Detecting C compiler ABI info - done
[5.130s] -- Check for working C compiler: /usr/bin/cc - skipped
[5.137s] -- Detecting C compile features
[5.145s] -- Detecting C compile features - done
[5.209s] -- Detecting CXX compiler ABI info
[5.492s] -- Detecting CXX compiler ABI info - done
[5.509s] -- Check for working CXX compiler: /usr/bin/c++ - skipped
[5.510s] -- Detecting CXX compile features
[5.510s] -- Detecting CXX compile features - done
[6.046s] -- Found ament_cmake: 1.3.13 (/opt/ros/humble/share/ament_cmake/cmake)
[6.682s] -- Found Python3: /usr/bin/python3 (found version "3.10.12") found components: Interpreter 
[7.933s] -- Found ament_lint_auto: 0.12.15 (/opt/ros/humble/share/ament_lint_auto/cmake)
[8.747s] -- Added test 'flake8' to check Python code syntax and style conventions
[8.770s] -- Added test 'lint_cmake' to check CMake code style
[8.781s] -- Added test 'pep257' to check Python code against some of the docstring style conventions in PEP 257
[8.801s] -- Added test 'xmllint' to check XML markup files
[8.834s] -- Configuring done
[8.840s] -- Generating done
[8.845s] -- Build files have been written to: /home/mo/yahboom_ws/build/yahboom_rosmaster_bringup
[8.865s] Invoked command in '/home/mo/yahboom_ws/build/yahboom_rosmaster_bringup' returned '0': CMAKE_PREFIX_PATH=${CMAKE_PREFIX_PATH}:/opt/ros/humble /usr/bin/cmake /home/mo/yahboom_ws/src/yahboom_rosmaster/yahboom_rosmaster_bringup -DCMAKE_INSTALL_PREFIX=/home/mo/yahboom_ws/install/yahboom_rosmaster_bringup
[8.865s] Invoking command in '/home/mo/yahboom_ws/build/yahboom_rosmaster_bringup': CMAKE_PREFIX_PATH=${CMAKE_PREFIX_PATH}:/opt/ros/humble /usr/bin/cmake --build /home/mo/yahboom_ws/build/yahboom_rosmaster_bringup -- -j4 -l4
[8.945s] Invoked command in '/home/mo/yahboom_ws/build/yahboom_rosmaster_bringup' returned '0': CMAKE_PREFIX_PATH=${CMAKE_PREFIX_PATH}:/opt/ros/humble /usr/bin/cmake --build /home/mo/yahboom_ws/build/yahboom_rosmaster_bringup -- -j4 -l4
[8.961s] Invoking command in '/home/mo/yahboom_ws/build/yahboom_rosmaster_bringup': CMAKE_PREFIX_PATH=${CMAKE_PREFIX_PATH}:/opt/ros/humble /usr/bin/cmake --install /home/mo/yahboom_ws/build/yahboom_rosmaster_bringup
[8.981s] -- Install configuration: ""
[8.981s] -- Installing: /home/mo/yahboom_ws/install/yahboom_rosmaster_bringup/share/yahboom_rosmaster_bringup/launch
[8.981s] -- Installing: /home/mo/yahboom_ws/install/yahboom_rosmaster_bringup/share/yahboom_rosmaster_bringup/launch/rosmaster_x3_navigation.launch.py
[8.981s] -- Installing: /home/mo/yahboom_ws/install/yahboom_rosmaster_bringup/share/yahboom_rosmaster_bringup/launch/__pycache__
[8.981s] -- Installing: /home/mo/yahboom_ws/install/yahboom_rosmaster_bringup/share/yahboom_rosmaster_bringup/launch/load_ros2_controllers.launch.py
[8.981s] -- Installing: /home/mo/yahboom_ws/install/yahboom_rosmaster_bringup/share/yahboom_rosmaster_bringup/scripts
[8.981s] -- Installing: /home/mo/yahboom_ws/install/yahboom_rosmaster_bringup/share/yahboom_rosmaster_bringup/scripts/rosmaster_x3_navigation.sh
[8.981s] -- Installing: /home/mo/yahboom_ws/install/yahboom_rosmaster_bringup/share/yahboom_rosmaster_bringup/scripts/rosmaster_x3_gazebo.sh
[9.016s] -- Installing: /home/mo/yahboom_ws/install/yahboom_rosmaster_bringup/share/ament_index/resource_index/package_run_dependencies/yahboom_rosmaster_bringup
[9.016s] -- Installing: /home/mo/yahboom_ws/install/yahboom_rosmaster_bringup/share/ament_index/resource_index/parent_prefix_path/yahboom_rosmaster_bringup
[9.016s] -- Installing: /home/mo/yahboom_ws/install/yahboom_rosmaster_bringup/share/yahboom_rosmaster_bringup/environment/ament_prefix_path.sh
[9.016s] -- Installing: /home/mo/yahboom_ws/install/yahboom_rosmaster_bringup/share/yahboom_rosmaster_bringup/environment/ament_prefix_path.dsv
[9.016s] -- Installing: /home/mo/yahboom_ws/install/yahboom_rosmaster_bringup/share/yahboom_rosmaster_bringup/environment/path.sh
[9.017s] -- Installing: /home/mo/yahboom_ws/install/yahboom_rosmaster_bringup/share/yahboom_rosmaster_bringup/environment/path.dsv
[9.017s] -- Installing: /home/mo/yahboom_ws/install/yahboom_rosmaster_bringup/share/yahboom_rosmaster_bringup/local_setup.bash
[9.017s] -- Installing: /home/mo/yahboom_ws/install/yahboom_rosmaster_bringup/share/yahboom_rosmaster_bringup/local_setup.sh
[9.017s] -- Installing: /home/mo/yahboom_ws/install/yahboom_rosmaster_bringup/share/yahboom_rosmaster_bringup/local_setup.zsh
[9.017s] -- Installing: /home/mo/yahboom_ws/install/yahboom_rosmaster_bringup/share/yahboom_rosmaster_bringup/local_setup.dsv
[9.017s] -- Installing: /home/mo/yahboom_ws/install/yahboom_rosmaster_bringup/share/yahboom_rosmaster_bringup/package.dsv
[9.018s] -- Installing: /home/mo/yahboom_ws/install/yahboom_rosmaster_bringup/share/ament_index/resource_index/packages/yahboom_rosmaster_bringup
[9.018s] -- Installing: /home/mo/yahboom_ws/install/yahboom_rosmaster_bringup/share/yahboom_rosmaster_bringup/cmake/yahboom_rosmaster_bringupConfig.cmake
[9.018s] -- Installing: /home/mo/yahboom_ws/install/yahboom_rosmaster_bringup/share/yahboom_rosmaster_bringup/cmake/yahboom_rosmaster_bringupConfig-version.cmake
[9.018s] -- Installing: /home/mo/yahboom_ws/install/yahboom_rosmaster_bringup/share/yahboom_rosmaster_bringup/package.xml
[9.021s] Invoked command in '/home/mo/yahboom_ws/build/yahboom_rosmaster_bringup' returned '0': CMAKE_PREFIX_PATH=${CMAKE_PREFIX_PATH}:/opt/ros/humble /usr/bin/cmake --install /home/mo/yahboom_ws/build/yahboom_rosmaster_bringup
