-- The C compiler identification is GNU 11.4.0
-- The CXX compiler identification is GNU 11.4.0
-- Detecting C compiler ABI info
-- Detecting C compiler ABI info - done
-- Check for working C compiler: /usr/bin/cc - skipped
-- Detecting C compile features
-- Detecting C compile features - done
-- Detecting CXX compiler ABI info
-- Detecting CXX compiler ABI info - done
-- Check for working CXX compiler: /usr/bin/c++ - skipped
-- Detecting CXX compile features
-- Detecting CXX compile features - done
-- Found ament_cmake: 1.3.13 (/opt/ros/humble/share/ament_cmake/cmake)
-- Found Python3: /usr/bin/python3 (found version "3.10.12") found components: Interpreter 
-- Found rosidl_default_generators: 1.2.0 (/opt/ros/humble/share/rosidl_default_generators/cmake)
-- Using all available rosidl_typesupport_c: rosidl_typesupport_fastrtps_c;rosidl_typesupport_introspection_c
-- Found rosidl_adapter: 3.1.8 (/opt/ros/humble/share/rosidl_adapter/cmake)
-- Using all available rosidl_typesupport_cpp: rosidl_typesupport_fastrtps_cpp;rosidl_typesupport_introspection_cpp
-- Found ament_cmake_ros: 0.10.0 (/opt/ros/humble/share/ament_cmake_ros/cmake)
-- Using all available rosidl_typesupport_c: rosidl_typesupport_fastrtps_c;rosidl_typesupport_introspection_c
-- Using all available rosidl_typesupport_cpp: rosidl_typesupport_fastrtps_cpp;rosidl_typesupport_introspection_cpp
-- Found PythonInterp: /usr/bin/python3 (found suitable version "3.10.12", minimum required is "3.6") 
-- Found python_cmake_module: 0.10.0 (/opt/ros/humble/share/python_cmake_module/cmake)
-- Found PythonLibs: /usr/lib/x86_64-linux-gnu/libpython3.10.so (found suitable version "3.10.12", minimum required is "3.5") 
-- Using PYTHON_EXECUTABLE: /usr/bin/python3
-- Using PYTHON_INCLUDE_DIRS: /usr/include/python3.10
-- Using PYTHON_LIBRARIES: /usr/lib/x86_64-linux-gnu/libpython3.10.so
-- Found PythonExtra: .so  
-- Found ament_lint_auto: 0.12.15 (/opt/ros/humble/share/ament_lint_auto/cmake)
-- Added test 'lint_cmake' to check CMake code style
-- Added test 'xmllint' to check XML markup files
-- Configuring done
-- Generating done
-- Build files have been written to: /home/mo/yahboom_ws/build/yahboom_rosmaster_msgs
[  2%] [34m[1mGenerating C++ code for ROS interfaces[0m
[  2%] Built target yahboom_rosmaster_msgs__cpp
[  2%] Built target ament_cmake_python_copy_yahboom_rosmaster_msgs
[  5%] [34m[1mGenerating C++ type support for eProsima Fast-RTPS[0m
[  7%] [32mBuilding CXX object CMakeFiles/yahboom_rosmaster_msgs__rosidl_typesupport_fastrtps_cpp.dir/rosidl_typesupport_fastrtps_cpp/yahboom_rosmaster_msgs/action/detail/dds_fastrtps/timed_rotation__type_support.cpp.o[0m
[ 10%] [32mBuilding CXX object CMakeFiles/yahboom_rosmaster_msgs__rosidl_typesupport_fastrtps_cpp.dir/rosidl_typesupport_fastrtps_cpp/yahboom_rosmaster_msgs/srv/detail/dds_fastrtps/set_cleaning_state__type_support.cpp.o[0m
[ 12%] [32m[1mLinking CXX shared library libyahboom_rosmaster_msgs__rosidl_typesupport_fastrtps_cpp.so[0m
[ 12%] Built target yahboom_rosmaster_msgs__rosidl_typesupport_fastrtps_cpp
[ 15%] [34m[1mGenerating C++ introspection for ROS interfaces[0m
[ 17%] [32mBuilding CXX object CMakeFiles/yahboom_rosmaster_msgs__rosidl_typesupport_introspection_cpp.dir/rosidl_typesupport_introspection_cpp/yahboom_rosmaster_msgs/action/detail/timed_rotation__type_support.cpp.o[0m
[ 20%] [32mBuilding CXX object CMakeFiles/yahboom_rosmaster_msgs__rosidl_typesupport_introspection_cpp.dir/rosidl_typesupport_introspection_cpp/yahboom_rosmaster_msgs/srv/detail/set_cleaning_state__type_support.cpp.o[0m
[ 23%] [32m[1mLinking CXX shared library libyahboom_rosmaster_msgs__rosidl_typesupport_introspection_cpp.so[0m
[ 23%] Built target yahboom_rosmaster_msgs__rosidl_typesupport_introspection_cpp
running egg_info
creating yahboom_rosmaster_msgs.egg-info
writing yahboom_rosmaster_msgs.egg-info/PKG-INFO
writing dependency_links to yahboom_rosmaster_msgs.egg-info/dependency_links.txt
writing top-level names to yahboom_rosmaster_msgs.egg-info/top_level.txt
writing manifest file 'yahboom_rosmaster_msgs.egg-info/SOURCES.txt'
reading manifest file 'yahboom_rosmaster_msgs.egg-info/SOURCES.txt'
writing manifest file 'yahboom_rosmaster_msgs.egg-info/SOURCES.txt'
[ 23%] Built target ament_cmake_python_build_yahboom_rosmaster_msgs_egg
[ 25%] [34m[1mGenerating C++ type support dispatch for ROS interfaces[0m
[ 28%] [32mBuilding CXX object CMakeFiles/yahboom_rosmaster_msgs__rosidl_typesupport_cpp.dir/rosidl_typesupport_cpp/yahboom_rosmaster_msgs/action/timed_rotation__type_support.cpp.o[0m
[ 30%] [32mBuilding CXX object CMakeFiles/yahboom_rosmaster_msgs__rosidl_typesupport_cpp.dir/rosidl_typesupport_cpp/yahboom_rosmaster_msgs/srv/set_cleaning_state__type_support.cpp.o[0m
[ 33%] [32m[1mLinking CXX shared library libyahboom_rosmaster_msgs__rosidl_typesupport_cpp.so[0m
[ 33%] Built target yahboom_rosmaster_msgs__rosidl_typesupport_cpp
[ 35%] [34m[1mGenerating C code for ROS interfaces[0m
[ 38%] [32mBuilding C object CMakeFiles/yahboom_rosmaster_msgs__rosidl_generator_c.dir/rosidl_generator_c/yahboom_rosmaster_msgs/action/detail/timed_rotation__functions.c.o[0m
[ 41%] [32mBuilding C object CMakeFiles/yahboom_rosmaster_msgs__rosidl_generator_c.dir/rosidl_generator_c/yahboom_rosmaster_msgs/srv/detail/set_cleaning_state__functions.c.o[0m
[ 43%] [32m[1mLinking C shared library libyahboom_rosmaster_msgs__rosidl_generator_c.so[0m
[ 43%] Built target yahboom_rosmaster_msgs__rosidl_generator_c
[ 46%] [34m[1mGenerating C type support for eProsima Fast-RTPS[0m
[ 48%] [32mBuilding CXX object CMakeFiles/yahboom_rosmaster_msgs__rosidl_typesupport_fastrtps_c.dir/rosidl_typesupport_fastrtps_c/yahboom_rosmaster_msgs/action/detail/timed_rotation__type_support_c.cpp.o[0m
[ 51%] [32mBuilding CXX object CMakeFiles/yahboom_rosmaster_msgs__rosidl_typesupport_fastrtps_c.dir/rosidl_typesupport_fastrtps_c/yahboom_rosmaster_msgs/srv/detail/set_cleaning_state__type_support_c.cpp.o[0m
[ 53%] [32m[1mLinking CXX shared library libyahboom_rosmaster_msgs__rosidl_typesupport_fastrtps_c.so[0m
[ 53%] Built target yahboom_rosmaster_msgs__rosidl_typesupport_fastrtps_c
[ 56%] [34m[1mGenerating C type support dispatch for ROS interfaces[0m
[ 58%] [32mBuilding CXX object CMakeFiles/yahboom_rosmaster_msgs__rosidl_typesupport_c.dir/rosidl_typesupport_c/yahboom_rosmaster_msgs/action/timed_rotation__type_support.cpp.o[0m
[ 61%] [32mBuilding CXX object CMakeFiles/yahboom_rosmaster_msgs__rosidl_typesupport_c.dir/rosidl_typesupport_c/yahboom_rosmaster_msgs/srv/set_cleaning_state__type_support.cpp.o[0m
[ 64%] [32m[1mLinking CXX shared library libyahboom_rosmaster_msgs__rosidl_typesupport_c.so[0m
[ 64%] Built target yahboom_rosmaster_msgs__rosidl_typesupport_c
[ 66%] [34m[1mGenerating C introspection for ROS interfaces[0m
[ 69%] [32mBuilding C object CMakeFiles/yahboom_rosmaster_msgs__rosidl_typesupport_introspection_c.dir/rosidl_typesupport_introspection_c/yahboom_rosmaster_msgs/action/detail/timed_rotation__type_support.c.o[0m
[ 71%] [32mBuilding C object CMakeFiles/yahboom_rosmaster_msgs__rosidl_typesupport_introspection_c.dir/rosidl_typesupport_introspection_c/yahboom_rosmaster_msgs/srv/detail/set_cleaning_state__type_support.c.o[0m
[ 74%] [32m[1mLinking C shared library libyahboom_rosmaster_msgs__rosidl_typesupport_introspection_c.so[0m
[ 74%] Built target yahboom_rosmaster_msgs__rosidl_typesupport_introspection_c
[ 74%] Built target yahboom_rosmaster_msgs
[ 76%] [34m[1mGenerating Python code for ROS interfaces[0m
[ 76%] Built target yahboom_rosmaster_msgs__py
[ 79%] [32mBuilding C object CMakeFiles/yahboom_rosmaster_msgs__rosidl_generator_py.dir/rosidl_generator_py/yahboom_rosmaster_msgs/action/_timed_rotation_s.c.o[0m
[ 82%] [32mBuilding C object CMakeFiles/yahboom_rosmaster_msgs__rosidl_generator_py.dir/rosidl_generator_py/yahboom_rosmaster_msgs/srv/_set_cleaning_state_s.c.o[0m
[ 84%] [32m[1mLinking C shared library rosidl_generator_py/yahboom_rosmaster_msgs/libyahboom_rosmaster_msgs__rosidl_generator_py.so[0m
[ 84%] Built target yahboom_rosmaster_msgs__rosidl_generator_py
[ 87%] [32mBuilding C object CMakeFiles/yahboom_rosmaster_msgs__rosidl_typesupport_fastrtps_c__pyext.dir/rosidl_generator_py/yahboom_rosmaster_msgs/_yahboom_rosmaster_msgs_s.ep.rosidl_typesupport_fastrtps_c.c.o[0m
[ 89%] [32m[1mLinking C shared library rosidl_generator_py/yahboom_rosmaster_msgs/yahboom_rosmaster_msgs_s__rosidl_typesupport_fastrtps_c.cpython-310-x86_64-linux-gnu.so[0m
[ 89%] Built target yahboom_rosmaster_msgs__rosidl_typesupport_fastrtps_c__pyext
[ 92%] [32mBuilding C object CMakeFiles/yahboom_rosmaster_msgs__rosidl_typesupport_c__pyext.dir/rosidl_generator_py/yahboom_rosmaster_msgs/_yahboom_rosmaster_msgs_s.ep.rosidl_typesupport_c.c.o[0m
[ 94%] [32m[1mLinking C shared library rosidl_generator_py/yahboom_rosmaster_msgs/yahboom_rosmaster_msgs_s__rosidl_typesupport_c.cpython-310-x86_64-linux-gnu.so[0m
[ 94%] Built target yahboom_rosmaster_msgs__rosidl_typesupport_c__pyext
[ 97%] [32mBuilding C object CMakeFiles/yahboom_rosmaster_msgs__rosidl_typesupport_introspection_c__pyext.dir/rosidl_generator_py/yahboom_rosmaster_msgs/_yahboom_rosmaster_msgs_s.ep.rosidl_typesupport_introspection_c.c.o[0m
[100%] [32m[1mLinking C shared library rosidl_generator_py/yahboom_rosmaster_msgs/yahboom_rosmaster_msgs_s__rosidl_typesupport_introspection_c.cpython-310-x86_64-linux-gnu.so[0m
[100%] Built target yahboom_rosmaster_msgs__rosidl_typesupport_introspection_c__pyext
