-- Found ament_cmake: 1.3.13 (/opt/ros/humble/share/ament_cmake/cmake)
-- Found geometry_msgs: 4.9.1 (/opt/ros/humble/share/geometry_msgs/cmake)
-- Found rosidl_generator_c: 3.1.8 (/opt/ros/humble/share/rosidl_generator_c/cmake)
-- Found rosidl_adapter: 3.1.8 (/opt/ros/humble/share/rosidl_adapter/cmake)
-- Found rosidl_generator_cpp: 3.1.8 (/opt/ros/humble/share/rosidl_generator_cpp/cmake)
-- Using all available rosidl_typesupport_c: rosidl_typesupport_fastrtps_c;rosidl_typesupport_introspection_c
-- Using all available rosidl_typesupport_cpp: rosidl_typesupport_fastrtps_cpp;rosidl_typesupport_introspection_cpp
-- Found rclcpp: 16.0.18 (/opt/ros/humble/share/rclcpp/cmake)
-- Found rmw_implementation_cmake: 6.1.2 (/opt/ros/humble/share/rmw_implementation_cmake/cmake)
-- Found rmw_fastrtps_cpp: 6.2.10 (/opt/ros/humble/share/rmw_fastrtps_cpp/cmake)
-- Using RMW implementation 'rmw_fastrtps_cpp' as default
-- Found rclpy: 3.3.20 (/opt/ros/humble/share/rclpy/cmake)
-- Found apriltag_ros: 3.3.0 (/opt/ros/humble/share/apriltag_ros/cmake)
-- Found apriltag_msgs: 2.0.1 (/opt/ros/humble/share/apriltag_msgs/cmake)
-- Found image_proc: 3.0.9 (/opt/ros/humble/share/image_proc/cmake)
-- Found tf2_ros: 0.25.19 (/opt/ros/humble/share/tf2_ros/cmake)
-- Found ament_lint_auto: 0.12.15 (/opt/ros/humble/share/ament_lint_auto/cmake)
-- Added test 'cppcheck' to perform static code analysis on C / C++ code
-- Configured cppcheck include dirs: 
-- Configured cppcheck exclude dirs and/or files: 
-- Added test 'flake8' to check Python code syntax and style conventions
-- Added test 'lint_cmake' to check CMake code style
-- Added test 'pep257' to check Python code against some of the docstring style conventions in PEP 257
-- Added test 'uncrustify' to check C / C++ code style
-- Configured uncrustify additional arguments: 
-- Added test 'xmllint' to check XML markup files
-- Configuring done
-- Generating done
-- Build files have been written to: /home/mo/yahboom_ws/build/yahboom_rosmaster_docking
[ 50%] [32mBuilding CXX object CMakeFiles/detected_dock_pose_publisher.dir/src/detected_dock_pose_publisher.cpp.o[0m
[100%] [32m[1mLinking CXX executable detected_dock_pose_publisher[0m
[100%] Built target detected_dock_pose_publisher
-- Install configuration: ""
-- Installing: /home/mo/yahboom_ws/install/yahboom_rosmaster_docking/lib/yahboom_rosmaster_docking/detected_dock_pose_publisher
-- Set runtime path of "/home/mo/yahboom_ws/install/yahboom_rosmaster_docking/lib/yahboom_rosmaster_docking/detected_dock_pose_publisher" to ""
-- Installing: /home/mo/yahboom_ws/install/yahboom_rosmaster_docking/share/yahboom_rosmaster_docking/config
-- Installing: /home/mo/yahboom_ws/install/yahboom_rosmaster_docking/share/yahboom_rosmaster_docking/config/dock_database.yaml
-- Installing: /home/mo/yahboom_ws/install/yahboom_rosmaster_docking/share/yahboom_rosmaster_docking/config/apriltags_36h11.yaml
-- Installing: /home/mo/yahboom_ws/install/yahboom_rosmaster_docking/share/yahboom_rosmaster_docking/launch
-- Installing: /home/mo/yahboom_ws/install/yahboom_rosmaster_docking/share/yahboom_rosmaster_docking/launch/apriltag_dock_pose_publisher.launch.py
-- Installing: /home/mo/yahboom_ws/install/yahboom_rosmaster_docking/share/ament_index/resource_index/package_run_dependencies/yahboom_rosmaster_docking
-- Installing: /home/mo/yahboom_ws/install/yahboom_rosmaster_docking/share/ament_index/resource_index/parent_prefix_path/yahboom_rosmaster_docking
-- Installing: /home/mo/yahboom_ws/install/yahboom_rosmaster_docking/share/yahboom_rosmaster_docking/environment/ament_prefix_path.sh
-- Installing: /home/mo/yahboom_ws/install/yahboom_rosmaster_docking/share/yahboom_rosmaster_docking/environment/ament_prefix_path.dsv
-- Installing: /home/mo/yahboom_ws/install/yahboom_rosmaster_docking/share/yahboom_rosmaster_docking/environment/path.sh
-- Installing: /home/mo/yahboom_ws/install/yahboom_rosmaster_docking/share/yahboom_rosmaster_docking/environment/path.dsv
-- Installing: /home/mo/yahboom_ws/install/yahboom_rosmaster_docking/share/yahboom_rosmaster_docking/local_setup.bash
-- Installing: /home/mo/yahboom_ws/install/yahboom_rosmaster_docking/share/yahboom_rosmaster_docking/local_setup.sh
-- Installing: /home/mo/yahboom_ws/install/yahboom_rosmaster_docking/share/yahboom_rosmaster_docking/local_setup.zsh
-- Installing: /home/mo/yahboom_ws/install/yahboom_rosmaster_docking/share/yahboom_rosmaster_docking/local_setup.dsv
-- Installing: /home/mo/yahboom_ws/install/yahboom_rosmaster_docking/share/yahboom_rosmaster_docking/package.dsv
-- Installing: /home/mo/yahboom_ws/install/yahboom_rosmaster_docking/share/ament_index/resource_index/packages/yahboom_rosmaster_docking
-- Installing: /home/mo/yahboom_ws/install/yahboom_rosmaster_docking/share/yahboom_rosmaster_docking/cmake/yahboom_rosmaster_dockingConfig.cmake
-- Installing: /home/mo/yahboom_ws/install/yahboom_rosmaster_docking/share/yahboom_rosmaster_docking/cmake/yahboom_rosmaster_dockingConfig-version.cmake
-- Installing: /home/mo/yahboom_ws/install/yahboom_rosmaster_docking/share/yahboom_rosmaster_docking/package.xml
