[0.028s] Invoking command in '/home/mo/yahboom_ws/build/yahboom_rosmaster_docking': CMAKE_PREFIX_PATH=${CMAKE_PREFIX_PATH}:/opt/ros/humble /usr/bin/cmake /home/mo/yahboom_ws/src/yahboom_rosmaster/yahboom_rosmaster_docking -DCMAKE_INSTALL_PREFIX=/home/mo/yahboom_ws/install/yahboom_rosmaster_docking
[0.039s] -- Found ament_cmake: 1.3.13 (/opt/ros/humble/share/ament_cmake/cmake)
[0.354s] -- Found geometry_msgs: 4.9.1 (/opt/ros/humble/share/geometry_msgs/cmake)
[0.417s] -- Found rosidl_generator_c: 3.1.8 (/opt/ros/humble/share/rosidl_generator_c/cmake)
[0.418s] -- Found rosidl_adapter: 3.1.8 (/opt/ros/humble/share/rosidl_adapter/cmake)
[0.423s] -- Found rosidl_generator_cpp: 3.1.8 (/opt/ros/humble/share/rosidl_generator_cpp/cmake)
[0.439s] -- Using all available rosidl_typesupport_c: rosidl_typesupport_fastrtps_c;rosidl_typesupport_introspection_c
[0.458s] -- Using all available rosidl_typesupport_cpp: rosidl_typesupport_fastrtps_cpp;rosidl_typesupport_introspection_cpp
[0.515s] -- Found rclcpp: 16.0.18 (/opt/ros/humble/share/rclcpp/cmake)
[0.553s] -- Found rmw_implementation_cmake: 6.1.2 (/opt/ros/humble/share/rmw_implementation_cmake/cmake)
[0.555s] -- Found rmw_fastrtps_cpp: 6.2.10 (/opt/ros/humble/share/rmw_fastrtps_cpp/cmake)
[0.715s] -- Using RMW implementation 'rmw_fastrtps_cpp' as default
[0.781s] -- Found rclpy: 3.3.20 (/opt/ros/humble/share/rclpy/cmake)
[0.781s] -- Found apriltag_ros: 3.3.0 (/opt/ros/humble/share/apriltag_ros/cmake)
[0.781s] -- Found apriltag_msgs: 2.0.1 (/opt/ros/humble/share/apriltag_msgs/cmake)
[0.811s] -- Found image_proc: 3.0.9 (/opt/ros/humble/share/image_proc/cmake)
[1.558s] -- Found tf2_ros: 0.25.19 (/opt/ros/humble/share/tf2_ros/cmake)
[1.648s] -- Found ament_lint_auto: 0.12.15 (/opt/ros/humble/share/ament_lint_auto/cmake)
[1.747s] -- Added test 'cppcheck' to perform static code analysis on C / C++ code
[1.748s] -- Configured cppcheck include dirs: 
[1.748s] -- Configured cppcheck exclude dirs and/or files: 
[1.748s] -- Added test 'flake8' to check Python code syntax and style conventions
[1.750s] -- Added test 'lint_cmake' to check CMake code style
[1.750s] -- Added test 'pep257' to check Python code against some of the docstring style conventions in PEP 257
[1.752s] -- Added test 'uncrustify' to check C / C++ code style
[1.752s] -- Configured uncrustify additional arguments: 
[1.753s] -- Added test 'xmllint' to check XML markup files
[1.754s] -- Configuring done
[1.768s] -- Generating done
[1.784s] -- Build files have been written to: /home/mo/yahboom_ws/build/yahboom_rosmaster_docking
[1.794s] Invoked command in '/home/mo/yahboom_ws/build/yahboom_rosmaster_docking' returned '0': CMAKE_PREFIX_PATH=${CMAKE_PREFIX_PATH}:/opt/ros/humble /usr/bin/cmake /home/mo/yahboom_ws/src/yahboom_rosmaster/yahboom_rosmaster_docking -DCMAKE_INSTALL_PREFIX=/home/mo/yahboom_ws/install/yahboom_rosmaster_docking
[1.798s] Invoking command in '/home/mo/yahboom_ws/build/yahboom_rosmaster_docking': CMAKE_PREFIX_PATH=${CMAKE_PREFIX_PATH}:/opt/ros/humble /usr/bin/cmake --build /home/mo/yahboom_ws/build/yahboom_rosmaster_docking -- -j4 -l4
[1.859s] [ 50%] [32mBuilding CXX object CMakeFiles/detected_dock_pose_publisher.dir/src/detected_dock_pose_publisher.cpp.o[0m
[22.556s] [100%] [32m[1mLinking CXX executable detected_dock_pose_publisher[0m
[23.782s] [100%] Built target detected_dock_pose_publisher
[23.835s] Invoked command in '/home/mo/yahboom_ws/build/yahboom_rosmaster_docking' returned '0': CMAKE_PREFIX_PATH=${CMAKE_PREFIX_PATH}:/opt/ros/humble /usr/bin/cmake --build /home/mo/yahboom_ws/build/yahboom_rosmaster_docking -- -j4 -l4
[23.835s] Invoking command in '/home/mo/yahboom_ws/build/yahboom_rosmaster_docking': CMAKE_PREFIX_PATH=${CMAKE_PREFIX_PATH}:/opt/ros/humble /usr/bin/cmake --install /home/mo/yahboom_ws/build/yahboom_rosmaster_docking
[23.847s] -- Install configuration: ""
[23.847s] -- Installing: /home/mo/yahboom_ws/install/yahboom_rosmaster_docking/lib/yahboom_rosmaster_docking/detected_dock_pose_publisher
[23.850s] -- Set runtime path of "/home/mo/yahboom_ws/install/yahboom_rosmaster_docking/lib/yahboom_rosmaster_docking/detected_dock_pose_publisher" to ""
[23.850s] -- Installing: /home/mo/yahboom_ws/install/yahboom_rosmaster_docking/share/yahboom_rosmaster_docking/config
[23.856s] -- Installing: /home/mo/yahboom_ws/install/yahboom_rosmaster_docking/share/yahboom_rosmaster_docking/config/dock_database.yaml
[23.857s] -- Installing: /home/mo/yahboom_ws/install/yahboom_rosmaster_docking/share/yahboom_rosmaster_docking/config/apriltags_36h11.yaml
[23.857s] -- Installing: /home/mo/yahboom_ws/install/yahboom_rosmaster_docking/share/yahboom_rosmaster_docking/launch
[23.881s] -- Installing: /home/mo/yahboom_ws/install/yahboom_rosmaster_docking/share/yahboom_rosmaster_docking/launch/apriltag_dock_pose_publisher.launch.py
[23.902s] -- Installing: /home/mo/yahboom_ws/install/yahboom_rosmaster_docking/share/ament_index/resource_index/package_run_dependencies/yahboom_rosmaster_docking
[23.902s] -- Installing: /home/mo/yahboom_ws/install/yahboom_rosmaster_docking/share/ament_index/resource_index/parent_prefix_path/yahboom_rosmaster_docking
[23.902s] -- Installing: /home/mo/yahboom_ws/install/yahboom_rosmaster_docking/share/yahboom_rosmaster_docking/environment/ament_prefix_path.sh
[23.902s] -- Installing: /home/mo/yahboom_ws/install/yahboom_rosmaster_docking/share/yahboom_rosmaster_docking/environment/ament_prefix_path.dsv
[23.902s] -- Installing: /home/mo/yahboom_ws/install/yahboom_rosmaster_docking/share/yahboom_rosmaster_docking/environment/path.sh
[23.907s] -- Installing: /home/mo/yahboom_ws/install/yahboom_rosmaster_docking/share/yahboom_rosmaster_docking/environment/path.dsv
[23.908s] -- Installing: /home/mo/yahboom_ws/install/yahboom_rosmaster_docking/share/yahboom_rosmaster_docking/local_setup.bash
[23.908s] -- Installing: /home/mo/yahboom_ws/install/yahboom_rosmaster_docking/share/yahboom_rosmaster_docking/local_setup.sh
[23.909s] -- Installing: /home/mo/yahboom_ws/install/yahboom_rosmaster_docking/share/yahboom_rosmaster_docking/local_setup.zsh
[23.909s] -- Installing: /home/mo/yahboom_ws/install/yahboom_rosmaster_docking/share/yahboom_rosmaster_docking/local_setup.dsv
[23.910s] -- Installing: /home/mo/yahboom_ws/install/yahboom_rosmaster_docking/share/yahboom_rosmaster_docking/package.dsv
[23.910s] -- Installing: /home/mo/yahboom_ws/install/yahboom_rosmaster_docking/share/ament_index/resource_index/packages/yahboom_rosmaster_docking
[23.911s] -- Installing: /home/mo/yahboom_ws/install/yahboom_rosmaster_docking/share/yahboom_rosmaster_docking/cmake/yahboom_rosmaster_dockingConfig.cmake
[23.911s] -- Installing: /home/mo/yahboom_ws/install/yahboom_rosmaster_docking/share/yahboom_rosmaster_docking/cmake/yahboom_rosmaster_dockingConfig-version.cmake
[23.911s] -- Installing: /home/mo/yahboom_ws/install/yahboom_rosmaster_docking/share/yahboom_rosmaster_docking/package.xml
[23.921s] Invoked command in '/home/mo/yahboom_ws/build/yahboom_rosmaster_docking' returned '0': CMAKE_PREFIX_PATH=${CMAKE_PREFIX_PATH}:/opt/ros/humble /usr/bin/cmake --install /home/mo/yahboom_ws/build/yahboom_rosmaster_docking
