[0.022s] Invoking command in '/home/mo/yahboom_ws/build/yahboom_rosmaster_localization': CMAKE_PREFIX_PATH=${CMAKE_PREFIX_PATH}:/opt/ros/humble /usr/bin/cmake --build /home/mo/yahboom_ws/build/yahboom_rosmaster_localization -- -j4 -l4
[0.132s] Invoked command in '/home/mo/yahboom_ws/build/yahboom_rosmaster_localization' returned '0': CMAKE_PREFIX_PATH=${CMAKE_PREFIX_PATH}:/opt/ros/humble /usr/bin/cmake --build /home/mo/yahboom_ws/build/yahboom_rosmaster_localization -- -j4 -l4
[0.133s] Invoking command in '/home/mo/yahboom_ws/build/yahboom_rosmaster_localization': CMAKE_PREFIX_PATH=${CMAKE_PREFIX_PATH}:/opt/ros/humble /usr/bin/cmake --install /home/mo/yahboom_ws/build/yahboom_rosmaster_localization
[0.142s] -- Install configuration: ""
[0.142s] -- Up-to-date: /home/mo/yahboom_ws/install/yahboom_rosmaster_localization/share/yahboom_rosmaster_localization/config
[0.142s] -- Up-to-date: /home/mo/yahboom_ws/install/yahboom_rosmaster_localization/share/yahboom_rosmaster_localization/config/ekf.yaml
[0.142s] -- Up-to-date: /home/mo/yahboom_ws/install/yahboom_rosmaster_localization/share/yahboom_rosmaster_localization/launch
[0.142s] -- Up-to-date: /home/mo/yahboom_ws/install/yahboom_rosmaster_localization/share/yahboom_rosmaster_localization/launch/ekf_gazebo.launch.py
[0.142s] -- Up-to-date: /home/mo/yahboom_ws/install/yahboom_rosmaster_localization/share/ament_index/resource_index/package_run_dependencies/yahboom_rosmaster_localization
[0.142s] -- Up-to-date: /home/mo/yahboom_ws/install/yahboom_rosmaster_localization/share/ament_index/resource_index/parent_prefix_path/yahboom_rosmaster_localization
[0.142s] -- Up-to-date: /home/mo/yahboom_ws/install/yahboom_rosmaster_localization/share/yahboom_rosmaster_localization/environment/ament_prefix_path.sh
[0.142s] -- Up-to-date: /home/mo/yahboom_ws/install/yahboom_rosmaster_localization/share/yahboom_rosmaster_localization/environment/ament_prefix_path.dsv
[0.143s] -- Up-to-date: /home/mo/yahboom_ws/install/yahboom_rosmaster_localization/share/yahboom_rosmaster_localization/environment/path.sh
[0.143s] -- Up-to-date: /home/mo/yahboom_ws/install/yahboom_rosmaster_localization/share/yahboom_rosmaster_localization/environment/path.dsv
[0.143s] -- Up-to-date: /home/mo/yahboom_ws/install/yahboom_rosmaster_localization/share/yahboom_rosmaster_localization/local_setup.bash
[0.143s] -- Up-to-date: /home/mo/yahboom_ws/install/yahboom_rosmaster_localization/share/yahboom_rosmaster_localization/local_setup.sh
[0.143s] -- Up-to-date: /home/mo/yahboom_ws/install/yahboom_rosmaster_localization/share/yahboom_rosmaster_localization/local_setup.zsh
[0.143s] -- Up-to-date: /home/mo/yahboom_ws/install/yahboom_rosmaster_localization/share/yahboom_rosmaster_localization/local_setup.dsv
[0.144s] -- Up-to-date: /home/mo/yahboom_ws/install/yahboom_rosmaster_localization/share/yahboom_rosmaster_localization/package.dsv
[0.144s] -- Up-to-date: /home/mo/yahboom_ws/install/yahboom_rosmaster_localization/share/ament_index/resource_index/packages/yahboom_rosmaster_localization
[0.144s] -- Up-to-date: /home/mo/yahboom_ws/install/yahboom_rosmaster_localization/share/yahboom_rosmaster_localization/cmake/yahboom_rosmaster_localizationConfig.cmake
[0.144s] -- Up-to-date: /home/mo/yahboom_ws/install/yahboom_rosmaster_localization/share/yahboom_rosmaster_localization/cmake/yahboom_rosmaster_localizationConfig-version.cmake
[0.144s] -- Up-to-date: /home/mo/yahboom_ws/install/yahboom_rosmaster_localization/share/yahboom_rosmaster_localization/package.xml
[0.145s] Invoked command in '/home/mo/yahboom_ws/build/yahboom_rosmaster_localization' returned '0': CMAKE_PREFIX_PATH=${CMAKE_PREFIX_PATH}:/opt/ros/humble /usr/bin/cmake --install /home/mo/yahboom_ws/build/yahboom_rosmaster_localization
