[0.037s] Invoking command in '/home/mo/yahboom_ws/build/yahboom_rosmaster_docking': CMAKE_PREFIX_PATH=${CMAKE_PREFIX_PATH}:/opt/ros/humble /usr/bin/cmake /home/mo/yahboom_ws/src/yahboom_rosmaster/yahboom_rosmaster_docking -DCMAKE_INSTALL_PREFIX=/home/mo/yahboom_ws/install/yahboom_rosmaster_docking
[3.387s] -- The C compiler identification is GNU 11.4.0
[4.675s] -- The CXX compiler identification is GNU 11.4.0
[4.725s] -- Detecting C compiler ABI info
[5.094s] -- Detecting C compiler ABI info - done
[5.110s] -- Check for working C compiler: /usr/bin/cc - skipped
[5.126s] -- Detecting C compile features
[5.135s] -- Detecting C compile features - done
[5.197s] -- Detecting CXX compiler ABI info
[5.457s] -- Detecting CXX compiler ABI info - done
[5.487s] -- Check for working CXX compiler: /usr/bin/c++ - skipped
[5.487s] -- Detecting CXX compile features
[5.491s] -- Detecting CXX compile features - done
[6.036s] -- Found ament_cmake: 1.3.13 (/opt/ros/humble/share/ament_cmake/cmake)
[6.664s] -- Found Python3: /usr/bin/python3 (found version "3.10.12") found components: Interpreter 
[7.923s] -- Found geometry_msgs: 4.9.1 (/opt/ros/humble/share/geometry_msgs/cmake)
[9.155s] -- Found rosidl_generator_c: 3.1.8 (/opt/ros/humble/share/rosidl_generator_c/cmake)
[9.172s] -- Found rosidl_adapter: 3.1.8 (/opt/ros/humble/share/rosidl_adapter/cmake)
[9.269s] -- Found rosidl_generator_cpp: 3.1.8 (/opt/ros/humble/share/rosidl_generator_cpp/cmake)
[9.875s] -- Using all available rosidl_typesupport_c: rosidl_typesupport_fastrtps_c;rosidl_typesupport_introspection_c
[9.907s] -- Using all available rosidl_typesupport_cpp: rosidl_typesupport_fastrtps_cpp;rosidl_typesupport_introspection_cpp
[10.749s] -- Found rclcpp: 16.0.18 (/opt/ros/humble/share/rclcpp/cmake)
[11.897s] -- Found rmw_implementation_cmake: 6.1.2 (/opt/ros/humble/share/rmw_implementation_cmake/cmake)
[12.042s] -- Found rmw_fastrtps_cpp: 6.2.10 (/opt/ros/humble/share/rmw_fastrtps_cpp/cmake)
[13.487s] -- Found OpenSSL: /usr/lib/x86_64-linux-gnu/libcrypto.so (found version "3.0.2")  
[13.604s] -- Found FastRTPS: /opt/ros/humble/include  
[13.712s] -- Using RMW implementation 'rmw_fastrtps_cpp' as default
[14.088s] -- Looking for pthread.h
[14.952s] -- Looking for pthread.h - found
[14.952s] -- Performing Test CMAKE_HAVE_LIBC_PTHREAD
[15.183s] -- Performing Test CMAKE_HAVE_LIBC_PTHREAD - Success
[15.188s] -- Found Threads: TRUE  
[15.590s] -- Found rclpy: 3.3.20 (/opt/ros/humble/share/rclpy/cmake)
[15.741s] -- Found apriltag_ros: 3.3.0 (/opt/ros/humble/share/apriltag_ros/cmake)
[15.838s] -- Found apriltag_msgs: 2.0.1 (/opt/ros/humble/share/apriltag_msgs/cmake)
[16.070s] -- Configuring incomplete, errors occurred!
[16.071s] See also "/home/mo/yahboom_ws/build/yahboom_rosmaster_docking/CMakeFiles/CMakeOutput.log".
[16.072s] [31mCMake Error at CMakeLists.txt:16 (find_package):
[16.073s]   By not providing "Findimage_proc.cmake" in CMAKE_MODULE_PATH this project
[16.073s]   has asked CMake to find a package configuration file provided by
[16.073s]   "image_proc", but CMake did not find one.
[16.074s] 
[16.074s]   Could not find a package configuration file provided by "image_proc" with
[16.074s]   any of the following names:
[16.074s] 
[16.074s]     image_procConfig.cmake
[16.074s]     image_proc-config.cmake
[16.074s] 
[16.074s]   Add the installation prefix of "image_proc" to CMAKE_PREFIX_PATH or set
[16.074s]   "image_proc_DIR" to a directory containing one of the above files.  If
[16.074s]   "image_proc" provides a separate development package or SDK, be sure it has
[16.074s]   been installed.
[16.074s] 
[16.075s] [0m
[16.089s] Invoked command in '/home/mo/yahboom_ws/build/yahboom_rosmaster_docking' returned '1': CMAKE_PREFIX_PATH=${CMAKE_PREFIX_PATH}:/opt/ros/humble /usr/bin/cmake /home/mo/yahboom_ws/src/yahboom_rosmaster/yahboom_rosmaster_docking -DCMAKE_INSTALL_PREFIX=/home/mo/yahboom_ws/install/yahboom_rosmaster_docking
