[0.102s] Invoking command in '/home/mo/yahboom_ws/build/yahboom_rosmaster_navigation': CMAKE_PREFIX_PATH=${CMAKE_PREFIX_PATH}:/opt/ros/humble /usr/bin/cmake --build /home/mo/yahboom_ws/build/yahboom_rosmaster_navigation -- -j4 -l4
[0.748s] [100%] Built target cmd_vel_relay
[0.825s] [100%] Built target ament_cmake_python_copy_yahboom_rosmaster_navigation
[1.167s] running egg_info
[1.168s] writing yahboom_rosmaster_navigation.egg-info/PKG-INFO
[1.169s] writing dependency_links to yahboom_rosmaster_navigation.egg-info/dependency_links.txt
[1.169s] writing top-level names to yahboom_rosmaster_navigation.egg-info/top_level.txt
[1.220s] reading manifest file 'yahboom_rosmaster_navigation.egg-info/SOURCES.txt'
[1.220s] writing manifest file 'yahboom_rosmaster_navigation.egg-info/SOURCES.txt'
[1.264s] [100%] Built target ament_cmake_python_build_yahboom_rosmaster_navigation_egg
[1.278s] Invoked command in '/home/mo/yahboom_ws/build/yahboom_rosmaster_navigation' returned '0': CMAKE_PREFIX_PATH=${CMAKE_PREFIX_PATH}:/opt/ros/humble /usr/bin/cmake --build /home/mo/yahboom_ws/build/yahboom_rosmaster_navigation -- -j4 -l4
[1.316s] Invoking command in '/home/mo/yahboom_ws/build/yahboom_rosmaster_navigation': CMAKE_PREFIX_PATH=${CMAKE_PREFIX_PATH}:/opt/ros/humble /usr/bin/cmake --install /home/mo/yahboom_ws/build/yahboom_rosmaster_navigation
[1.331s] -- Install configuration: ""
[1.354s] -- Up-to-date: /home/mo/yahboom_ws/install/yahboom_rosmaster_navigation/lib/yahboom_rosmaster_navigation/cmd_vel_relay
[1.355s] -- Up-to-date: /home/mo/yahboom_ws/install/yahboom_rosmaster_navigation/share/yahboom_rosmaster_navigation/config
[1.355s] -- Up-to-date: /home/mo/yahboom_ws/install/yahboom_rosmaster_navigation/share/yahboom_rosmaster_navigation/config/rosmaster_x3_nav2_default_params.yaml
[1.356s] -- Up-to-date: /home/mo/yahboom_ws/install/yahboom_rosmaster_navigation/share/yahboom_rosmaster_navigation/config/dock_database.yaml
[1.356s] -- Up-to-date: /home/mo/yahboom_ws/install/yahboom_rosmaster_navigation/share/yahboom_rosmaster_navigation/config/rosmaster_x3_nav2_regulated_pure_pursuit_controller.yaml
[1.356s] -- Up-to-date: /home/mo/yahboom_ws/install/yahboom_rosmaster_navigation/share/yahboom_rosmaster_navigation/maps
[1.356s] -- Up-to-date: /home/mo/yahboom_ws/install/yahboom_rosmaster_navigation/share/yahboom_rosmaster_navigation/maps/cafe_world_map.yaml
[1.356s] -- Up-to-date: /home/mo/yahboom_ws/install/yahboom_rosmaster_navigation/share/yahboom_rosmaster_navigation/maps/current_live_map.png
[1.356s] -- Up-to-date: /home/mo/yahboom_ws/install/yahboom_rosmaster_navigation/share/yahboom_rosmaster_navigation/maps/current_live_map.pgm
[1.356s] -- Up-to-date: /home/mo/yahboom_ws/install/yahboom_rosmaster_navigation/share/yahboom_rosmaster_navigation/maps/current_live_map.yaml
[1.356s] -- Up-to-date: /home/mo/yahboom_ws/install/yahboom_rosmaster_navigation/share/yahboom_rosmaster_navigation/maps/cafe_world_map.pgm
[1.356s] -- Up-to-date: /home/mo/yahboom_ws/install/yahboom_rosmaster_navigation/share/yahboom_rosmaster_navigation/maps/house_world_map.pgm
[1.356s] -- Up-to-date: /home/mo/yahboom_ws/install/yahboom_rosmaster_navigation/share/yahboom_rosmaster_navigation/maps/temp_world_map.png
[1.357s] -- Up-to-date: /home/mo/yahboom_ws/install/yahboom_rosmaster_navigation/share/yahboom_rosmaster_navigation/maps/house_world_map.yaml
[1.357s] -- Up-to-date: /home/mo/yahboom_ws/install/yahboom_rosmaster_navigation/share/yahboom_rosmaster_navigation/maps/temp_world_map.yaml
[1.357s] -- Up-to-date: /home/mo/yahboom_ws/install/yahboom_rosmaster_navigation/share/yahboom_rosmaster_navigation/maps/temp_world_map.pgm
[1.357s] -- Up-to-date: /home/mo/yahboom_ws/install/yahboom_rosmaster_navigation/share/yahboom_rosmaster_navigation/rviz
[1.357s] -- Up-to-date: /home/mo/yahboom_ws/install/yahboom_rosmaster_navigation/share/yahboom_rosmaster_navigation/rviz/nav2_default_view.rviz
[1.358s] -- Up-to-date: /home/mo/yahboom_ws/install/yahboom_rosmaster_navigation/share/yahboom_rosmaster_navigation/rviz/slam_live_view.rviz
[1.358s] -- Up-to-date: /home/mo/yahboom_ws/install/yahboom_rosmaster_navigation/share/yahboom_rosmaster_navigation/environment/pythonpath.sh
[1.358s] -- Up-to-date: /home/mo/yahboom_ws/install/yahboom_rosmaster_navigation/share/yahboom_rosmaster_navigation/environment/pythonpath.dsv
[1.358s] -- Up-to-date: /home/mo/yahboom_ws/install/yahboom_rosmaster_navigation/local/lib/python3.10/dist-packages/yahboom_rosmaster_navigation-0.0.0-py3.10.egg-info
[1.358s] -- Installing: /home/mo/yahboom_ws/install/yahboom_rosmaster_navigation/local/lib/python3.10/dist-packages/yahboom_rosmaster_navigation-0.0.0-py3.10.egg-info/SOURCES.txt
[1.359s] -- Installing: /home/mo/yahboom_ws/install/yahboom_rosmaster_navigation/local/lib/python3.10/dist-packages/yahboom_rosmaster_navigation-0.0.0-py3.10.egg-info/dependency_links.txt
[1.359s] -- Installing: /home/mo/yahboom_ws/install/yahboom_rosmaster_navigation/local/lib/python3.10/dist-packages/yahboom_rosmaster_navigation-0.0.0-py3.10.egg-info/PKG-INFO
[1.359s] -- Installing: /home/mo/yahboom_ws/install/yahboom_rosmaster_navigation/local/lib/python3.10/dist-packages/yahboom_rosmaster_navigation-0.0.0-py3.10.egg-info/top_level.txt
[1.359s] -- Up-to-date: /home/mo/yahboom_ws/install/yahboom_rosmaster_navigation/local/lib/python3.10/dist-packages/yahboom_rosmaster_navigation
[1.359s] -- Up-to-date: /home/mo/yahboom_ws/install/yahboom_rosmaster_navigation/local/lib/python3.10/dist-packages/yahboom_rosmaster_navigation/__init__.py
[1.360s] -- Up-to-date: /home/mo/yahboom_ws/install/yahboom_rosmaster_navigation/local/lib/python3.10/dist-packages/yahboom_rosmaster_navigation/posestamped_msg_generator.py
[1.456s] Listing '/home/mo/yahboom_ws/install/yahboom_rosmaster_navigation/local/lib/python3.10/dist-packages/yahboom_rosmaster_navigation'...
[1.462s] -- Up-to-date: /home/mo/yahboom_ws/install/yahboom_rosmaster_navigation/lib/yahboom_rosmaster_navigation/assisted_teleoperation.py
[1.462s] -- Up-to-date: /home/mo/yahboom_ws/install/yahboom_rosmaster_navigation/lib/yahboom_rosmaster_navigation/frontier_explorer.py
[1.463s] -- Installing: /home/mo/yahboom_ws/install/yahboom_rosmaster_navigation/lib/yahboom_rosmaster_navigation/nav_to_pose.py
[1.463s] -- Up-to-date: /home/mo/yahboom_ws/install/yahboom_rosmaster_navigation/lib/yahboom_rosmaster_navigation/test_nav_to_pose.py
[1.463s] -- Up-to-date: /home/mo/yahboom_ws/install/yahboom_rosmaster_navigation/share/ament_index/resource_index/package_run_dependencies/yahboom_rosmaster_navigation
[1.463s] -- Up-to-date: /home/mo/yahboom_ws/install/yahboom_rosmaster_navigation/share/ament_index/resource_index/parent_prefix_path/yahboom_rosmaster_navigation
[1.463s] -- Up-to-date: /home/mo/yahboom_ws/install/yahboom_rosmaster_navigation/share/yahboom_rosmaster_navigation/environment/ament_prefix_path.sh
[1.464s] -- Up-to-date: /home/mo/yahboom_ws/install/yahboom_rosmaster_navigation/share/yahboom_rosmaster_navigation/environment/ament_prefix_path.dsv
[1.464s] -- Up-to-date: /home/mo/yahboom_ws/install/yahboom_rosmaster_navigation/share/yahboom_rosmaster_navigation/environment/path.sh
[1.465s] -- Up-to-date: /home/mo/yahboom_ws/install/yahboom_rosmaster_navigation/share/yahboom_rosmaster_navigation/environment/path.dsv
[1.467s] -- Up-to-date: /home/mo/yahboom_ws/install/yahboom_rosmaster_navigation/share/yahboom_rosmaster_navigation/local_setup.bash
[1.467s] -- Up-to-date: /home/mo/yahboom_ws/install/yahboom_rosmaster_navigation/share/yahboom_rosmaster_navigation/local_setup.sh
[1.467s] -- Up-to-date: /home/mo/yahboom_ws/install/yahboom_rosmaster_navigation/share/yahboom_rosmaster_navigation/local_setup.zsh
[1.467s] -- Up-to-date: /home/mo/yahboom_ws/install/yahboom_rosmaster_navigation/share/yahboom_rosmaster_navigation/local_setup.dsv
[1.467s] -- Installing: /home/mo/yahboom_ws/install/yahboom_rosmaster_navigation/share/yahboom_rosmaster_navigation/package.dsv
[1.467s] -- Up-to-date: /home/mo/yahboom_ws/install/yahboom_rosmaster_navigation/share/ament_index/resource_index/packages/yahboom_rosmaster_navigation
[1.467s] -- Up-to-date: /home/mo/yahboom_ws/install/yahboom_rosmaster_navigation/share/yahboom_rosmaster_navigation/cmake/yahboom_rosmaster_navigationConfig.cmake
[1.467s] -- Up-to-date: /home/mo/yahboom_ws/install/yahboom_rosmaster_navigation/share/yahboom_rosmaster_navigation/cmake/yahboom_rosmaster_navigationConfig-version.cmake
[1.467s] -- Up-to-date: /home/mo/yahboom_ws/install/yahboom_rosmaster_navigation/share/yahboom_rosmaster_navigation/package.xml
[1.469s] Invoked command in '/home/mo/yahboom_ws/build/yahboom_rosmaster_navigation' returned '0': CMAKE_PREFIX_PATH=${CMAKE_PREFIX_PATH}:/opt/ros/humble /usr/bin/cmake --install /home/mo/yahboom_ws/build/yahboom_rosmaster_navigation
